running develop
running egg_info
creating vision_perception.egg-info
writing vision_perception.egg-info/PKG-INFO
writing dependency_links to vision_perception.egg-info/dependency_links.txt
writing entry points to vision_perception.egg-info/entry_points.txt
writing requirements to vision_perception.egg-info/requires.txt
writing top-level names to vision_perception.egg-info/top_level.txt
writing manifest file 'vision_perception.egg-info/SOURCES.txt'
reading manifest file 'vision_perception.egg-info/SOURCES.txt'
writing manifest file 'vision_perception.egg-info/SOURCES.txt'
running build_ext
Creating /home/mu/IVG2.0/install/vision_perception/lib/python3.10/site-packages/vision-perception.egg-link (link to .)
Installing mediapipe_holistic_node script to /home/mu/IVG2.0/install/vision_perception/lib/vision_perception
Installing video_publisher_node script to /home/mu/IVG2.0/install/vision_perception/lib/vision_perception
Installing yolo_obb_node script to /home/mu/IVG2.0/install/vision_perception/lib/vision_perception

Installed /home/mu/IVG2.0/build/vision_perception
running symlink_data
creating /home/mu/IVG2.0/install/vision_perception/share/ament_index
creating /home/mu/IVG2.0/install/vision_perception/share/ament_index/resource_index
creating /home/mu/IVG2.0/install/vision_perception/share/ament_index/resource_index/packages
symbolically linking /home/mu/IVG2.0/build/vision_perception/resource/vision_perception -> /home/mu/IVG2.0/install/vision_perception/share/ament_index/resource_index/packages
symbolically linking /home/mu/IVG2.0/build/vision_perception/package.xml -> /home/mu/IVG2.0/install/vision_perception/share/vision_perception
creating /home/mu/IVG2.0/install/vision_perception/share/vision_perception/launch
symbolically linking /home/mu/IVG2.0/build/vision_perception/launch/mediapipe_holistic.launch.py -> /home/mu/IVG2.0/install/vision_perception/share/vision_perception/launch
symbolically linking /home/mu/IVG2.0/build/vision_perception/launch/test_video.launch.py -> /home/mu/IVG2.0/install/vision_perception/share/vision_perception/launch
symbolically linking /home/mu/IVG2.0/build/vision_perception/launch/yolo_obb.launch.py -> /home/mu/IVG2.0/install/vision_perception/share/vision_perception/launch
symbolically linking /home/mu/IVG2.0/build/vision_perception/launch/vision_perception.launch.py -> /home/mu/IVG2.0/install/vision_perception/share/vision_perception/launch
creating /home/mu/IVG2.0/install/vision_perception/share/vision_perception/resource
symbolically linking /home/mu/IVG2.0/build/vision_perception/resource/video_新手必学的9款咖啡拉花！_0.mp4 -> /home/mu/IVG2.0/install/vision_perception/share/vision_perception/resource
