[0.391s] Invoking command in '/home/mu/IVG2.0/build/vision_perception': PYTHONPATH=/home/mu/IVG2.0/build/vision_perception/prefix_override:/usr/lib/python3/dist-packages/colcon_core/task/python/colcon_distutils_commands:/home/mu/IVG2.0/install/vision_perception/lib/python3.10/site-packages:${PYTHONPATH} /usr/bin/python3 -W ignore:setup.py install is deprecated -W ignore:easy_install command is deprecated setup.py develop --editable --build-directory /home/mu/IVG2.0/build/vision_perception/build --no-deps symlink_data
[0.562s] running develop
[0.693s] running egg_info
[0.693s] creating vision_perception.egg-info
[0.693s] writing vision_perception.egg-info/PKG-INFO
[0.693s] writing dependency_links to vision_perception.egg-info/dependency_links.txt
[0.693s] writing entry points to vision_perception.egg-info/entry_points.txt
[0.693s] writing requirements to vision_perception.egg-info/requires.txt
[0.693s] writing top-level names to vision_perception.egg-info/top_level.txt
[0.693s] writing manifest file 'vision_perception.egg-info/SOURCES.txt'
[0.694s] reading manifest file 'vision_perception.egg-info/SOURCES.txt'
[0.694s] writing manifest file 'vision_perception.egg-info/SOURCES.txt'
[0.695s] running build_ext
[0.695s] Creating /home/mu/IVG2.0/install/vision_perception/lib/python3.10/site-packages/vision-perception.egg-link (link to .)
[0.696s] Installing mediapipe_holistic_node script to /home/mu/IVG2.0/install/vision_perception/lib/vision_perception
[0.696s] Installing video_publisher_node script to /home/mu/IVG2.0/install/vision_perception/lib/vision_perception
[0.696s] Installing yolo_obb_node script to /home/mu/IVG2.0/install/vision_perception/lib/vision_perception
[0.696s] 
[0.696s] Installed /home/mu/IVG2.0/build/vision_perception
[0.696s] running symlink_data
[0.696s] creating /home/mu/IVG2.0/install/vision_perception/share/ament_index
[0.696s] creating /home/mu/IVG2.0/install/vision_perception/share/ament_index/resource_index
[0.696s] creating /home/mu/IVG2.0/install/vision_perception/share/ament_index/resource_index/packages
[0.696s] symbolically linking /home/mu/IVG2.0/build/vision_perception/resource/vision_perception -> /home/mu/IVG2.0/install/vision_perception/share/ament_index/resource_index/packages
[0.696s] symbolically linking /home/mu/IVG2.0/build/vision_perception/package.xml -> /home/mu/IVG2.0/install/vision_perception/share/vision_perception
[0.696s] creating /home/mu/IVG2.0/install/vision_perception/share/vision_perception/launch
[0.696s] symbolically linking /home/mu/IVG2.0/build/vision_perception/launch/mediapipe_holistic.launch.py -> /home/mu/IVG2.0/install/vision_perception/share/vision_perception/launch
[0.696s] symbolically linking /home/mu/IVG2.0/build/vision_perception/launch/test_video.launch.py -> /home/mu/IVG2.0/install/vision_perception/share/vision_perception/launch
[0.696s] symbolically linking /home/mu/IVG2.0/build/vision_perception/launch/yolo_obb.launch.py -> /home/mu/IVG2.0/install/vision_perception/share/vision_perception/launch
[0.697s] symbolically linking /home/mu/IVG2.0/build/vision_perception/launch/vision_perception.launch.py -> /home/mu/IVG2.0/install/vision_perception/share/vision_perception/launch
[0.697s] creating /home/mu/IVG2.0/install/vision_perception/share/vision_perception/resource
[0.697s] symbolically linking /home/mu/IVG2.0/build/vision_perception/resource/video_新手必学的9款咖啡拉花！_0.mp4 -> /home/mu/IVG2.0/install/vision_perception/share/vision_perception/resource
[0.710s] Invoked command in '/home/mu/IVG2.0/build/vision_perception' returned '0': PYTHONPATH=/home/mu/IVG2.0/build/vision_perception/prefix_override:/usr/lib/python3/dist-packages/colcon_core/task/python/colcon_distutils_commands:/home/mu/IVG2.0/install/vision_perception/lib/python3.10/site-packages:${PYTHONPATH} /usr/bin/python3 -W ignore:setup.py install is deprecated -W ignore:easy_install command is deprecated setup.py develop --editable --build-directory /home/mu/IVG2.0/build/vision_perception/build --no-deps symlink_data
