[INFO] [launch]: All log files can be found below /home/mu/.ros/log/2026-09-09-10-56-01-302444-mu-MS-7E34-103520
[INFO] [launch]: Default logging verbosity is set to INFO

[preflight] 检测到旧实例仍在运行，拒绝重复启动；先清理：
  kill -9 83322  # /opt/ros/jazzy/lib/robot_state_publisher/robot_state_publisher
  kill -9 83327  # /home/mu/ws_moveit/install/moveit_ros_move_group/lib/moveit_ros_move_group/move_group
  kill -9 83331  # /home/mu/Desktop/aubo_e5_jazzy_ws/aubo_py3.12/bin/python
  kill -9 83333  # /home/mu/Desktop/aubo_e5_jazzy_ws/install/peach_manipulation/lib/peach_manipulation/peach_manipulati
  kill -9 83334  # /home/mu/Desktop/aubo_e5_jazzy_ws/aubo_py3.12/bin/python
  kill -9 83335  # /home/mu/Desktop/aubo_e5_jazzy_ws/aubo_py3.12/bin/python
  kill -9 83336  # /home/mu/Desktop/aubo_e5_jazzy_ws/aubo_py3.12/bin/python
  kill -9 83337  # /usr/bin/python3

[ERROR] [launch]: Caught exception in launch (see debug for traceback): 检测到旧实例仍在运行，拒绝重复启动；先清理：
  kill -9 83322  # /opt/ros/jazzy/lib/robot_state_publisher/robot_state_publisher
  kill -9 83327  # /home/mu/ws_moveit/install/moveit_ros_move_group/lib/moveit_ros_move_group/move_group
  kill -9 83331  # /home/mu/Desktop/aubo_e5_jazzy_ws/aubo_py3.12/bin/python
  kill -9 83333  # /home/mu/Desktop/aubo_e5_jazzy_ws/install/peach_manipulation/lib/peach_manipulation/peach_manipulati
  kill -9 83334  # /home/mu/Desktop/aubo_e5_jazzy_ws/aubo_py3.12/bin/python
  kill -9 83335  # /home/mu/Desktop/aubo_e5_jazzy_ws/aubo_py3.12/bin/python
  kill -9 83336  # /home/mu/Desktop/aubo_e5_jazzy_ws/aubo_py3.12/bin/python
  kill -9 83337  # /usr/bin/python3
