running develop
Removing /home/mu/IVG2.0/install/vision_perception/lib/python3.10/site-packages/vision-perception.egg-link (link to .)
running egg_info
writing ../../../build/vision_perception/vision_perception.egg-info/PKG-INFO
writing dependency_links to ../../../build/vision_perception/vision_perception.egg-info/dependency_links.txt
writing entry points to ../../../build/vision_perception/vision_perception.egg-info/entry_points.txt
writing requirements to ../../../build/vision_perception/vision_perception.egg-info/requires.txt
writing top-level names to ../../../build/vision_perception/vision_perception.egg-info/top_level.txt
reading manifest file '../../../build/vision_perception/vision_perception.egg-info/SOURCES.txt'
writing manifest file '../../../build/vision_perception/vision_perception.egg-info/SOURCES.txt'
running build
running build_py
creating /home/mu/IVG2.0/build/vision_perception/build
creating /home/mu/IVG2.0/build/vision_perception/build/lib
creating /home/mu/IVG2.0/build/vision_perception/build/lib/vision_perception
copying vision_perception/yolo_obb_node.py -> /home/mu/IVG2.0/build/vision_perception/build/lib/vision_perception
copying vision_perception/mediapipe_holistic_node.py -> /home/mu/IVG2.0/build/vision_perception/build/lib/vision_perception
copying vision_perception/__init__.py -> /home/mu/IVG2.0/build/vision_perception/build/lib/vision_perception
copying vision_perception/video_publisher_node.py -> /home/mu/IVG2.0/build/vision_perception/build/lib/vision_perception
running install
running install_lib
creating /home/mu/IVG2.0/install/vision_perception/lib/python3.10/site-packages/vision_perception
copying /home/mu/IVG2.0/build/vision_perception/build/lib/vision_perception/yolo_obb_node.py -> /home/mu/IVG2.0/install/vision_perception/lib/python3.10/site-packages/vision_perception
copying /home/mu/IVG2.0/build/vision_perception/build/lib/vision_perception/mediapipe_holistic_node.py -> /home/mu/IVG2.0/install/vision_perception/lib/python3.10/site-packages/vision_perception
copying /home/mu/IVG2.0/build/vision_perception/build/lib/vision_perception/__init__.py -> /home/mu/IVG2.0/install/vision_perception/lib/python3.10/site-packages/vision_perception
copying /home/mu/IVG2.0/build/vision_perception/build/lib/vision_perception/video_publisher_node.py -> /home/mu/IVG2.0/install/vision_perception/lib/python3.10/site-packages/vision_perception
byte-compiling /home/mu/IVG2.0/install/vision_perception/lib/python3.10/site-packages/vision_perception/yolo_obb_node.py to yolo_obb_node.cpython-310.pyc
byte-compiling /home/mu/IVG2.0/install/vision_perception/lib/python3.10/site-packages/vision_perception/mediapipe_holistic_node.py to mediapipe_holistic_node.cpython-310.pyc
byte-compiling /home/mu/IVG2.0/install/vision_perception/lib/python3.10/site-packages/vision_perception/__init__.py to __init__.cpython-310.pyc
byte-compiling /home/mu/IVG2.0/install/vision_perception/lib/python3.10/site-packages/vision_perception/video_publisher_node.py to video_publisher_node.cpython-310.pyc
running install_data
copying resource/vision_perception -> /home/mu/IVG2.0/install/vision_perception/share/ament_index/resource_index/packages
copying package.xml -> /home/mu/IVG2.0/install/vision_perception/share/vision_perception
copying launch/mediapipe_holistic.launch.py -> /home/mu/IVG2.0/install/vision_perception/share/vision_perception/launch
copying launch/test_video.launch.py -> /home/mu/IVG2.0/install/vision_perception/share/vision_perception/launch
copying launch/yolo_obb.launch.py -> /home/mu/IVG2.0/install/vision_perception/share/vision_perception/launch
copying launch/vision_perception.launch.py -> /home/mu/IVG2.0/install/vision_perception/share/vision_perception/launch
copying resource/video_新手咖啡拉花练习顺序_0.mp4 -> /home/mu/IVG2.0/install/vision_perception/share/vision_perception/resource
running install_egg_info
Copying ../../../build/vision_perception/vision_perception.egg-info to /home/mu/IVG2.0/install/vision_perception/lib/python3.10/site-packages/vision_perception-1.0.0-py3.10.egg-info
running install_scripts
Installing mediapipe_holistic_node script to /home/mu/IVG2.0/install/vision_perception/lib/vision_perception
Installing video_publisher_node script to /home/mu/IVG2.0/install/vision_perception/lib/vision_perception
Installing yolo_obb_node script to /home/mu/IVG2.0/install/vision_perception/lib/vision_perception
writing list of installed files to '/home/mu/IVG2.0/build/vision_perception/install.log'
