[0.384s] Invoking command in '/home/mu/IVG2.0/build/vision_perception': PYTHONPATH=/home/mu/IVG2.0/build/vision_perception/prefix_override:/usr/lib/python3/dist-packages/colcon_core/task/python/colcon_distutils_commands:/home/mu/IVG2.0/install/vision_perception/lib/python3.10/site-packages:${PYTHONPATH} /usr/bin/python3 -W ignore:setup.py install is deprecated -W ignore:easy_install command is deprecated setup.py develop --uninstall --editable --build-directory /home/mu/IVG2.0/build/vision_perception/build
[0.560s] running develop
[0.680s] Removing /home/mu/IVG2.0/install/vision_perception/lib/python3.10/site-packages/vision-perception.egg-link (link to .)
[0.693s] Invoked command in '/home/mu/IVG2.0/build/vision_perception' returned '0': PYTHONPATH=/home/mu/IVG2.0/build/vision_perception/prefix_override:/usr/lib/python3/dist-packages/colcon_core/task/python/colcon_distutils_commands:/home/mu/IVG2.0/install/vision_perception/lib/python3.10/site-packages:${PYTHONPATH} /usr/bin/python3 -W ignore:setup.py install is deprecated -W ignore:easy_install command is deprecated setup.py develop --uninstall --editable --build-directory /home/mu/IVG2.0/build/vision_perception/build
[0.694s] Invoking command in '/home/mu/IVG2.0/aubo_ros2_ws/src/vision_perception': PYTHONPATH=/home/mu/IVG2.0/build/vision_perception/prefix_override:/usr/lib/python3/dist-packages/colcon_core/task/python/colcon_distutils_commands:/home/mu/IVG2.0/install/vision_perception/lib/python3.10/site-packages:${PYTHONPATH} /usr/bin/python3 -W ignore:setup.py install is deprecated -W ignore:easy_install command is deprecated setup.py egg_info --egg-base ../../../build/vision_perception build --build-base /home/mu/IVG2.0/build/vision_perception/build install --record /home/mu/IVG2.0/build/vision_perception/install.log --single-version-externally-managed install_data --force
[0.845s] running egg_info
[0.845s] writing ../../../build/vision_perception/vision_perception.egg-info/PKG-INFO
[0.845s] writing dependency_links to ../../../build/vision_perception/vision_perception.egg-info/dependency_links.txt
[0.845s] writing entry points to ../../../build/vision_perception/vision_perception.egg-info/entry_points.txt
[0.845s] writing requirements to ../../../build/vision_perception/vision_perception.egg-info/requires.txt
[0.845s] writing top-level names to ../../../build/vision_perception/vision_perception.egg-info/top_level.txt
[0.846s] reading manifest file '../../../build/vision_perception/vision_perception.egg-info/SOURCES.txt'
[0.846s] writing manifest file '../../../build/vision_perception/vision_perception.egg-info/SOURCES.txt'
[0.846s] running build
[0.846s] running build_py
[0.846s] creating /home/mu/IVG2.0/build/vision_perception/build
[0.846s] creating /home/mu/IVG2.0/build/vision_perception/build/lib
[0.847s] creating /home/mu/IVG2.0/build/vision_perception/build/lib/vision_perception
[0.847s] copying vision_perception/yolo_obb_node.py -> /home/mu/IVG2.0/build/vision_perception/build/lib/vision_perception
[0.847s] copying vision_perception/mediapipe_holistic_node.py -> /home/mu/IVG2.0/build/vision_perception/build/lib/vision_perception
[0.847s] copying vision_perception/__init__.py -> /home/mu/IVG2.0/build/vision_perception/build/lib/vision_perception
[0.847s] copying vision_perception/video_publisher_node.py -> /home/mu/IVG2.0/build/vision_perception/build/lib/vision_perception
[0.847s] running install
[0.847s] running install_lib
[0.847s] creating /home/mu/IVG2.0/install/vision_perception/lib/python3.10/site-packages/vision_perception
[0.847s] copying /home/mu/IVG2.0/build/vision_perception/build/lib/vision_perception/yolo_obb_node.py -> /home/mu/IVG2.0/install/vision_perception/lib/python3.10/site-packages/vision_perception
[0.847s] copying /home/mu/IVG2.0/build/vision_perception/build/lib/vision_perception/mediapipe_holistic_node.py -> /home/mu/IVG2.0/install/vision_perception/lib/python3.10/site-packages/vision_perception
[0.847s] copying /home/mu/IVG2.0/build/vision_perception/build/lib/vision_perception/__init__.py -> /home/mu/IVG2.0/install/vision_perception/lib/python3.10/site-packages/vision_perception
[0.847s] copying /home/mu/IVG2.0/build/vision_perception/build/lib/vision_perception/video_publisher_node.py -> /home/mu/IVG2.0/install/vision_perception/lib/python3.10/site-packages/vision_perception
[0.848s] byte-compiling /home/mu/IVG2.0/install/vision_perception/lib/python3.10/site-packages/vision_perception/yolo_obb_node.py to yolo_obb_node.cpython-310.pyc
[0.848s] byte-compiling /home/mu/IVG2.0/install/vision_perception/lib/python3.10/site-packages/vision_perception/mediapipe_holistic_node.py to mediapipe_holistic_node.cpython-310.pyc
[0.850s] byte-compiling /home/mu/IVG2.0/install/vision_perception/lib/python3.10/site-packages/vision_perception/__init__.py to __init__.cpython-310.pyc
[0.850s] byte-compiling /home/mu/IVG2.0/install/vision_perception/lib/python3.10/site-packages/vision_perception/video_publisher_node.py to video_publisher_node.cpython-310.pyc
[0.850s] running install_data
[0.850s] copying resource/vision_perception -> /home/mu/IVG2.0/install/vision_perception/share/ament_index/resource_index/packages
[0.850s] copying package.xml -> /home/mu/IVG2.0/install/vision_perception/share/vision_perception
[0.850s] copying launch/mediapipe_holistic.launch.py -> /home/mu/IVG2.0/install/vision_perception/share/vision_perception/launch
[0.851s] copying launch/test_video.launch.py -> /home/mu/IVG2.0/install/vision_perception/share/vision_perception/launch
[0.851s] copying launch/yolo_obb.launch.py -> /home/mu/IVG2.0/install/vision_perception/share/vision_perception/launch
[0.851s] copying launch/vision_perception.launch.py -> /home/mu/IVG2.0/install/vision_perception/share/vision_perception/launch
[0.851s] copying resource/video_新手咖啡拉花练习顺序_0.mp4 -> /home/mu/IVG2.0/install/vision_perception/share/vision_perception/resource
[0.862s] running install_egg_info
[0.863s] Copying ../../../build/vision_perception/vision_perception.egg-info to /home/mu/IVG2.0/install/vision_perception/lib/python3.10/site-packages/vision_perception-1.0.0-py3.10.egg-info
[0.863s] running install_scripts
[0.873s] Installing mediapipe_holistic_node script to /home/mu/IVG2.0/install/vision_perception/lib/vision_perception
[0.873s] Installing video_publisher_node script to /home/mu/IVG2.0/install/vision_perception/lib/vision_perception
[0.873s] Installing yolo_obb_node script to /home/mu/IVG2.0/install/vision_perception/lib/vision_perception
[0.873s] writing list of installed files to '/home/mu/IVG2.0/build/vision_perception/install.log'
[0.884s] Invoked command in '/home/mu/IVG2.0/aubo_ros2_ws/src/vision_perception' returned '0': PYTHONPATH=/home/mu/IVG2.0/build/vision_perception/prefix_override:/usr/lib/python3/dist-packages/colcon_core/task/python/colcon_distutils_commands:/home/mu/IVG2.0/install/vision_perception/lib/python3.10/site-packages:${PYTHONPATH} /usr/bin/python3 -W ignore:setup.py install is deprecated -W ignore:easy_install command is deprecated setup.py egg_info --egg-base ../../../build/vision_perception build --build-base /home/mu/IVG2.0/build/vision_perception/build install --record /home/mu/IVG2.0/build/vision_perception/install.log --single-version-externally-managed install_data --force
