peach_arm Active；execution/grasp 已开（tool 保持关）；mode=full；速度/加速度缩放=1（仅仿真）
回拍照位走 ExecuteTarget 内 goToPhotoPose（接近原路返程，否则 PTP），不经脚本 JTC

=== case typical_1757 entry=[0.304, -0.614, 0.536] axis_z=0.99 ===
  -> outcome=2 completion=0 matched=False code= reason=到预抓取失败: MTC planning failed: Failing stage(s):
ptp below pregrasp staging (0/1)
  [接近] 从拍照位 点数=13 弦=0.055m 路径=0.055m 比=1.0 偏离=0.001m 回退=0.0m max_z=0.708 起=[0.302, -0.232, 0.708] 早段=[0.304, -0.232, 0.708] 终=[0.356, -0.23, 0.706]  ✓ 果实胶囊外

=== case tilt_1639_1 entry=[0.248, -0.77, 0.589] axis_z=0.84 ===
  -> outcome=2 completion=0 matched=False code= reason=到预抓取失败: MTC planning failed: Failing stage(s):
ptp below pregrasp staging (0/1)

=== case travel_min entry=[0.239, -0.699, 0.597] axis_z=0.87 ===
  -> outcome=0 completion=6 matched=True code= reason=周期完成；tool.enabled=false 或未宣称采摘成功
  [回拍照] 弦=0.481m 路径=0.769m 比=1.6 偏离=0.17m 回退=0.037m 起=[0.23, -0.698, 0.614] 终=[0.302, -0.232, 0.708]
  [接近] 从拍照位 点数=35 弦=0.499m 路径=0.664m 比=1.33 偏离=0.125m 回退=0.0m max_z=0.706 起=[0.356, -0.23, 0.706] 早段=[0.356, -0.23, 0.706] 终=[0.254, -0.699, 0.571]  ✓ 果实胶囊外

=== case travel_max entry=[0.392, -0.605, 0.546] axis_z=0.92 ===
  -> outcome=2 completion=0 matched=False code= reason=到预抓取失败: MTC planning failed: Failing stage(s):
ptp below pregrasp staging (0/1)
  [接近] 从拍照位 点数=11 弦=0.055m 路径=0.055m 比=1.0 偏离=0.001m 回退=0.0m max_z=0.708 起=[0.302, -0.232, 0.708] 早段=[0.316, -0.232, 0.708] 终=[0.356, -0.23, 0.706]  ✓ 果实胶囊外

=== case info_length_extended entry=[0.55, -0.624, 0.565] axis_z=0.96 ===
  -> outcome=0 completion=6 matched=True code= reason=周期完成；tool.enabled=false 或未宣称采摘成功
  [回拍照] 弦=0.487m 路径=0.851m 比=1.75 偏离=0.102m 回退=0.018m 起=[0.548, -0.616, 0.536] 终=[0.302, -0.232, 0.708]
  [接近] 从拍照位 点数=31 弦=0.463m 路径=0.616m 比=1.33 偏离=0.1m 回退=0.0m max_z=0.706 起=[0.356, -0.23, 0.706] 早段=[0.356, -0.23, 0.706] 终=[0.548, -0.616, 0.536]  ✓ 果实胶囊外

=== case lab_oos_20260922 entry=[0.434, -0.611, 0.61] axis_z=0.80 ===
  -> outcome=None completion=None matched=True code=sleeve_no_cartesian reason=

=== case far_no_ik entry=[1.2, -0.4, 0.5] axis_z=1.00 ===
  -> outcome=None completion=None matched=True code=no_ik reason=

=== case bbox_edge entry=[0.304, -0.614, 0.536] axis_z=0.99 ===
  -> outcome=skipped_select completion=None matched=True code= reason=bbox_edge

=== case tool_clearance_failed entry=[0.304, -0.614, 0.536] axis_z=0.99 ===
  -> outcome=skipped_select completion=None matched=True code= reason=tool_clearance_failed

=== case near_horizontal_1021_1 entry=[0.518, -0.695, 0.521] axis_z=0.27 ===
  -> outcome=2 completion=0 matched=False code= reason=到预抓取失败: MTC short-path guard rejected: 工具筒体接触果实胶囊 s=0.0713356m r=0.0988154m 间隙=-0.0144291m (果半径 0.04m)
  [接近] 从拍照位 点数=15 弦=0.055m 路径=0.055m 比=1.0 偏离=0.001m 回退=0.0m max_z=0.708 起=[0.302, -0.232, 0.708] 早段=[0.302, -0.232, 0.708] 终=[0.356, -0.23, 0.706]  ✓ 果实胶囊外

=== case bag_d050_succeed entry=[0.304, -0.614, 0.536] axis_z=0.99 ===
  -> outcome=2 completion=0 matched=False code= reason=到预抓取失败: MTC short-path guard rejected: TCP 回退 0.189706m > 0.12m

=== case bag_d068_succeed entry=[0.239, -0.699, 0.597] axis_z=0.87 ===
  -> outcome=0 completion=6 matched=True code= reason=周期完成；tool.enabled=false 或未宣称采摘成功
  [回拍照] 弦=0.489m 路径=0.938m 比=1.92 偏离=0.148m 回退=0.029m 起=[0.254, -0.699, 0.571] 终=[0.302, -0.232, 0.708]
  [接近] 从拍照位 点数=29 弦=0.498m 路径=0.664m 比=1.33 偏离=0.124m 回退=0.0m max_z=0.706 起=[0.357, -0.23, 0.706] 早段=[0.383, -0.267, 0.687] 终=[0.254, -0.699, 0.571]  ✓ 果实胶囊外

=== case bag_d100_denied entry=[0.304, -0.614, 0.536] axis_z=0.99 ===
  -> outcome=decision_denied completion=None matched=True code= reason=bag_d95_exceeds_tool

=== case short_bag_030 entry=[0.304, -0.614, 0.536] axis_z=0.99 ===
  -> outcome=2 completion=0 matched=False code= reason=到预抓取失败: MTC planning failed: Failing stage(s):
ptp below pregrasp staging (0/1)
  [接近] 从拍照位 点数=13 弦=0.055m 路径=0.055m 比=1.0 偏离=0.001m 回退=0.0m max_z=0.708 起=[0.302, -0.232, 0.708] 早段=[0.31, -0.232, 0.708] 终=[0.356, -0.23, 0.706]  ✓ 果实胶囊外

=== case long_bag_180 entry=[0.304, -0.614, 0.536] axis_z=0.99 ===
  -> outcome=0 completion=6 matched=True code= reason=周期完成；tool.enabled=false 或未宣称采摘成功
  [回拍照] 弦=0.436m 路径=1.006m 比=2.31 偏离=0.129m 回退=0.064m 起=[0.303, -0.618, 0.507] 终=[0.302, -0.232, 0.708]
  [接近] 从拍照位 点数=36 弦=0.44m 路径=0.652m 比=1.48 偏离=0.105m 回退=0.0m max_z=0.706 起=[0.356, -0.23, 0.706] 早段=[0.356, -0.23, 0.706] 终=[0.303, -0.618, 0.507]  ✓ 果实胶囊外

=== case travel_clamp_024 entry=[0.304, -0.614, 0.536] axis_z=0.99 ===
  -> outcome=2 completion=0 matched=False code= reason=到预抓取失败: MTC planning failed: Failing stage(s):
ptp below pregrasp staging (0/1)
  [接近] 从拍照位 点数=13 弦=0.055m 路径=0.055m 比=1.0 偏离=0.001m 回退=0.0m max_z=0.708 起=[0.302, -0.232, 0.708] 早段=[0.302, -0.232, 0.708] 终=[0.356, -0.23, 0.706]  ✓ 果实胶囊外

=== case occluded_flag_info entry=[0.55, -0.624, 0.565] axis_z=0.96 ===
  -> outcome=0 completion=6 matched=True code= reason=周期完成；tool.enabled=false 或未宣称采摘成功
  [回拍照] 弦=0.487m 路径=0.852m 比=1.75 偏离=0.102m 回退=0.018m 起=[0.548, -0.616, 0.536] 终=[0.302, -0.232, 0.708]
  [接近] 从拍照位 点数=27 弦=0.463m 路径=0.616m 比=1.33 偏离=0.1m 回退=0.0m max_z=0.706 起=[0.356, -0.23, 0.706] 早段=[0.406, -0.254, 0.692] 终=[0.548, -0.616, 0.536]  ✓ 果实胶囊外

=== case right_lane_tilt entry=[0.55, -0.624, 0.565] axis_z=0.93 ===
  -> outcome=2 completion=0 matched=False code= reason=到预抓取失败: MTC planning failed: Failing stage(s):
lin to on-axis pregrasp (0/1)
  [接近] 从拍照位 点数=14 弦=0.055m 路径=0.055m 比=1.0 偏离=0.001m 回退=0.0m max_z=0.708 起=[0.302, -0.232, 0.708] 早段=[0.318, -0.232, 0.708] 终=[0.356, -0.23, 0.706]  ✓ 果实胶囊外

=== case deep_left_low_axis entry=[0.248, -0.77, 0.589] axis_z=0.78 ===
  -> outcome=2 completion=0 matched=False code= reason=到预抓取失败: MTC planning failed: Failing stage(s):
ptp below pregrasp staging (0/1)

=== case mid_offset_2d_fallback entry=[0.392, -0.605, 0.546] axis_z=0.92 ===
  -> outcome=2 completion=0 matched=False code= reason=到预抓取失败: MTC planning failed: Failing stage(s):
ptp below pregrasp staging (0/1)

结果已写入 /home/mu/Desktop/aubo_e5_jazzy_ws/runs/sim_field_targets_20260923_115252.jsonl
网格期望命中 10/20
[M1 exit=1]
