peach_arm Active；execution/grasp 已开（tool 保持关）；mode=pregrasp；速度/加速度缩放=1（仅仿真）
回拍照位走 ExecuteTarget 内 goToPhotoPose（接近原路返程，否则 PTP），不经脚本 JTC
随机位姿 30 个 seed=20260922 envelope=typical

=== case rand_00 entry=[0.215, -0.638, 0.648] axis_z=0.90 aabb←1113_0 ===
  -> outcome=0 completion=2 matched=None code= reason=PREGRASP_ONLY：停在预抓取，未套入未 SetIO；ACK 后再 Survey
  [接近] 从拍照位 点数=27 弦=0.433m 路径=0.566m 比=1.31 偏离=0.1m 回退=0.0m max_z=0.706 起=[0.356, -0.23, 0.706] 早段=[0.357, -0.233, 0.706] 终=[0.208, -0.628, 0.621]  ✓ 果实胶囊外

=== case rand_01 entry=[0.264, -0.587, 0.748] axis_z=0.73 aabb←1424_1 ===
  -> outcome=0 completion=2 matched=None code= reason=PREGRASP_ONLY：停在预抓取，未套入未 SetIO；ACK 后再 Survey
  [回拍照] 弦=0.433m 路径=0.565m 比=1.3 偏离=0.099m 回退=0.006m 起=[0.208, -0.628, 0.621] 终=[0.356, -0.23, 0.706]
  [接近] 从拍照位 点数=28 弦=0.351m 路径=0.721m 比=2.05 偏离=0.2m 回退=0.016m max_z=0.792 起=[0.356, -0.23, 0.706] 早段=[0.337, -0.22, 0.721] 终=[0.278, -0.572, 0.726]  ✓ 果实胶囊外

=== case rand_02 entry=[0.238, -0.718, 0.616] axis_z=0.77 aabb←1149_0 ===
  -> outcome=0 completion=2 matched=None code= reason=PREGRASP_ONLY：停在预抓取，未套入未 SetIO；ACK 后再 Survey
  [回拍照] 弦=0.351m 路径=0.721m 比=2.05 偏离=0.202m 回退=0.0m 起=[0.278, -0.572, 0.726] 终=[0.356, -0.23, 0.706]
  [接近] 从拍照位 点数=32 弦=0.497m 路径=0.778m 比=1.57 偏离=0.19m 回退=0.001m max_z=0.771 起=[0.356, -0.23, 0.706] 早段=[0.356, -0.23, 0.706] 终=[0.238, -0.699, 0.593]  ✓ 果实胶囊外

=== case rand_03 entry=[0.26, -0.718, 0.543] axis_z=0.99 perturb←1021_0 ===
  -> outcome=0 completion=2 matched=None code= reason=PREGRASP_ONLY：停在预抓取，未套入未 SetIO；ACK 后再 Survey
  [回拍照] 弦=0.497m 路径=0.779m 比=1.57 偏离=0.193m 回退=0.0m 起=[0.238, -0.699, 0.593] 终=[0.356, -0.23, 0.706]
  [接近] 从拍照位 点数=30 弦=0.531m 路径=0.707m 比=1.33 偏离=0.105m 回退=0.0m max_z=0.706 起=[0.356, -0.23, 0.706] 早段=[0.356, -0.23, 0.706] 终=[0.264, -0.716, 0.513]  ✓ 果实胶囊外

=== case rand_04 entry=[0.458, -0.679, 0.567] axis_z=0.99 aabb←1021_0 ===
  -> outcome=0 completion=2 matched=None code= reason=PREGRASP_ONLY：停在预抓取，未套入未 SetIO；ACK 后再 Survey
  [回拍照] 弦=0.531m 路径=0.707m 比=1.33 偏离=0.106m 回退=0.035m 起=[0.264, -0.716, 0.513] 终=[0.356, -0.23, 0.706]
  [接近] 从拍照位 点数=27 弦=0.487m 路径=0.66m 比=1.36 偏离=0.1m 回退=0.0m max_z=0.706 起=[0.356, -0.23, 0.706] 早段=[0.359, -0.231, 0.706] 终=[0.455, -0.676, 0.537]  ✓ 果实胶囊外

=== case rand_05 entry=[0.218, -0.727, 0.538] axis_z=0.97 perturb←1424_1 ===
  -> outcome=0 completion=2 matched=None code= reason=PREGRASP_ONLY：停在预抓取，未套入未 SetIO；ACK 后再 Survey
  [回拍照] 弦=0.487m 路径=0.659m 比=1.35 偏离=0.1m 回退=0.03m 起=[0.455, -0.676, 0.537] 终=[0.356, -0.23, 0.706]
  [接近] 从拍照位 点数=29 弦=0.558m 路径=0.798m 比=1.43 偏离=0.15m 回退=0.0m max_z=0.706 起=[0.356, -0.23, 0.706] 早段=[0.356, -0.23, 0.706] 终=[0.22, -0.733, 0.509]  ✓ 果实胶囊外

=== case rand_06 entry=[0.49, -0.593, 0.531] axis_z=0.92 perturb←1424_0 ===
  -> outcome=0 completion=2 matched=None code= reason=PREGRASP_ONLY：停在预抓取，未套入未 SetIO；ACK 后再 Survey
  [回拍照] 弦=0.558m 路径=0.798m 比=1.43 偏离=0.151m 回退=0.058m 起=[0.22, -0.733, 0.509] 终=[0.356, -0.23, 0.706]
  [接近] 从拍照位 点数=24 弦=0.438m 路径=0.626m 比=1.43 偏离=0.1m 回退=0.0m max_z=0.706 起=[0.356, -0.23, 0.706] 早段=[0.379, -0.238, 0.697] 终=[0.502, -0.59, 0.504]  ✓ 果实胶囊外

=== case rand_07 entry=[0.384, -0.606, 0.552] axis_z=0.80 aabb←1437_0 ===
  -> outcome=0 completion=2 matched=None code= reason=PREGRASP_ONLY：停在预抓取，未套入未 SetIO；ACK 后再 Survey
  [回拍照] 弦=0.438m 路径=0.625m 比=1.43 偏离=0.099m 回退=0.055m 起=[0.502, -0.59, 0.504] 终=[0.356, -0.23, 0.706]
  [接近] 从拍照位 点数=25 弦=0.423m 路径=0.627m 比=1.48 偏离=0.106m 回退=0.0m max_z=0.706 起=[0.356, -0.23, 0.706] 早段=[0.383, -0.245, 0.702] 终=[0.401, -0.611, 0.528]  ✓ 果实胶囊外

=== case rand_08 entry=[0.205, -0.731, 0.64] axis_z=0.88 perturb←1437_1 ===
  -> outcome=0 completion=2 matched=None code= reason=PREGRASP_ONLY：停在预抓取，未套入未 SetIO；ACK 后再 Survey
  [回拍照] 弦=0.423m 路径=0.627m 比=1.48 偏离=0.107m 回退=0.064m 起=[0.401, -0.611, 0.528] 终=[0.356, -0.23, 0.706]
  [接近] 从拍照位 点数=38 弦=0.533m 路径=0.921m 比=1.73 偏离=0.247m 回退=0.006m max_z=0.774 起=[0.356, -0.23, 0.706] 早段=[0.356, -0.23, 0.706] 终=[0.218, -0.736, 0.614]  ✓ 果实胶囊外

=== case rand_09 entry=[0.279, -0.731, 0.596] axis_z=0.87 perturb←1021_0 ===
  -> outcome=0 completion=2 matched=None code= reason=PREGRASP_ONLY：停在预抓取，未套入未 SetIO；ACK 后再 Survey
  [回拍照] 弦=0.533m 路径=0.922m 比=1.73 偏离=0.247m 回退=0.03m 起=[0.218, -0.736, 0.614] 终=[0.356, -0.23, 0.706]
  [接近] 从拍照位 点数=30 弦=0.525m 路径=0.702m 比=1.34 偏离=0.121m 回退=0.0m max_z=0.706 起=[0.356, -0.23, 0.706] 早段=[0.356, -0.23, 0.706] 终=[0.293, -0.733, 0.569]  ✓ 果实胶囊外

=== case rand_10 entry=[0.599, -0.619, 0.513] axis_z=0.90 perturb←1149_0 ===
  -> outcome=0 completion=2 matched=None code= reason=PREGRASP_ONLY：停在预抓取，未套入未 SetIO；ACK 后再 Survey
  [回拍照] 弦=0.525m 路径=0.702m 比=1.34 偏离=0.121m 回退=0.03m 起=[0.293, -0.733, 0.569] 终=[0.356, -0.23, 0.706]
  [接近] 从拍照位 点数=33 弦=0.515m 路径=0.745m 比=1.45 偏离=0.128m 回退=0.0m max_z=0.706 起=[0.356, -0.23, 0.706] 早段=[0.356, -0.23, 0.706] 终=[0.612, -0.618, 0.486]  ✓ 果实胶囊外

=== case rand_11 entry=[0.404, -0.729, 0.542] axis_z=0.97 aabb←1149_0 ===
  -> outcome=0 completion=2 matched=None code= reason=PREGRASP_ONLY：停在预抓取，未套入未 SetIO；ACK 后再 Survey
  [回拍照] 弦=0.515m 路径=0.744m 比=1.45 偏离=0.127m 回退=0.063m 起=[0.612, -0.618, 0.486] 终=[0.356, -0.23, 0.706]
  [接近] 从拍照位 点数=25 弦=0.537m 路径=0.737m 比=1.37 偏离=0.118m 回退=0.0m max_z=0.706 起=[0.356, -0.23, 0.706] 早段=[0.396, -0.254, 0.7] 终=[0.411, -0.728, 0.513]  ✓ 果实胶囊外

=== case rand_12 entry=[0.267, -0.729, 0.618] axis_z=0.90 perturb←1021_0 ===
  -> outcome=0 completion=2 matched=None code= reason=PREGRASP_ONLY：停在预抓取，未套入未 SetIO；ACK 后再 Survey
  [回拍照] 弦=0.537m 路径=0.736m 比=1.37 偏离=0.118m 回退=0.042m 起=[0.411, -0.728, 0.513] 终=[0.356, -0.23, 0.706]
  [接近] 从拍照位 点数=35 弦=0.525m 路径=0.888m 比=1.69 偏离=0.228m 回退=0.001m max_z=0.754 起=[0.356, -0.23, 0.706] 早段=[0.358, -0.23, 0.708] 终=[0.278, -0.736, 0.591]  ✓ 果实胶囊外

=== case rand_13 entry=[0.399, -0.587, 0.723] axis_z=0.90 aabb←1437_0 ===
  -> outcome=0 completion=2 matched=None code= reason=PREGRASP_ONLY：停在预抓取，未套入未 SetIO；ACK 后再 Survey
  [回拍照] 弦=0.525m 路径=0.888m 比=1.69 偏离=0.228m 回退=0.042m 起=[0.278, -0.736, 0.591] 终=[0.356, -0.23, 0.706]
  [接近] 从拍照位 点数=31 弦=0.372m 路径=0.591m 比=1.59 偏离=0.118m 回退=0.0m max_z=0.706 起=[0.356, -0.23, 0.706] 早段=[0.372, -0.241, 0.702] 终=[0.405, -0.598, 0.696]  ✓ 果实胶囊外

=== case rand_14 entry=[0.34, -0.587, 0.694] axis_z=0.70 aabb←1510_2 ===
  -> outcome=0 completion=2 matched=None code= reason=PREGRASP_ONLY：停在预抓取，未套入未 SetIO；ACK 后再 Survey
  [回拍照] 弦=0.372m 路径=0.591m 比=1.59 偏离=0.117m 回退=0.053m 起=[0.405, -0.598, 0.696] 终=[0.356, -0.23, 0.706]
  [接近] 从拍照位 点数=28 弦=0.36m 路径=0.512m 比=1.42 偏离=0.1m 回退=0.0m max_z=0.706 起=[0.356, -0.23, 0.706] 早段=[0.359, -0.238, 0.705] 终=[0.319, -0.587, 0.673]  ✓ 果实胶囊外

=== case rand_15 entry=[0.395, -0.658, 0.661] axis_z=0.70 aabb←1639_1 ===
  -> outcome=2 completion=0 matched=None code= reason=到预抓取失败: MTC planning failed: Failing stage(s):
lin to on-axis pregrasp (0/1)
  [回拍照] 弦=0.36m 路径=0.511m 比=1.42 偏离=0.099m 回退=0.027m 起=[0.319, -0.587, 0.673] 终=[0.356, -0.23, 0.706]
  [接近] 未从拍照位 点数=32 弦=0.36m 路径=0.511m 比=1.42 偏离=0.099m 回退=0.027m max_z=0.706 起=[0.319, -0.587, 0.673] 早段=[0.319, -0.587, 0.673] 终=[0.356, -0.23, 0.706]  ✓ 果实胶囊外

=== case rand_16 entry=[0.323, -0.741, 0.553] axis_z=0.77 aabb←1424_1 ===
  -> outcome=0 completion=2 matched=None code= reason=PREGRASP_ONLY：停在预抓取，未套入未 SetIO；ACK 后再 Survey
  [接近] 从拍照位 点数=30 弦=0.548m 路径=0.796m 比=1.45 偏离=0.173m 回退=0.0m max_z=0.706 起=[0.356, -0.23, 0.706] 早段=[0.356, -0.23, 0.706] 终=[0.34, -0.749, 0.53]  ✓ 果实胶囊外

=== case rand_17 entry=[0.203, -0.728, 0.614] axis_z=0.94 perturb←1424_1 ===
  -> outcome=0 completion=2 matched=None code= reason=PREGRASP_ONLY：停在预抓取，未套入未 SetIO；ACK 后再 Survey
  [回拍照] 弦=0.548m 路径=0.795m 比=1.45 偏离=0.173m 回退=0.055m 起=[0.34, -0.749, 0.53] 终=[0.356, -0.23, 0.706]
  [接近] 从拍照位 点数=30 弦=0.527m 路径=0.674m 比=1.28 偏离=0.112m 回退=0.0m max_z=0.706 起=[0.356, -0.23, 0.706] 早段=[0.357, -0.231, 0.706] 终=[0.211, -0.722, 0.585]  ✓ 果实胶囊外

=== case rand_18 entry=[0.212, -0.707, 0.647] axis_z=0.94 perturb←1424_1 ===
  -> outcome=0 completion=2 matched=None code= reason=PREGRASP_ONLY：停在预抓取，未套入未 SetIO；ACK 后再 Survey
  [回拍照] 弦=0.527m 路径=0.673m 比=1.28 偏离=0.112m 回退=0.004m 起=[0.211, -0.722, 0.585] 终=[0.356, -0.23, 0.706]
  [接近] 从拍照位 点数=30 弦=0.507m 路径=0.683m 比=1.35 偏离=0.129m 回退=0.0m max_z=0.706 起=[0.356, -0.23, 0.706] 早段=[0.356, -0.23, 0.706] 终=[0.222, -0.711, 0.619]  ✓ 果实胶囊外

=== case rand_19 entry=[0.28, -0.731, 0.539] axis_z=0.90 perturb←1021_0 ===
  -> outcome=0 completion=2 matched=None code= reason=PREGRASP_ONLY：停在预抓取，未套入未 SetIO；ACK 后再 Survey
  [回拍照] 弦=0.507m 路径=0.683m 比=1.35 偏离=0.129m 回退=0.027m 起=[0.222, -0.711, 0.619] 终=[0.356, -0.23, 0.706]
  [接近] 从拍照位 点数=27 弦=0.543m 路径=0.732m 比=1.35 偏离=0.123m 回退=0.0m max_z=0.706 起=[0.356, -0.23, 0.706] 早段=[0.384, -0.256, 0.697] 终=[0.293, -0.732, 0.512]  ✓ 果实胶囊外

=== case rand_20 entry=[0.424, -0.676, 0.497] axis_z=1.00 aabb←1639_2 ===
  -> outcome=0 completion=2 matched=None code= reason=PREGRASP_ONLY：停在预抓取，未套入未 SetIO；ACK 后再 Survey
  [回拍照] 弦=0.543m 路径=0.732m 比=1.35 偏离=0.124m 回退=0.04m 起=[0.293, -0.732, 0.512] 终=[0.356, -0.23, 0.706]
  [接近] 从拍照位 点数=31 弦=0.512m 路径=0.723m 比=1.41 偏离=0.107m 回退=0.0m max_z=0.706 起=[0.356, -0.23, 0.706] 早段=[0.356, -0.23, 0.706] 终=[0.423, -0.678, 0.467]  ✓ 果实胶囊外

=== case rand_21 entry=[0.303, -0.675, 0.697] axis_z=0.74 aabb←1437_0 ===
  -> outcome=0 completion=2 matched=None code= reason=PREGRASP_ONLY：停在预抓取，未套入未 SetIO；ACK 后再 Survey
  [回拍照] 弦=0.512m 路径=0.722m 比=1.41 偏离=0.106m 回退=0.058m 起=[0.423, -0.678, 0.467] 终=[0.356, -0.23, 0.706]
  [接近] 从拍照位 点数=27 弦=0.437m 路径=0.437m 比=1.0 偏离=0.0m 回退=0.0m max_z=0.706 起=[0.356, -0.23, 0.706] 早段=[0.355, -0.239, 0.706] 终=[0.289, -0.66, 0.674]  ✓ 果实胶囊外

=== case rand_22 entry=[0.234, -0.656, 0.506] axis_z=0.94 aabb←1510_2 ===
  -> outcome=0 completion=2 matched=None code= reason=PREGRASP_ONLY：停在预抓取，未套入未 SetIO；ACK 后再 Survey
  [回拍照] 弦=0.437m 路径=0.437m 比=1.0 偏离=0.0m 回退=0.0m 起=[0.289, -0.66, 0.674] 终=[0.356, -0.23, 0.706]
  [接近] 从拍照位 点数=33 弦=0.508m 路径=0.73m 比=1.44 偏离=0.1m 回退=0.0m max_z=0.706 起=[0.356, -0.23, 0.706] 早段=[0.356, -0.23, 0.706] 终=[0.23, -0.666, 0.478]  ✓ 果实胶囊外

=== case rand_23 entry=[0.59, -0.576, 0.568] axis_z=0.93 perturb←1113_0 ===
  -> outcome=0 completion=2 matched=None code= reason=PREGRASP_ONLY：停在预抓取，未套入未 SetIO；ACK 后再 Survey
  [回拍照] 弦=0.508m 路径=0.73m 比=1.44 偏离=0.099m 回退=0.077m 起=[0.23, -0.666, 0.478] 终=[0.356, -0.23, 0.706]
  [接近] 从拍照位 点数=27 弦=0.441m 路径=0.596m 比=1.35 偏离=0.1m 回退=0.0m max_z=0.706 起=[0.356, -0.23, 0.706] 早段=[0.356, -0.23, 0.706] 终=[0.589, -0.565, 0.54]  ✓ 果实胶囊外

=== case rand_24 entry=[0.566, -0.624, 0.534] axis_z=0.79 perturb←1503_0 ===
  -> outcome=2 completion=0 matched=None code= reason=到预抓取失败: MTC short-path guard rejected: TCP 姿态行程 65.2193deg > 57.0325deg
  [回拍照] 弦=0.441m 路径=0.596m 比=1.35 偏离=0.1m 回退=0.018m 起=[0.589, -0.565, 0.54] 终=[0.356, -0.23, 0.706]
  [接近] 未从拍照位 点数=29 弦=0.441m 路径=0.596m 比=1.35 偏离=0.1m 回退=0.018m max_z=0.706 起=[0.589, -0.565, 0.54] 早段=[0.589, -0.565, 0.54] 终=[0.356, -0.23, 0.706]  ⚠ 果实胶囊: 袋底段上方绕行 s=0.041m > 上限 0.020m

=== case rand_25 entry=[0.192, -0.592, 0.535] axis_z=0.73 aabb←1113_1 ===
  -> outcome=0 completion=2 matched=None code= reason=PREGRASP_ONLY：停在预抓取，未套入未 SetIO；ACK 后再 Survey
  [接近] 从拍照位 点数=31 弦=0.427m 路径=0.543m 比=1.27 偏离=0.098m 回退=0.0m max_z=0.706 起=[0.356, -0.23, 0.706] 早段=[0.356, -0.23, 0.706] 终=[0.21, -0.582, 0.513]  ✓ 果实胶囊外

=== case rand_26 entry=[0.541, -0.608, 0.546] axis_z=0.90 aabb←1639_0 ===
  -> outcome=2 completion=0 matched=None code= reason=到预抓取失败: MTC short-path guard rejected: 工具筒体接触果实胶囊 s=0.0424122m r=0.0971587m 间隙=-0.00284135m (果半径 0.04m)
  [回拍照] 弦=0.427m 路径=0.543m 比=1.27 偏离=0.098m 回退=0.0m 起=[0.21, -0.582, 0.513] 终=[0.356, -0.23, 0.706]
  [接近] 未从拍照位 点数=29 弦=0.427m 路径=0.543m 比=1.27 偏离=0.098m 回退=0.0m max_z=0.706 起=[0.21, -0.582, 0.513] 早段=[0.219, -0.576, 0.502] 终=[0.356, -0.23, 0.706]  ⚠ 果实胶囊: 袋底段上方绕行 s=0.045m > 上限 0.020m

=== case rand_27 entry=[0.496, -0.673, 0.541] axis_z=0.94 perturb←1113_0 ===
  -> outcome=0 completion=2 matched=None code= reason=PREGRASP_ONLY：停在预抓取，未套入未 SetIO；ACK 后再 Survey
  [接近] 从拍照位 点数=28 弦=0.498m 路径=0.663m 比=1.33 偏离=0.1m 回退=0.0m max_z=0.706 起=[0.356, -0.23, 0.706] 早段=[0.365, -0.234, 0.704] 终=[0.501, -0.665, 0.513]  ✓ 果实胶囊外

=== case rand_28 entry=[0.253, -0.682, 0.586] axis_z=0.87 perturb←1437_1 ===
  -> outcome=0 completion=2 matched=None code= reason=PREGRASP_ONLY：停在预抓取，未套入未 SetIO；ACK 后再 Survey
  [回拍照] 弦=0.498m 路径=0.663m 比=1.33 偏离=0.1m 回退=0.026m 起=[0.501, -0.665, 0.513] 终=[0.356, -0.23, 0.706]
  [接近] 从拍照位 点数=28 弦=0.495m 路径=0.728m 比=1.47 偏离=0.139m 回退=0.0m max_z=0.706 起=[0.356, -0.23, 0.706] 早段=[0.356, -0.23, 0.706] 终=[0.263, -0.694, 0.56]  ✓ 果实胶囊外

=== case rand_29 entry=[0.226, -0.778, 0.54] axis_z=0.72 aabb←1113_0 ===
  -> outcome=0 completion=2 matched=None code= reason=PREGRASP_ONLY：停在预抓取，未套入未 SetIO；ACK 后再 Survey
  [回拍照] 弦=0.495m 路径=0.728m 比=1.47 偏离=0.138m 回退=0.062m 起=[0.263, -0.694, 0.56] 终=[0.356, -0.23, 0.706]
  [接近] 从拍照位 点数=33 弦=0.574m 路径=0.919m 比=1.6 偏离=0.235m 回退=0.004m max_z=0.771 起=[0.356, -0.23, 0.706] 早段=[0.356, -0.23, 0.706] 终=[0.228, -0.757, 0.518]  ✓ 果实胶囊外

结果已写入 /home/mu/Desktop/aubo_e5_jazzy_ws/runs/sim_field_targets_20260923_101929.jsonl
成功 27/30；从拍照位果实胶囊后检 0；含未从拍照位返程旗标 2
现场典型包络 (|entry|≤1.02 ∧ axis_z≥0.7) 27/30
