peach_arm Active；execution/grasp 已开（tool 保持关）；mode=full；速度/加速度缩放=1（仅仿真）
回拍照位走 ExecuteTarget 内 goToPhotoPose（接近原路返程，否则 PTP），不经脚本 JTC
随机位姿 30 个 seed=20260922 envelope=typical

=== case rand_00 entry=[0.215, -0.638, 0.648] axis_z=0.90 aabb←1113_0 ===
  -> outcome=0 completion=6 matched=None code= reason=周期完成；tool.enabled=false 或未宣称采摘成功
  [回拍照] 弦=0.433m 路径=0.573m 比=1.32 偏离=0.07m 回退=0.009m 起=[0.208, -0.628, 0.621] 终=[0.356, -0.23, 0.706]
  [接近] 从拍照位 点数=29 弦=0.433m 路径=0.433m 比=1.0 偏离=0.0m 回退=0.0m max_z=0.706 起=[0.356, -0.23, 0.706] 早段=[0.348, -0.252, 0.701] 终=[0.208, -0.628, 0.621]  ✓ 果实胶囊外

=== case rand_01 entry=[0.264, -0.587, 0.748] axis_z=0.73 aabb←1424_1 ===
  -> outcome=2 completion=0 matched=None code= reason=到预抓取失败: MTC planning failed: Failing stage(s):
lin align tool z (0/1)
  [接近] 从拍照位 点数=14 弦=0.055m 路径=0.055m 比=1.0 偏离=0.001m 回退=0.0m max_z=0.708 起=[0.302, -0.232, 0.708] 早段=[0.311, -0.232, 0.708] 终=[0.356, -0.23, 0.706]  ✓ 果实胶囊外

=== case rand_02 entry=[0.238, -0.718, 0.616] axis_z=0.77 aabb←1149_0 ===
  -> outcome=2 completion=0 matched=None code= reason=到预抓取失败: MTC planning failed: Failing stage(s):
lin align tool z (0/1)

=== case rand_03 entry=[0.26, -0.718, 0.543] axis_z=0.99 perturb←1021_0 ===
  -> outcome=2 completion=0 matched=None code= reason=到预抓取失败: MTC planning failed: Failing stage(s):
lin in plane to bag axis (0/1)

=== case rand_04 entry=[0.458, -0.679, 0.567] axis_z=0.99 aabb←1021_0 ===
  -> outcome=2 completion=0 matched=None code= reason=到预抓取失败: MTC planning failed: Failing stage(s):
lin in plane to bag axis (0/1)

=== case rand_05 entry=[0.218, -0.727, 0.538] axis_z=0.97 perturb←1424_1 ===
  -> outcome=2 completion=0 matched=None code= reason=到预抓取失败: MTC planning failed: Failing stage(s):
lin in plane to bag axis (0/1)

=== case rand_06 entry=[0.49, -0.593, 0.531] axis_z=0.92 perturb←1424_0 ===
  -> outcome=2 completion=0 matched=None code= reason=到预抓取失败: MTC planning failed: Failing stage(s):
lin in plane to bag axis (0/1)

=== case rand_07 entry=[0.384, -0.606, 0.552] axis_z=0.80 aabb←1437_0 ===
  -> outcome=2 completion=0 matched=None code= reason=到预抓取失败: MTC planning failed: Failing stage(s):
lin in plane to bag axis (0/1)

=== case rand_08 entry=[0.205, -0.731, 0.64] axis_z=0.88 perturb←1437_1 ===
  -> outcome=2 completion=0 matched=None code= reason=到预抓取失败: MTC planning failed: Failing stage(s):
lin in plane to bag axis (0/1)

=== case rand_09 entry=[0.279, -0.731, 0.596] axis_z=0.87 perturb←1021_0 ===
  -> outcome=2 completion=0 matched=None code= reason=到预抓取失败: MTC planning failed: Failing stage(s):
lin in plane to bag axis (0/1)

=== case rand_10 entry=[0.599, -0.619, 0.513] axis_z=0.90 perturb←1149_0 ===
  -> outcome=2 completion=0 matched=None code= reason=到预抓取失败: MTC planning failed: Failing stage(s):
lin in plane to bag axis (0/1)

=== case rand_11 entry=[0.404, -0.729, 0.542] axis_z=0.97 aabb←1149_0 ===
  -> outcome=2 completion=0 matched=None code= reason=到预抓取失败: MTC planning failed: Failing stage(s):
lin in plane to bag axis (0/1)

=== case rand_12 entry=[0.267, -0.729, 0.618] axis_z=0.90 perturb←1021_0 ===
  -> outcome=2 completion=0 matched=None code= reason=到预抓取失败: MTC planning failed: Failing stage(s):
lin in plane to bag axis (0/1)

=== case rand_13 entry=[0.399, -0.587, 0.723] axis_z=0.90 aabb←1437_0 ===
  -> outcome=2 completion=0 matched=None code= reason=到预抓取失败: MTC planning failed: Failing stage(s):
lin in plane to bag axis (0/1)

=== case rand_14 entry=[0.34, -0.587, 0.694] axis_z=0.70 aabb←1510_2 ===
  -> outcome=2 completion=0 matched=None code= reason=到预抓取失败: MTC planning failed: Failing stage(s):
lin in plane to bag axis (0/1)

=== case rand_15 entry=[0.395, -0.658, 0.661] axis_z=0.70 aabb←1639_1 ===
  -> outcome=2 completion=0 matched=None code= reason=到预抓取失败: MTC planning failed: Failing stage(s):
lin to on-axis pregrasp (0/1)

=== case rand_16 entry=[0.323, -0.741, 0.553] axis_z=0.77 aabb←1424_1 ===
  -> outcome=2 completion=0 matched=None code= reason=到预抓取失败: MTC planning failed: Failing stage(s):
lin in plane to bag axis (0/1)

=== case rand_17 entry=[0.203, -0.728, 0.614] axis_z=0.94 perturb←1424_1 ===
  -> outcome=2 completion=0 matched=None code= reason=到预抓取失败: MTC planning failed: Failing stage(s):
lin align tool z (0/1)

=== case rand_18 entry=[0.212, -0.707, 0.647] axis_z=0.94 perturb←1424_1 ===
  -> outcome=2 completion=0 matched=None code= reason=到预抓取失败: MTC planning failed: Failing stage(s):
lin in plane to bag axis (0/1)

=== case rand_19 entry=[0.28, -0.731, 0.539] axis_z=0.90 perturb←1021_0 ===
  -> outcome=2 completion=0 matched=None code= reason=到预抓取失败: MTC planning failed: Failing stage(s):
lin in plane to bag axis (0/1)

=== case rand_20 entry=[0.424, -0.676, 0.497] axis_z=1.00 aabb←1639_2 ===
  -> outcome=2 completion=0 matched=None code= reason=到预抓取失败: MTC planning failed: Failing stage(s):
lin in plane to bag axis (0/1)

=== case rand_21 entry=[0.303, -0.675, 0.697] axis_z=0.74 aabb←1437_0 ===
  -> outcome=2 completion=2 matched=None code= reason=接触阶段取消或撤离未确认；保持停止，须现场人工撤离后确认恢复
  [接近] 从拍照位 点数=30 弦=0.437m 路径=0.437m 比=1.0 偏离=0.0m 回退=0.0m max_z=0.706 起=[0.356, -0.23, 0.706] 早段=[0.355, -0.237, 0.706] 终=[0.289, -0.66, 0.674]  ✓ 果实胶囊外

=== case rand_22 entry=[0.234, -0.656, 0.506] axis_z=0.94 aabb←1510_2 ===
  -> outcome=2 completion=0 matched=None code= reason=到预抓取失败: MTC planning failed: Failing stage(s):
lin in plane to bag axis (0/1)
  [回拍照] 弦=0.437m 路径=0.437m 比=1.0 偏离=0.0m 回退=0.0m 起=[0.289, -0.66, 0.674] 终=[0.356, -0.23, 0.706]
  [接近] 未从拍照位 点数=31 弦=0.437m 路径=0.437m 比=1.0 偏离=0.0m 回退=0.0m max_z=0.706 起=[0.289, -0.66, 0.674] 早段=[0.29, -0.657, 0.675] 终=[0.356, -0.23, 0.706]  ⚠ 果实胶囊: 工具筒体触果 s=0.163m r=0.071m R=0.040m

=== case rand_23 entry=[0.59, -0.576, 0.568] axis_z=0.93 perturb←1113_0 ===
  -> outcome=2 completion=0 matched=None code= reason=到预抓取失败: MTC planning failed: Failing stage(s):
lin to on-axis pregrasp (0/1)

=== case rand_24 entry=[0.566, -0.624, 0.534] axis_z=0.79 perturb←1503_0 ===
  -> outcome=2 completion=0 matched=None code= reason=到预抓取失败: MTC planning failed: Failing stage(s):
lin in plane to bag axis (0/1)

=== case rand_25 entry=[0.192, -0.592, 0.535] axis_z=0.73 aabb←1113_1 ===
  -> outcome=2 completion=0 matched=None code= reason=到预抓取失败: MTC planning failed: Failing stage(s):
lin align tool z (0/1)

=== case rand_26 entry=[0.541, -0.608, 0.546] axis_z=0.90 aabb←1639_0 ===
  -> outcome=2 completion=0 matched=None code= reason=到预抓取失败: MTC planning failed: Failing stage(s):
lin in plane to bag axis (0/1)

=== case rand_27 entry=[0.496, -0.673, 0.541] axis_z=0.94 perturb←1113_0 ===
  -> outcome=2 completion=0 matched=None code= reason=到预抓取失败: MTC planning failed: Failing stage(s):
lin in plane to bag axis (0/1)

=== case rand_28 entry=[0.253, -0.682, 0.586] axis_z=0.87 perturb←1437_1 ===
  -> outcome=2 completion=0 matched=None code= reason=到预抓取失败: MTC planning failed: Failing stage(s):
lin in plane to bag axis (0/1)

=== case rand_29 entry=[0.226, -0.778, 0.54] axis_z=0.72 aabb←1113_0 ===
  -> outcome=2 completion=0 matched=None code= reason=到预抓取失败: MTC planning failed: Failing stage(s):
lin align tool z (0/1)

结果已写入 /home/mu/Desktop/aubo_e5_jazzy_ws/runs/sim_field_targets_20260923_113957.jsonl
FULL 干跑成功 1/30（套入到位、grasped=false、tool 关）
现场典型包络 (|entry|≤1.02 ∧ axis_z≥0.7) 1/30
