[INFO] [launch]: All log files can be found below /home/mu/.ros/log/2026-09-09-14-21-01-825567-mu-MS-7E34-141174
[INFO] [launch]: Default logging verbosity is set to INFO
[INFO] [robot_state_publisher-1]: process started with pid [141212]
[INFO] [ros2_control_node-2]: process started with pid [141213]
[INFO] [spawner-3]: process started with pid [141214]
[INFO] [spawner-4]: process started with pid [141215]
[INFO] [spawner-5]: process started with pid [141216]
[INFO] [move_group-6]: process started with pid [141217]
[INFO] [rviz2-7]: process started with pid [141218]
[INFO] [component_container-8]: process started with pid [141219]
[INFO] [extrinsics_publisher-9]: process started with pid [141220]
[INFO] [peach_scene_perception_node-10]: process started with pid [141221]
[INFO] [peach_target_reconstruction_node-11]: process started with pid [141222]
[INFO] [peach_manipulation_node-12]: process started with pid [141223]
[INFO] [peach_observability-13]: process started with pid [141226]
[INFO] [peach_executor-14]: process started with pid [141227]
[INFO] [peach_lifecycle_manager-15]: process started with pid [141228]
[INFO] [ros2-16]: process started with pid [141229]
[robot_state_publisher-1] [INFO] [1788934862.252079843] [robot_state_publisher]: Robot initialized
[ros2_control_node-2] [INFO] [1788934862.272568744] [controller_manager]: Using Steady (Monotonic) clock for triggering controller manager cycles.
[move_group-6] [INFO] [1788934862.276318555] [move_group.moveit.moveit.ros.rdf_loader]: Loaded robot model in 0.0029164 seconds
[move_group-6] [INFO] [1788934862.276414047] [move_group.moveit.moveit.core.robot_model]: Loading robot model 'aubo_e5'...
[move_group-6] [INFO] [1788934862.276423799] [move_group.moveit.moveit.core.robot_model]: No root/virtual joint specified in SRDF. Assuming fixed joint
[ros2_control_node-2] [INFO] [1788934862.280294757] [controller_manager]: Subscribing to '/robot_description' topic for robot description.
[ros2_control_node-2] [INFO] [1788934862.286782289] [controller_manager]: update rate is 200 Hz
[ros2_control_node-2] [INFO] [1788934862.286804075] [controller_manager]: Overruns handling is : enabled
[ros2_control_node-2] [INFO] [1788934862.286806701] [controller_manager]: Spawning controller_manager RT thread with scheduler priority: 50
[ros2_control_node-2] [INFO] [1788934862.287187385] [controller_manager]: Successful set up FIFO RT scheduling policy with priority 50.
[peach_manipulation_node-12] [WARN] [1788934862.306570482] [rcl.logging_rosout]: Publisher already registered for node name: 'peach_manipulation_node'. If this is due to multiple nodes with the same name then all logs for the logger named 'peach_manipulation_node' will go out over the existing publisher. As soon as any node with that name is destructed it will unregister the publisher, preventing any further logs for that name from being published on the rosout topic.
[peach_manipulation_node-12] [WARN] [1788934862.308234909] [peach_manipulation_node]: scan.protected_zones 丢弃畸形盒: 盒#0 存在 min>=max 的轴（空盒/退化盒），已丢弃
[move_group-6] [INFO] [1788934862.324385926] [move_group.moveit.moveit.kinematics.kdl_kinematics_plugin]: Joint weights for group 'manipulator_e5': 1 1 1 1 1 1
[ros2_control_node-2] [INFO] [1788934862.433288021] [controller_manager]: Received robot description from topic.
[ros2_control_node-2] [INFO] [1788934862.433334006] [controller_manager]: Enforcing command limits is disabled. Command limits from URDF will be ignored.
[ros2_control_node-2] [INFO] [1788934862.436393980] [controller_manager]: Loading hardware 'AuboE5System' 
[ros2_control_node-2] [INFO] [1788934862.441076887] [controller_manager]: Loaded hardware 'AuboE5System' from plugin 'aubo_e5_hardware/AuboE5Hardware'
[ros2_control_node-2] [INFO] [1788934862.441196878] [controller_manager]: Initialize hardware 'AuboE5System' 
[ros2_control_node-2] [INFO] [1788934862.448485958] [AuboE5Hardware]: on_init OK (169.254.10.98:8899, rib_target=400, slowdown=300/350, batch=2..8, speed_guard=false)
[ros2_control_node-2] [INFO] [1788934862.448515963] [controller_manager]: Successful initialization of hardware 'AuboE5System'
[ros2_control_node-2] [INFO] [1788934862.448913030] [controller_manager]: Activating component 'AuboE5System'.
[ros2_control_node-2] [INFO] [1788934862.448923689] [resource_manager]: 'configure' hardware 'AuboE5System' 
[ros2_control_node-2] log4cplus: Just opened file: logfiles/trace_all.log
[move_group-6] [INFO] [1788934862.459555541] [move_group.moveit.moveit.ros.planning_scene_monitor]: Publishing maintained planning scene on 'monitored_planning_scene'
[move_group-6] [INFO] [1788934862.459941207] [move_group.moveit.moveit.ros.moveit_cpp]: Listening to 'joint_states' for joint states
[move_group-6] [INFO] [1788934862.460592811] [move_group.moveit.moveit.ros.current_state_monitor]: Listening to joint states on topic 'joint_states'
[move_group-6] [INFO] [1788934862.460948452] [move_group.moveit.moveit.ros.planning_scene_monitor]: Listening to '/attached_collision_object' for attached collision objects
[move_group-6] [INFO] [1788934862.460961527] [move_group.moveit.moveit.ros.planning_scene_monitor]: Stopping existing planning scene publisher.
[move_group-6] [INFO] [1788934862.461448152] [move_group.moveit.moveit.ros.planning_scene_monitor]: Stopped publishing maintained planning scene.
[move_group-6] [INFO] [1788934862.461691857] [move_group.moveit.moveit.ros.planning_scene_monitor]: Publishing maintained planning scene on 'monitored_planning_scene'
[move_group-6] [INFO] [1788934862.461761265] [move_group.moveit.moveit.ros.planning_scene_monitor]: Starting planning scene monitor
[move_group-6] [INFO] [1788934862.461951842] [move_group.moveit.moveit.ros.planning_scene_monitor]: Listening to '/planning_scene'
[move_group-6] [INFO] [1788934862.461962801] [move_group.moveit.moveit.ros.planning_scene_monitor]: Starting world geometry update monitor for collision objects, attached objects, octomap updates.
[move_group-6] [INFO] [1788934862.462180279] [move_group.moveit.moveit.ros.planning_scene_monitor]: Listening to 'collision_object'
[move_group-6] [INFO] [1788934862.462423518] [move_group.moveit.moveit.ros.planning_scene_monitor]: Listening to 'planning_scene_world' for planning scene world geometry
[move_group-6] [WARN] [1788934862.463199321] [move_group.moveit.moveit.ros.occupancy_map_monitor]: Resolution not specified for Octomap. Assuming resolution = 0.1 instead
[move_group-6] [ERROR] [1788934862.463219327] [move_group.moveit.moveit.ros.occupancy_map_monitor]: No 3D sensor plugin(s) defined for octomap updates
[ros2-16] [WARN] [ros2bag]: Positional "topics" argument deprecated. Please use optional "--topics" argument instead.
[spawner-5] [INFO] [1788934862.485350081] [spawner_aubo_passthrough_trajectory_controller]: waiting for service /controller_manager/list_controllers to become available...
[ros2-16] stdin is not a terminal device. Keyboard handling disabled.[INFO] [1788934862.494214528] [rosbag2_recorder]: Press SPACE for pausing/resuming
[ros2-16] [INFO] [1788934862.494223641] [rosbag2_recorder]: Event publisher thread: Started
[ros2-16] [INFO] [1788934862.496767981] [rosbag2_recorder]: Starting recording to '/home/mu/Desktop/aubo_e5_jazzy_ws/runs/mcap_20260909_142102'
[ros2-16] [INFO] [1788934862.498151527] [rosbag2_recorder]: Listening for topics...
[ros2-16] [INFO] [1788934862.498175671] [rosbag2_recorder]: Topics discovery started.
[ros2-16] [INFO] [1788934862.498176296] [rosbag2_recorder]: Recording...
[component_container-8] [INFO] [1788934862.544997211] [camera.camera_container]: Load Library: /home/mu/Desktop/aubo_e5_jazzy_ws/install/percipio_camera/lib/libpercipio_camera.so
[ros2_control_node-2] [INFO] [1788934862.552112867] [AuboE5Hardware]: Real robot detected
[move_group-6] [INFO] [1788934862.585628507] [move_group.moveit.moveit.ros.planning_pipeline]: Successfully loaded planner 'OMPL'
[move_group-6] [INFO] [1788934862.587092778] [move_group]: Try loading adapter 'default_planning_request_adapters/ResolveConstraintFrames'
[move_group-6] [INFO] [1788934862.587650924] [move_group]: Loaded adapter 'default_planning_request_adapters/ResolveConstraintFrames'
[move_group-6] [INFO] [1788934862.587656572] [move_group]: Try loading adapter 'default_planning_request_adapters/ValidateWorkspaceBounds'
[move_group-6] [INFO] [1788934862.587784621] [move_group]: Loaded adapter 'default_planning_request_adapters/ValidateWorkspaceBounds'
[move_group-6] [INFO] [1788934862.587787575] [move_group]: Try loading adapter 'default_planning_request_adapters/CheckStartStateBounds'
[move_group-6] [INFO] [1788934862.587798453] [move_group]: Loaded adapter 'default_planning_request_adapters/CheckStartStateBounds'
[move_group-6] [INFO] [1788934862.587800078] [move_group]: Try loading adapter 'default_planning_request_adapters/CheckStartStateCollision'
[move_group-6] [INFO] [1788934862.587804865] [move_group]: Loaded adapter 'default_planning_request_adapters/CheckStartStateCollision'
[move_group-6] [INFO] [1788934862.589136779] [move_group]: Try loading adapter 'default_planning_response_adapters/AddTimeOptimalParameterization'
[move_group-6] [INFO] [1788934862.590454192] [move_group]: Loaded adapter 'default_planning_response_adapters/AddTimeOptimalParameterization'
[move_group-6] [INFO] [1788934862.590460631] [move_group]: Try loading adapter 'default_planning_response_adapters/AddRuckigTrajectorySmoothing'
[move_group-6] [INFO] [1788934862.590467667] [move_group]: Loaded adapter 'default_planning_response_adapters/AddRuckigTrajectorySmoothing'
[move_group-6] [INFO] [1788934862.590470118] [move_group]: Try loading adapter 'default_planning_response_adapters/ValidateSolution'
[move_group-6] [INFO] [1788934862.591654031] [move_group]: Loaded adapter 'default_planning_response_adapters/ValidateSolution'
[move_group-6] [INFO] [1788934862.591662314] [move_group]: Try loading adapter 'default_planning_response_adapters/DisplayMotionPath'
[move_group-6] [INFO] [1788934862.591944497] [move_group]: Loaded adapter 'default_planning_response_adapters/DisplayMotionPath'
[move_group-6] [INFO] [1788934862.594220672] [move_group.moveit.moveit.planners.pilz.joint_limits_aggregator]: Reading limits from namespace robot_description_planning
[move_group-6] [INFO] [1788934862.595554060] [move_group.moveit.moveit.planners.pilz.command_planner]: Available plugins: pilz_industrial_motion_planner/PlanningContextLoaderCIRC pilz_industrial_motion_planner/PlanningContextLoaderLIN pilz_industrial_motion_planner/PlanningContextLoaderPTP pilz_industrial_motion_planner/PlanningContextLoaderPolyline 
[move_group-6] [INFO] [1788934862.595564332] [move_group.moveit.moveit.planners.pilz.command_planner]: About to load: pilz_industrial_motion_planner/PlanningContextLoaderCIRC
[move_group-6] [INFO] [1788934862.596352545] [move_group.moveit.moveit.planners.pilz.command_planner]: Registered Algorithm [CIRC]
[move_group-6] [INFO] [1788934862.596359826] [move_group.moveit.moveit.planners.pilz.command_planner]: About to load: pilz_industrial_motion_planner/PlanningContextLoaderLIN
[move_group-6] [INFO] [1788934862.596838919] [move_group.moveit.moveit.planners.pilz.command_planner]: Registered Algorithm [LIN]
[move_group-6] [INFO] [1788934862.596844705] [move_group.moveit.moveit.planners.pilz.command_planner]: About to load: pilz_industrial_motion_planner/PlanningContextLoaderPTP
[move_group-6] [INFO] [1788934862.597289327] [move_group.moveit.moveit.planners.pilz.command_planner]: Registered Algorithm [PTP]
[move_group-6] [INFO] [1788934862.597294510] [move_group.moveit.moveit.planners.pilz.command_planner]: About to load: pilz_industrial_motion_planner/PlanningContextLoaderPolyline
[move_group-6] [INFO] [1788934862.597740455] [move_group.moveit.moveit.planners.pilz.command_planner]: Registered Algorithm [POLYLINE]
[move_group-6] [INFO] [1788934862.597746247] [move_group.moveit.moveit.ros.planning_pipeline]: Successfully loaded planner 'Pilz Industrial Motion Planner'
[move_group-6] [INFO] [1788934862.599097804] [move_group]: Try loading adapter 'default_planning_request_adapters/ResolveConstraintFrames'
[move_group-6] [INFO] [1788934862.599244174] [move_group]: Loaded adapter 'default_planning_request_adapters/ResolveConstraintFrames'
[move_group-6] [INFO] [1788934862.599247336] [move_group]: Try loading adapter 'default_planning_request_adapters/ValidateWorkspaceBounds'
[move_group-6] [INFO] [1788934862.599395888] [move_group]: Loaded adapter 'default_planning_request_adapters/ValidateWorkspaceBounds'
[move_group-6] [INFO] [1788934862.599399980] [move_group]: Try loading adapter 'default_planning_request_adapters/CheckStartStateBounds'
[move_group-6] [INFO] [1788934862.599408489] [move_group]: Loaded adapter 'default_planning_request_adapters/CheckStartStateBounds'
[move_group-6] [INFO] [1788934862.599410435] [move_group]: Try loading adapter 'default_planning_request_adapters/CheckStartStateCollision'
[move_group-6] [INFO] [1788934862.599415981] [move_group]: Loaded adapter 'default_planning_request_adapters/CheckStartStateCollision'
[move_group-6] [INFO] [1788934862.600793622] [move_group]: Try loading adapter 'default_planning_response_adapters/ValidateSolution'
[move_group-6] [INFO] [1788934862.602407595] [move_group]: Loaded adapter 'default_planning_response_adapters/ValidateSolution'
[move_group-6] [INFO] [1788934862.602415034] [move_group]: Try loading adapter 'default_planning_response_adapters/DisplayMotionPath'
[move_group-6] [INFO] [1788934862.602568162] [move_group]: Loaded adapter 'default_planning_response_adapters/DisplayMotionPath'
[ros2_control_node-2] [INFO] [1788934862.602887633] [AuboE5Hardware]: on_configure OK (dual login, push active)
[ros2_control_node-2] [INFO] [1788934862.602905226] [resource_manager]: Successful 'configure' of hardware 'AuboE5System'
[ros2_control_node-2] [INFO] [1788934862.602925206] [resource_manager]: 'activate' hardware 'AuboE5System' 
[ros2_control_node-2] [INFO] [1788934862.612750129] [AuboE5Hardware]: on_activate OK (TCP2CAN active, send + IO threads running)
[ros2_control_node-2] [INFO] [1788934862.612753094] [AuboE5Hardware.sendLoop]: sendLoop started
[ros2_control_node-2] [INFO] [1788934862.612778872] [resource_manager]: Successful 'activate' of hardware 'AuboE5System'
[ros2_control_node-2] [INFO] [1788934862.612870572] [controller_manager]: Registering statistics for : AuboE5System
[ros2_control_node-2] [INFO] [1788934862.612924317] [controller_manager]: Resource Manager has been successfully initialized. Starting Controller Manager services...
[ros2_control_node-2] [INFO] [1788934862.613093564] [AuboE5Hardware.ioLoop]: ioLoop started
[move_group-6] [INFO] [1788934862.618539649] [move_group.moveit.moveit.plugins.simple_controller_manager]: Added FollowJointTrajectory controller for aubo_passthrough_trajectory_controller
[move_group-6] [INFO] [1788934862.618669953] [move_group.moveit.moveit.plugins.simple_controller_manager]: Returned 1 controllers in list
[move_group-6] [INFO] [1788934862.618689496] [move_group.moveit.moveit.plugins.simple_controller_manager]: Returned 1 controllers in list
[move_group-6] [INFO] [1788934862.619201551] [move_group.moveit.moveit.ros.trajectory_execution_manager]: Trajectory execution is not managing controllers
[move_group-6] [INFO] [1788934862.619212733] [move_group]: MoveGroup debug mode is ON
[extrinsics_publisher-9] [INFO] [1788934862.623893610] [hand_eye_extrinsics_publisher]: Published active camera extrinsic from /home/mu/Desktop/aubo_e5_jazzy_ws/src/aubo_hand_eye_calibration/hand_eye/active.yaml
[peach_observability-13] [INFO] [1788934862.624816178] [peach_observability]: 手动调试操作面未启用（debug.enabled=false）
[peach_observability-13] [INFO] [1788934862.626537823] [peach_observability]: 桃子采摘 Web 控制台（只读监控）: http://127.0.0.1:8090
[move_group-6] [INFO] [1788934862.636566605] [move_group.moveit.moveit.planners.pilz.move_group_sequence_action]: initialize move group sequence action
[move_group-6] [INFO] [1788934862.637952778] [move_group.moveit.moveit.planners.pilz.joint_limits_aggregator]: Reading limits from namespace robot_description_planning
[move_group-6] [INFO] [1788934862.638072577] [move_group.moveit.moveit.planners.pilz.joint_limits_aggregator]: Reading limits from namespace robot_description_planning
[move_group-6] [INFO] [1788934862.638451161] [move_group.moveit.moveit.ros.move_group.executable]: 
[move_group-6] 
[move_group-6] ********************************************************
[move_group-6] * MoveGroup using: 
[move_group-6] *     - apply_planning_scene_service
[move_group-6] *     - clear_octomap_service
[move_group-6] *     - ExecuteTaskSolution
[move_group-6] *     - get_group_urdf
[move_group-6] *     - load_geometry_from_file
[move_group-6] *     - CartesianPathService
[move_group-6] *     - execute_trajectory_action
[move_group-6] *     - get_planning_scene_service
[move_group-6] *     - kinematics_service
[move_group-6] *     - move_action
[move_group-6] *     - motion_plan_service
[move_group-6] *     - query_planners_service
[move_group-6] *     - state_validation_service
[move_group-6] *     - save_geometry_to_file
[move_group-6] *     - SequenceAction
[move_group-6] *     - SequenceService
[move_group-6] ********************************************************
[move_group-6] 
[move_group-6] [INFO] [1788934862.638474529] [move_group.moveit.moveit.ros.move_group.context]: MoveGroup context using pipeline ompl
[move_group-6] [INFO] [1788934862.638479472] [move_group.moveit.moveit.ros.move_group.context]: MoveGroup context initialization complete
[move_group-6] [96mLoading 'move_group/ApplyPlanningSceneService'...[0m
[move_group-6] [96mLoading 'move_group/ClearOctomapService'...[0m
[move_group-6] [96mLoading 'move_group/ExecuteTaskSolutionCapability'...[0m
[move_group-6] [96mLoading 'move_group/GetUrdfService'...[0m
[move_group-6] [96mLoading 'move_group/LoadGeometryFromFileService'...[0m
[move_group-6] [96mLoading 'move_group/MoveGroupCartesianPathService'...[0m
[move_group-6] [96mLoading 'move_group/MoveGroupExecuteTrajectoryAction'...[0m
[move_group-6] [96mLoading 'move_group/MoveGroupGetPlanningSceneService'...[0m
[move_group-6] [96mLoading 'move_group/MoveGroupKinematicsService'...[0m
[move_group-6] [96mLoading 'move_group/MoveGroupMoveAction'...[0m
[move_group-6] [96mLoading 'move_group/MoveGroupPlanService'...[0m
[move_group-6] [96mLoading 'move_group/MoveGroupQueryPlannersService'...[0m
[move_group-6] [96mLoading 'move_group/MoveGroupStateValidationService'...[0m
[move_group-6] [96mLoading 'move_group/SaveGeometryToFileService'...[0m
[move_group-6] [96mLoading 'pilz_industrial_motion_planner/MoveGroupSequenceAction'...[0m
[move_group-6] [96mLoading 'pilz_industrial_motion_planner/MoveGroupSequenceService'...[0m
[move_group-6] 
[move_group-6] [92mYou can start planning now![0m
[move_group-6] 
[component_container-8] [INFO] [1788934862.685833332] [camera.camera_container]: Found class: rclcpp_components::NodeFactoryTemplate<percipio_camera::PercipioCameraNodeDriver>
[component_container-8] [INFO] [1788934862.685862679] [camera.camera_container]: Instantiate class: rclcpp_components::NodeFactoryTemplate<percipio_camera::PercipioCameraNodeDriver>
[component_container-8] [INFO] [1788934862.689878270] [camera.camera]: Init lib
[component_container-8] [INFO] [1788934862.692981764] [camera.camera]:      - lib version: 4.2.10
[component_container-8] [INFO] [1788934862.693144271] [camera.camera]: PercipioCameraNodeDriver::init, deivce sn :
[component_container-8] [INFO] [1788934862.693148393] [camera.camera]: PercipioCameraNodeDriver::init, deivce ip :169.254.10.110
[ros2_control_node-2] [INFO] [1788934862.736906681] [controller_manager]: Loading controller : 'aubo_passthrough_trajectory_controller' of type 'aubo_e5_controllers/AuboPassthroughTrajectoryController'
[ros2_control_node-2] [INFO] [1788934862.736936181] [controller_manager]: Loading controller 'aubo_passthrough_trajectory_controller'
[ros2_control_node-2] [INFO] [1788934862.740142081] [controller_manager]: Controller 'aubo_passthrough_trajectory_controller' node arguments: --ros-args --params-file /tmp/launch_params_14kr7nl1 --params-file /home/mu/Desktop/aubo_e5_jazzy_ws/install/aubo_e5_bringup/share/aubo_e5_bringup/config/controllers.yaml 
[spawner-5] [INFO] [1788934862.753189980] [spawner_aubo_passthrough_trajectory_controller]: Loaded aubo_passthrough_trajectory_controller
[ros2_control_node-2] [INFO] [1788934862.753986047] [controller_manager]: Configuring controller: 'aubo_passthrough_trajectory_controller'
[ros2_control_node-2] [INFO] [1788934862.763272984] [controller_manager]: Activating controllers: [ aubo_passthrough_trajectory_controller ]
[ros2_control_node-2] [INFO] [1788934862.767498829] [controller_manager]: Successfully switched controllers!
[spawner-5] [INFO] [1788934862.772942323] [spawner_aubo_passthrough_trajectory_controller]: Configured and activated aubo_passthrough_trajectory_controller
[peach_target_reconstruction_node-11] [INFO] [1788934862.782380329] [peach_target_reconstruction_node]: peach_target_reconstruction_node ready: base=base_link color=/camera/color/image_raw depth=/camera/depth/image_raw slop=0.05s depth_scale_unit=0.25 views(min/rec/max)=2/5/24 require_static=True auto_mode=True session_root=/home/mu/Desktop/aubo_e5_jazzy_ws/runs
[peach_scene_perception_node-10] [INFO] [1788934862.801055392] [peach_scene_perception_node]: YOLO=/home/mu/Desktop/aubo_e5_jazzy_ws/install/peach_perception/share/peach_perception/model/best.pt
[peach_scene_perception_node-10] [INFO] [1788934862.801241879] [peach_scene_perception_node]: SAM=/home/mu/Desktop/aubo_e5_jazzy_ws/install/peach_perception/share/peach_perception/model/mobile_sam.pt
[INFO] [spawner-5]: process has finished cleanly [pid 141216]
[rviz2-7] [INFO] [1788934863.139491928] [rviz2]: Stereo is NOT SUPPORTED
[rviz2-7] [INFO] [1788934863.139546486] [rviz2]: OpenGl version: 4.6 (GLSL 4.6)
[rviz2-7] [INFO] [1788934863.309047084] [rviz2]: Stereo is NOT SUPPORTED
[spawner-3] [INFO] [1788934863.323807125] [spawner_joint_state_broadcaster]: waiting for service /controller_manager/list_controllers to become available...
[rviz2-7] Warning: class_loader.impl: SEVERE WARNING!!! A namespace collision has occurred with plugin factory for class rviz_default_plugins::displays::InteractiveMarkerDisplay. New factory will OVERWRITE existing one. This situation occurs when libraries containing plugins are directly linked against an executable (the one running right now generating this message). Please separate plugins out into their own library or just don't link against the library and use either class_loader::ClassLoader/MultiLibraryClassLoader to open.
[rviz2-7]          at line 321 in /opt/ros/jazzy/include/class_loader/class_loader/class_loader_core.hpp
[peach_scene_perception_node-10] [INFO] [1788934863.471780252] [peach_scene_perception_node]: Subscribed color=/camera/color/image_raw depth=/camera/depth/image_raw info=/camera/color/camera_info slop=0.05s optical=camera_color_optical_frame output=base_link depth_scale_unit=0.25 gravity_mode=tf calib=percipio-640x480-chessboard|hand_eye:import_humble_20260128T114006
[peach_scene_perception_node-10] [INFO] [1788934863.472061477] [peach_scene_perception_node]: 目标身份记忆已启用：match_radius=0.06 m, max_targets=50, ema=0.3
[ros2_control_node-2] [INFO] [1788934863.881602933] [controller_manager]: Loading controller : 'joint_state_broadcaster' of type 'joint_state_broadcaster/JointStateBroadcaster'
[ros2_control_node-2] [INFO] [1788934863.881632510] [controller_manager]: Loading controller 'joint_state_broadcaster'
[ros2_control_node-2] [INFO] [1788934863.883016793] [controller_manager]: Controller 'joint_state_broadcaster' node arguments: --ros-args --params-file /tmp/launch_params_14kr7nl1 --params-file /home/mu/Desktop/aubo_e5_jazzy_ws/install/aubo_e5_bringup/share/aubo_e5_bringup/config/controllers.yaml 
[spawner-3] [INFO] [1788934863.893320565] [spawner_joint_state_broadcaster]: Loaded joint_state_broadcaster
[ros2_control_node-2] [INFO] [1788934863.974478803] [controller_manager]: Configuring controller: 'joint_state_broadcaster'
[ros2_control_node-2] [INFO] [1788934863.974563255] [joint_state_broadcaster]: 'joints' or 'interfaces' parameter is empty. All available state interfaces will be published
[ros2_control_node-2] [INFO] [1788934863.983488721] [controller_manager]: Activating controllers: [ joint_state_broadcaster ]
[ros2_control_node-2] [INFO] [1788934863.987431859] [controller_manager]: Successfully switched controllers!
[spawner-3] [INFO] [1788934863.993012210] [spawner_joint_state_broadcaster]: Configured and activated joint_state_broadcaster
[spawner-4] [INFO] [1788934864.079831085] [spawner_aubo_io_controller]: waiting for service /controller_manager/list_controllers to become available...
[INFO] [spawner-3]: process has finished cleanly [pid 141214]
[ros2-16] [INFO] [1788934864.198597788] [rosbag2_recorder]: Subscribed to topic '/peach/perception/target_observations'
[ros2-16] [INFO] [1788934864.205940457] [rosbag2_recorder]: Subscribed to topic '/peach/reconstruction/status'
[ros2-16] [INFO] [1788934864.214734128] [rosbag2_recorder]: Subscribed to topic '/peach/reconstruction/shape_hypothesis'
[peach_manipulation_node-12] [WARN] [1788934864.224153293] [peach_manipulation_node]: scan.protected_zones 丢弃畸形盒: 盒#0 存在 min>=max 的轴（空盒/退化盒），已丢弃
[ros2-16] [INFO] [1788934864.232959247] [rosbag2_recorder]: Subscribed to topic '/peach/manipulation/grasp_hypothesis'
[peach_manipulation_node-12] [WARN] [1788934864.237985179] [rcl.logging_rosout]: Publisher already registered for node name: 'peach_manipulation_node'. If this is due to multiple nodes with the same name then all logs for the logger named 'peach_manipulation_node' will go out over the existing publisher. As soon as any node with that name is destructed it will unregister the publisher, preventing any further logs for that name from being published on the rosout topic.
[peach_manipulation_node-12] [INFO] [1788934864.244482065] [peach_manipulation_node.moveit.ros.rdf_loader]: Loaded robot model in 0.00306674 seconds
[peach_manipulation_node-12] [INFO] [1788934864.244520621] [peach_manipulation_node.moveit.core.robot_model]: Loading robot model 'aubo_e5'...
[peach_manipulation_node-12] [INFO] [1788934864.244527299] [peach_manipulation_node.moveit.core.robot_model]: No root/virtual joint specified in SRDF. Assuming fixed joint
[peach_manipulation_node-12] [INFO] [1788934864.280285388] [peach_manipulation_node.moveit.kinematics.kdl_kinematics_plugin]: Joint weights for group 'manipulator_e5': 1 1 1 1 1 1
[peach_manipulation_node-12] [INFO] [1788934864.288991522] [peach_manipulation_node.moveit.ros.move_group_interface]: Ready to take commands for planning group manipulator_e5.
[peach_manipulation_node-12] [INFO] [1788934864.289018197] [peach_manipulation_node]: 主动视觉靠近节点 ready: group=manipulator_e5 base=base_link tip=tcp camera=camera_depth_optical_frame execution=plan_only grasp=disabled
[peach_manipulation_node-12] [INFO] [1788934864.289033445] [peach_manipulation_node]: [IDLE] 已配置；activate 后才开放运动输出权限
[ros2-16] [INFO] [1788934864.379682124] [rosbag2_recorder]: Subscribed to topic '/peach_executor/state'
[ros2-16] [INFO] [1788934864.382825449] [rosbag2_recorder]: Subscribed to topic '/peach_executor/events'
[ros2-16] [INFO] [1788934864.383921959] [rosbag2_recorder]: Subscribed to topic '/peach_executor/scene_snapshot'
[ros2-16] [INFO] [1788934864.383932326] [rosbag2_recorder]: All requested topics are subscribed. Stopping discovery...
[ros2-16] [INFO] [1788934864.383934629] [rosbag2_recorder]: Topics discovery stopped.
[peach_executor-14] [INFO] [1788934864.424609836] [peach_executor]: task executor configured; will not auto-start harvest
[peach_scene_perception_node-10] [INFO] [1788934864.426985559] [peach_scene_perception_node]: perception Active：开始处理 RGB-D
[peach_target_reconstruction_node-11] [INFO] [1788934864.430426335] [peach_target_reconstruction_node]: reconstruction Active：开始积分
[peach_manipulation_node-12] [INFO] [1788934864.431480581] [peach_manipulation_node]: 节点已激活：运动输出权限开放
[peach_lifecycle_manager-15] [INFO] [1788934864.440596362] [peach_lifecycle_manager]: managed nodes Active（仍须显式 RunHarvest）
[ros2_control_node-2] [INFO] [1788934865.913564460] [controller_manager]: Loading controller : 'aubo_io_controller' of type 'aubo_e5_controllers/AuboIOController'
[ros2_control_node-2] [INFO] [1788934865.913598667] [controller_manager]: Loading controller 'aubo_io_controller'
[ros2_control_node-2] [INFO] [1788934865.913785941] [controller_manager]: Controller 'aubo_io_controller' node arguments: --ros-args --params-file /tmp/launch_params_14kr7nl1 --params-file /home/mu/Desktop/aubo_e5_jazzy_ws/install/aubo_e5_bringup/share/aubo_e5_bringup/config/controllers.yaml 
[component_container-8] [WARN] [1788934865.920011459] [GIGE2_0]: Failed to load default parameters, some parameters cannot be loaded properly!
[component_container-8] [INFO] [1788934865.920280653] [percipio_device]: color stream: 
[component_container-8] [INFO] [1788934865.920285234] [percipio_device]:         yuyv 2560x1920 2560x1920
[component_container-8] [INFO] [1788934865.920286774] [percipio_device]:         yuyv 1920x1440 1920x1440
[component_container-8] [INFO] [1788934865.920287701] [percipio_device]:         yuyv 1280x960 1280x960
[component_container-8] [INFO] [1788934865.920288789] [percipio_device]:         yuyv 640x480 640x480
[component_container-8] [INFO] [1788934865.920289708] [percipio_device]:         CSI BAYER12GR_2560x1920 2560x1920
[component_container-8] [INFO] [1788934865.920300039] [percipio_device]: depth stream: 
[component_container-8] [INFO] [1788934865.920301423] [percipio_device]:         DEPTH16_640x480 640x480
[component_container-8] [INFO] [1788934865.920302348] [percipio_device]:         DEPTH16_1280x960 1280x960
[component_container-8] [INFO] [1788934865.920303317] [percipio_device]:         DEPTH16_320x240 320x240
[component_container-8] [INFO] [1788934865.920307243] [percipio_device]: left-IR stream: 
[component_container-8] [INFO] [1788934865.920308504] [percipio_device]:         mono8 1280x960 1280x960
[component_container-8] [INFO] [1788934865.920312099] [percipio_device]: right-IR stream: 
[component_container-8] [INFO] [1788934865.920313219] [percipio_device]:         mono8 1280x960 1280x960
[component_container-8] [INFO] [1788934865.920323688] [GIGE2_0]: Depth distortion calib data check ret: 0(0)
[component_container-8] [INFO] [1788934865.920333941] [camera.camera]: Serial number:  207000152740
[component_container-8] [INFO] [1788934865.920345817] [camera.camera]: Model name:     PS800-E1
[component_container-8] [INFO] [1788934865.920347671] [camera.camera]: Build hash:     model:AP03B04-019PS80X_X_X_F107_XXL15_DVP_DF64_FC6;rtl:R0.2.6_0_g26e2cbc085;kernel:R3.13.77-0-gc484756878;tycam:R3.6.49-86ae766a;gevcam:R3.13.77-0-gd613cccf
[component_container-8] [INFO] [1788934865.920349630] [camera.camera]: Config version: r3.16.0-93f90f979a45de38f604fe0b207cb8712a39e7db
[component_container-8] Tue Oct 8 08:46:25 UTC 2024
[component_container-8] [INFO] [1788934865.922194736] [percipio_camera_node]: color camera_info override loaded from /home/mu/Desktop/aubo_e5_jazzy_ws/install/percipio_camera/share/percipio_camera/config/color_camera_info.yaml (camera_name=camera_color)
[spawner-4] [INFO] [1788934865.923056153] [spawner_aubo_io_controller]: Loaded aubo_io_controller
[ros2_control_node-2] [INFO] [1788934865.923659590] [controller_manager]: Configuring controller: 'aubo_io_controller'
[component_container-8] [INFO] [1788934865.923845825] [percipio_device]: Set stream mode(Depth): DEPTH16_640x480 640x480
[component_container-8] [INFO] [1788934865.923867469] [percipio_device]: Depth stream scale unit: 0.25
[component_container-8] [INFO] [1788934865.925662516] [percipio_device]: Set stream mode(Texture): yuyv 640x480 640x480
[ros2_control_node-2] [INFO] [1788934866.014207293] [controller_manager]: Activating controllers: [ aubo_io_controller ]
[ros2_control_node-2] [INFO] [1788934866.017394865] [controller_manager]: Successfully switched controllers!
[spawner-4] [INFO] [1788934866.023261272] [spawner_aubo_io_controller]: Configured and activated aubo_io_controller
[component_container-8] [INFO] [1788934866.145152608] [percipio_device]: Device now work at continuous mode.
[INFO] [spawner-4]: process has finished cleanly [pid 141215]
[INFO] [launch_ros.actions.load_composable_nodes]: Loaded node '/camera/camera' in container '/camera/camera_container'
[rviz2-7] [ERROR] [1788934866.387736638] [moveit_752665947.moveit.ros.motion_planning_frame]: Action server: /recognize_objects not available
[rviz2-7] [INFO] [1788934866.396106907] [moveit_752665947.moveit.ros.motion_planning_frame]: MoveGroup namespace changed: / -> . Reloading params.
[rviz2-7] [INFO] [1788934866.405980356] [rviz]: Subscribing to: /peach/perception/single_cloud
[rviz2-7] 
[rviz2-7] [INFO] [1788934866.406288476] [rviz]: Subscribing to: /peach/reconstruction/tsdf_cloud
[rviz2-7] 
[rviz2-7] [INFO] [1788934866.406595303] [rviz]: Subscribing to: /peach/reconstruction/tsdf_cloud
[rviz2-7] 
[rviz2-7] [INFO] [1788934866.406864497] [rviz]: Subscribing to: /peach/reconstruction/tsdf_cloud
[rviz2-7] 
[rviz2-7] [INFO] [1788934866.416407889] [rviz]: Subscribing to: /peach/perception/single_cloud
[rviz2-7] 
[rviz2-7] [INFO] [1788934866.416711195] [rviz]: Subscribing to: /peach/reconstruction/tsdf_cloud
[rviz2-7] 
[rviz2-7] [INFO] [1788934866.595140389] [rviz2]: Stereo is NOT SUPPORTED
[rviz2-7] [INFO] [1788934866.616617248] [moveit_752665947.moveit.ros.rdf_loader]: Loaded robot model in 0.00262632 seconds
[rviz2-7] [INFO] [1788934866.616659068] [moveit_752665947.moveit.core.robot_model]: Loading robot model 'aubo_e5'...
[rviz2-7] [INFO] [1788934866.616668298] [moveit_752665947.moveit.core.robot_model]: No root/virtual joint specified in SRDF. Assuming fixed joint
[rviz2-7] [INFO] [1788934866.650015657] [moveit_752665947.moveit.kinematics.kdl_kinematics_plugin]: Joint weights for group 'manipulator_e5': 1 1 1 1 1 1
[rviz2-7] [INFO] [1788934866.757106742] [moveit_752665947.moveit.ros.planning_scene_monitor]: Publishing maintained planning scene on 'monitored_planning_scene'
[rviz2-7] [INFO] [1788934866.761624478] [moveit_752665947.moveit.ros.planning_scene_monitor]: Starting planning scene monitor
[rviz2-7] [INFO] [1788934866.762079045] [moveit_752665947.moveit.ros.planning_scene_monitor]: Listening to '/monitored_planning_scene'
[rviz2-7] [INFO] [1788934866.877006647] [interactive_marker_display_96829281631200]: Connected on namespace: /rviz_moveit_motion_planning_display/robot_interaction_interactive_marker_topic
[rviz2-7] [INFO] [1788934866.880372369] [moveit_752665947.moveit.ros.motion_planning_frame]: group manipulator_e5
[rviz2-7] [INFO] [1788934866.880427002] [moveit_752665947.moveit.ros.motion_planning_frame]: Constructing new MoveGroup connection for group 'manipulator_e5' in namespace ''
[rviz2-7] [INFO] [1788934866.885299417] [interactive_marker_display_96829281631200]: Sending request for interactive markers
[rviz2-7] [INFO] [1788934866.885391180] [moveit_752665947.moveit.ros.move_group_interface]: Ready to take commands for planning group manipulator_e5.
[rviz2-7] [INFO] [1788934866.917816613] [interactive_marker_display_96829281631200]: Service response received for initialization
[peach_scene_perception_node-10] [INFO] [1788934866.970054114] [peach_scene_perception_node]: CameraInfo K fx=466.175 fy=465.557 cx=326.071 cy=244.789 640x480
[peach_scene_perception_node-10] /home/mu/Desktop/aubo_e5_jazzy_ws/aubo_py3.12/lib/python3.12/site-packages/matplotlib/projections/__init__.py:63: UserWarning: Unable to import Axes3D. This may be due to multiple versions of Matplotlib being installed (e.g. as a system package and as a pip package). As a result, the 3D projection is not available.
[peach_scene_perception_node-10]   warnings.warn("Unable to import Axes3D. This may be due to multiple versions of "
[ros2_control_node-2] 09/09/2026 14:21:02,449 [136192943158976] [INFO ] - log4cplus started.
[ros2_control_node-2] 09/09/2026 14:21:02,449 [136192943158976] [INFO ] - sdk log: Connect robot server success.
[ros2_control_node-2] 09/09/2026 14:21:02,487 [136192943158976] [INFO ] - sdk log: set dhparam success. type:0, DhParam:0.408000,0.376000,0.098500,0.121500,0.102500,0.094000
[ros2_control_node-2] 09/09/2026 14:21:02,487 [136192943158976] [INFO ] - sdk log: login  success.
[ros2_control_node-2] 09/09/2026 14:21:02,498 [136192943158976] [INFO ] - sdk log: enable joint6 360.
[ros2_control_node-2] 09/09/2026 14:21:02,498 [136192943158976] [INFO ] - sdk log: login completed, set joint6 retate 360 falg success. joint6Rot360Enable=1
[ros2_control_node-2] 09/09/2026 14:21:02,498 [136192943158976] [INFO ] - sdk log: Connect robot server success.
[ros2_control_node-2] 09/09/2026 14:21:02,524 [136192943158976] [INFO ] - sdk log: login  success.
[ros2_control_node-2] 09/09/2026 14:21:02,537 [136192943158976] [INFO ] - sdk log: enable joint6 360.
[ros2_control_node-2] 09/09/2026 14:21:02,537 [136192943158976] [INFO ] - sdk log: login completed, set joint6 retate 360 falg success. joint6Rot360Enable=1
[ros2_control_node-2] 09/09/2026 14:21:02,606 [136192943158976] [ERROR] - sdk log: Response return false. cmd Type:CommunicationType_EnterTcp2CanbusMode  errorCode:10023
[component_container-8] 1788934862693 (2026-09-09 14:21:02) Update interface list
[component_container-8] 1788934862693 (2026-09-09 14:21:02) Got 4 interface list
[component_container-8] 1788934862693 (2026-09-09 14:21:02) Found interface 0:
[component_container-8] 1788934862693 (2026-09-09 14:21:02)   name: Dpb
[component_container-8] 1788934862693 (2026-09-09 14:21:02)   id:   usb-dpb
[component_container-8] 1788934862693 (2026-09-09 14:21:02)   type: 0x2
[component_container-8] 1788934862693 (2026-09-09 14:21:02) Found interface 1:
[component_container-8] 1788934862693 (2026-09-09 14:21:02)   name: eth-fc:9d:05:6c:6f:a0
[component_container-8] 1788934862693 (2026-09-09 14:21:02)   id:   eth-fc:9d:05:6c:6f:a00b0afea9
[component_container-8] 1788934862693 (2026-09-09 14:21:02)   type: 0x4
[component_container-8] 1788934862693 (2026-09-09 14:21:02)     MAC: fc:9d:05:6c:6f:a0
[component_container-8] 1788934862693 (2026-09-09 14:21:02)     ip: 169.254.10.11
[component_container-8] 1788934862693 (2026-09-09 14:21:02)     netmask: 255.255.0.0
[component_container-8] 1788934862693 (2026-09-09 14:21:02)     gateway: 
[component_container-8] 1788934862693 (2026-09-09 14:21:02)     broadcast: 169.254.255.255
[component_container-8] 1788934862693 (2026-09-09 14:21:02) Found interface 2:
[component_container-8] 1788934862693 (2026-09-09 14:21:02)   name: eth-ec:3a:56:0c:7b:24
[component_container-8] 1788934862693 (2026-09-09 14:21:02)   id:   eth-ec:3a:56:0c:7b:245a02a8c0
[component_container-8] 1788934862693 (2026-09-09 14:21:02)   type: 0x4
[component_container-8] 1788934862693 (2026-09-09 14:21:02)     MAC: ec:3a:56:0c:7b:24
[component_container-8] 1788934862693 (2026-09-09 14:21:02)     ip: 192.168.2.90
[component_container-8] 1788934862693 (2026-09-09 14:21:02)     netmask: 255.255.255.0
[component_container-8] 1788934862693 (2026-09-09 14:21:02)     gateway: 
[component_container-8] 1788934862693 (2026-09-09 14:21:02)     broadcast: 192.168.2.255
[component_container-8] 1788934862693 (2026-09-09 14:21:02) Found interface 3:
[component_container-8] 1788934862693 (2026-09-09 14:21:02)   name: eth-3e:fb:c2:05:17:4a
[component_container-8] 1788934862693 (2026-09-09 14:21:02)   id:   eth-3e:fb:c2:05:17:4a010011ac
[component_container-8] 1788934862693 (2026-09-09 14:21:02)   type: 0x4
[component_container-8] 1788934862693 (2026-09-09 14:21:02)     MAC: 3e:fb:c2:05:17:4a
[component_container-8] 1788934862693 (2026-09-09 14:21:02)     ip: 172.17.0.1
[component_container-8] 1788934862693 (2026-09-09 14:21:02)     netmask: 255.255.0.0
[component_container-8] 1788934862693 (2026-09-09 14:21:02)     gateway: 
[component_container-8] 1788934862693 (2026-09-09 14:21:02)     broadcast: 172.17.255.255
[component_container-8] 1788934865709 (2026-09-09 14:21:05) *** Select 207000152740 on eth-fc:9d:05:6c:6f:a00b0afea9, ip 169.254.10.110
[component_container-8] 1788934865920 (2026-09-09 14:21:05) ===                       : entry count 5
[component_container-8] 1788934865920 (2026-09-09 14:21:05) ===                       : entry count 3
[component_container-8] 1788934865920 (2026-09-09 14:21:05) ===                       : entry count 1
[component_container-8] 1788934865920 (2026-09-09 14:21:05) ===                       : entry count 1
[peach_scene_perception_node-10] [INFO] [1788934868.950401337] [peach_scene_perception_node]: 目标注册表在册 2 个目标（累计注册 2、累计命中 0）
[component_container-8] [INFO] [1788934872.287500651] [percipio_device]: fps = 2.43082
[component_container-8] [INFO] [1788934878.054949550] [percipio_device]: fps = 2.42809
[peach_scene_perception_node-10] [INFO] [1788934879.093808503] [peach_scene_perception_node]: 目标注册表在册 2 个目标（累计注册 2、累计命中 52）
[component_container-8] [INFO] [1788934883.819688573] [percipio_device]: fps = 2.42991
[peach_scene_perception_node-10] [INFO] [1788934889.348913093] [peach_scene_perception_node]: 目标注册表在册 2 个目标（累计注册 2、累计命中 102）
[component_container-8] [INFO] [1788934889.589124450] [percipio_device]: fps = 2.42854
[component_container-8] [INFO] [1788934895.362239552] [percipio_device]: fps = 2.42492
[peach_scene_perception_node-10] [INFO] [1788934899.660849864] [peach_scene_perception_node]: 目标注册表在册 2 个目标（累计注册 2、累计命中 152）
[component_container-8] [INFO] [1788934901.127727782] [percipio_device]: fps = 2.42809
[component_container-8] [INFO] [1788934906.897989995] [percipio_device]: fps = 2.42809
[peach_scene_perception_node-10] [INFO] [1788934909.990661946] [peach_scene_perception_node]: 目标注册表在册 2 个目标（累计注册 2、累计命中 200）
[component_container-8] [INFO] [1788934912.669079088] [percipio_device]: fps = 2.42492
[component_container-8] [INFO] [1788934918.434216438] [percipio_device]: fps = 2.429
[peach_scene_perception_node-10] [INFO] [1788934920.290800194] [peach_scene_perception_node]: 目标注册表在册 2 个目标（累计注册 2、累计命中 250）
[component_container-8] [INFO] [1788934924.199765513] [percipio_device]: fps = 2.429
[component_container-8] [INFO] [1788934929.967124306] [percipio_device]: fps = 2.42764
[peach_scene_perception_node-10] [INFO] [1788934930.649970343] [peach_scene_perception_node]: 目标注册表在册 2 个目标（累计注册 2、累计命中 300）
[component_container-8] [INFO] [1788934935.738814335] [percipio_device]: fps = 2.42492
[peach_scene_perception_node-10] [INFO] [1788934940.864991565] [peach_scene_perception_node]: 目标注册表在册 2 个目标（累计注册 2、累计命中 348）
[component_container-8] [INFO] [1788934941.505939929] [percipio_device]: fps = 2.42673
[component_container-8] [INFO] [1788934947.272505141] [percipio_device]: fps = 2.42673
[peach_scene_perception_node-10] [INFO] [1788934951.179001763] [peach_scene_perception_node]: 目标注册表在册 2 个目标（累计注册 2、累计命中 398）
[component_container-8] [INFO] [1788934953.040186234] [percipio_device]: fps = 2.42718
[peach_target_reconstruction_node-11] [WARN] [1788934956.247076893] [peach_target_reconstruction_node]: 重建 worker 队列已满，拒绝新帧以保持积分顺序
[component_container-8] [INFO] [1788934958.805918331] [percipio_device]: fps = 2.42991
[peach_scene_perception_node-10] [INFO] [1788934961.506358494] [peach_scene_perception_node]: 目标注册表在册 2 个目标（累计注册 2、累计命中 448）
[component_container-8] [INFO] [1788934964.575716791] [percipio_device]: fps = 2.42583
[component_container-8] [INFO] [1788934970.343794342] [percipio_device]: fps = 2.42718
[peach_scene_perception_node-10] [INFO] [1788934971.785636020] [peach_scene_perception_node]: 目标注册表在册 2 个目标（累计注册 2、累计命中 498）
[component_container-8] [INFO] [1788934976.112233638] [percipio_device]: fps = 2.42583
[component_container-8] [INFO] [1788934981.884595849] [percipio_device]: fps = 2.42673
[peach_scene_perception_node-10] [INFO] [1788934983.435496047] [peach_scene_perception_node]: 目标注册表在册 2 个目标（累计注册 2、累计命中 532）
[component_container-8] [INFO] [1788934987.651266148] [percipio_device]: fps = 2.42583
[component_container-8] [INFO] [1788934993.413178789] [percipio_device]: fps = 2.43036
[peach_scene_perception_node-10] [INFO] [1788934993.596478002] [peach_scene_perception_node]: 目标注册表在册 2 个目标（累计注册 2、累计命中 584）
[component_container-8] [INFO] [1788934999.182612822] [percipio_device]: fps = 2.42854
[peach_scene_perception_node-10] [INFO] [1788935004.425687262] [peach_scene_perception_node]: 目标注册表在册 2 个目标（累计注册 2、累计命中 618）
[component_container-8] [INFO] [1788935004.950324706] [percipio_device]: fps = 2.42764
[component_container-8] [INFO] [1788935010.720216938] [percipio_device]: fps = 2.42537
[peach_scene_perception_node-10] [INFO] [1788935014.708693360] [peach_scene_perception_node]: 目标注册表在册 2 个目标（累计注册 2、累计命中 668）
[component_container-8] [INFO] [1788935016.485557170] [percipio_device]: fps = 2.42854
[component_container-8] [INFO] [1788935022.256630544] [percipio_device]: fps = 2.42673
[peach_scene_perception_node-10] [INFO] [1788935024.898180653] [peach_scene_perception_node]: 目标注册表在册 2 个目标（累计注册 2、累计命中 718）
[component_container-8] [INFO] [1788935028.022179706] [percipio_device]: fps = 2.42854
[component_container-8] [INFO] [1788935033.786775531] [percipio_device]: fps = 2.42854
[peach_scene_perception_node-10] [INFO] [1788935035.236104216] [peach_scene_perception_node]: 目标注册表在册 2 个目标（累计注册 2、累计命中 768）
[component_container-8] [INFO] [1788935039.557314437] [percipio_device]: fps = 2.42492
[component_container-8] [INFO] [1788935045.329502613] [percipio_device]: fps = 2.42402
[peach_scene_perception_node-10] [INFO] [1788935045.528844853] [peach_scene_perception_node]: 目标注册表在册 2 个目标（累计注册 2、累计命中 818）
[component_container-8] [INFO] [1788935051.093196251] [percipio_device]: fps = 2.42718
[peach_scene_perception_node-10] [INFO] [1788935055.814029968] [peach_scene_perception_node]: 目标注册表在册 2 个目标（累计注册 2、累计命中 868）
[component_container-8] [INFO] [1788935056.866355616] [percipio_device]: fps = 2.42402
[component_container-8] [INFO] [1788935062.631195564] [percipio_device]: fps = 2.42854
[peach_scene_perception_node-10] [INFO] [1788935067.454143420] [peach_scene_perception_node]: 目标注册表在册 2 个目标（累计注册 2、累计命中 914）
[component_container-8] [INFO] [1788935068.393677158] [percipio_device]: fps = 2.43036
[component_container-8] [INFO] [1788935074.162989675] [percipio_device]: fps = 2.42673
[peach_scene_perception_node-10] [INFO] [1788935077.656592157] [peach_scene_perception_node]: 目标注册表在册 2 个目标（累计注册 2、累计命中 966）
[peach_manipulation_node-12] [WARN] [1788935079.231492423] [peach_manipulation_node]: scan.protected_zones 丢弃畸形盒: 盒#0 存在 min>=max 的轴（空盒/退化盒），已丢弃
[peach_target_reconstruction_node-11] [WARN] [1788935079.274977786] [peach_target_reconstruction_node]: 重建 worker 队列已满，拒绝新帧以保持积分顺序
[component_container-8] [INFO] [1788935079.932341153] [percipio_device]: fps = 2.42537
[peach_manipulation_node-12] [WARN] [1788935082.203711497] [peach_manipulation_node]: scan.protected_zones 丢弃畸形盒: 盒#0 存在 min>=max 的轴（空盒/退化盒），已丢弃
[component_container-8] [INFO] [1788935085.701829061] [percipio_device]: fps = 2.42537
[peach_scene_perception_node-10] [INFO] [1788935087.938903475] [peach_scene_perception_node]: 目标注册表在册 2 个目标（累计注册 2、累计命中 1016）
[peach_target_reconstruction_node-11] [WARN] [1788935088.279928518] [peach_target_reconstruction_node]: 重建 worker 队列已满，拒绝新帧以保持积分顺序
[component_container-8] [INFO] [1788935091.468341848] [percipio_device]: fps = 2.42809
[peach_manipulation_node-12] [INFO] [1788935095.144583607] [peach_manipulation_node.moveit.ros.move_group_interface]: MoveGroup action client/server ready
[move_group-6] [INFO] [1788935095.145042301] [move_group.moveit.moveit.ros.move_group.move_action]: MoveGroupMoveAction: Received request
[peach_manipulation_node-12] [INFO] [1788935095.145148308] [peach_manipulation_node.moveit.ros.move_group_interface]: Planning request accepted
[move_group-6] [INFO] [1788935095.145259384] [move_group.moveit.moveit.ros.move_group.move_action]: executing..
[move_group-6] [INFO] [1788935095.147599938] [move_group.moveit.moveit.ros.move_group.move_action]: Planning request received for MoveGroup action. Forwarding to planning pipeline.
[move_group-6] [INFO] [1788935095.147624643] [move_group.moveit.moveit.ros.move_group.capability]: Using planning pipeline 'pilz_industrial_motion_planner'
[move_group-6] [INFO] [1788935095.147785732] [move_group]: Calling PlanningRequestAdapter 'ResolveConstraintFrames'
[move_group-6] [INFO] [1788935095.147805013] [move_group]: Calling PlanningRequestAdapter 'ValidateWorkspaceBounds'
[move_group-6] [WARN] [1788935095.147809058] [move_group.moveit.moveit.ros.validate_workspace_bounds]: It looks like the planning volume was not specified. Using default values.
[move_group-6] [INFO] [1788935095.147816358] [move_group]: Calling PlanningRequestAdapter 'CheckStartStateBounds'
[move_group-6] [INFO] [1788935095.147835514] [move_group]: Calling PlanningRequestAdapter 'CheckStartStateCollision'
[move_group-6] [INFO] [1788935095.148011400] [move_group.moveit.moveit.planners.pilz.trajectory_generator.ptp]: Initialized Point-to-Point Trajectory Generator.
[move_group-6] [INFO] [1788935095.148036852] [move_group]: Calling Planner 'Pilz Industrial Motion Planner'
[move_group-6] [INFO] [1788935095.148059018] [move_group.moveit.moveit.planners.pilz.trajectory_generator]: Generating PTP trajectory...
[move_group-6] [INFO] [1788935095.148125434] [move_group.moveit.moveit.planners.pilz.trajectory_generator.ptp]: Goal already reached, set one goal point explicitly.
[move_group-6] [INFO] [1788935095.148223219] [move_group]: Calling PlanningResponseAdapter 'ValidateSolution'
[move_group-6] [INFO] [1788935095.148295068] [move_group]: Calling PlanningResponseAdapter 'DisplayMotionPath'
[move_group-6] [INFO] [1788935095.148362898] [move_group.moveit.moveit.ros.move_group.move_action]: Motion plan was computed successfully.
[peach_manipulation_node-12] [INFO] [1788935095.148834216] [peach_manipulation_node.moveit.ros.move_group_interface]: Planning request complete!
[peach_manipulation_node-12] [INFO] [1788935095.149283674] [peach_manipulation_node.moveit.ros.move_group_interface]: time taken to generate plan: 0.000110343 seconds
[move_group-6] [INFO] [1788935095.149643756] [move_group.moveit.moveit.ros.move_group.clear_octomap_service]: Execution request received
[move_group-6] [INFO] [1788935095.149679622] [move_group.moveit.moveit.plugins.simple_controller_manager]: Returned 1 controllers in list
[move_group-6] [INFO] [1788935095.149693513] [move_group.moveit.moveit.plugins.simple_controller_manager]: Returned 1 controllers in list
[move_group-6] [INFO] [1788935095.149792891] [move_group.moveit.moveit.ros.trajectory_execution_manager]: Validating trajectory with allowed_start_tolerance 0.15
[peach_manipulation_node-12] [INFO] [1788935095.149920455] [peach_manipulation_node.moveit.ros.move_group_interface]: Execute request accepted
[move_group-6] [INFO] [1788935095.152672259] [move_group.moveit.moveit.ros.trajectory_execution_manager]: Starting trajectory execution ...
[move_group-6] [INFO] [1788935095.152708138] [move_group.moveit.moveit.plugins.simple_controller_manager]: Returned 1 controllers in list
[move_group-6] [INFO] [1788935095.152720427] [move_group.moveit.moveit.plugins.simple_controller_manager]: Returned 1 controllers in list
[move_group-6] [INFO] [1788935095.152915866] [moveit.simple_controller_manager.follow_joint_trajectory_controller_handle]: sending trajectory to aubo_passthrough_trajectory_controller
[ros2_control_node-2] [INFO] [1788935095.153118577] [aubo_passthrough_trajectory_controller]: Received new trajectory.
[ros2_control_node-2] [INFO] [1788935095.153218702] [aubo_passthrough_trajectory_controller]: Accepted new trajectory with 1 points.
[ros2_control_node-2] [INFO] [1788935095.153246120] [aubo_passthrough_trajectory_controller]: Effective goal time: 0 sec
[move_group-6] [INFO] [1788935095.153266535] [moveit.simple_controller_manager.follow_joint_trajectory_controller_handle]: aubo_passthrough_trajectory_controller started execution
[move_group-6] [INFO] [1788935095.153287143] [moveit.simple_controller_manager.follow_joint_trajectory_controller_handle]: Goal request accepted!
[ros2_control_node-2] [INFO] [1788935095.432293539] [aubo_passthrough_trajectory_controller]: Trajectory executed successfully (goal-hold confirmed in 0.274778 s).
[move_group-6] [INFO] [1788935095.453566658] [moveit.simple_controller_manager.follow_joint_trajectory_controller_handle]: Controller 'aubo_passthrough_trajectory_controller' successfully finished
[move_group-6] [INFO] [1788935095.467660494] [move_group.moveit.moveit.ros.trajectory_execution_manager]: Completed trajectory execution with status SUCCEEDED ...
[move_group-6] [INFO] [1788935095.467800584] [move_group.moveit.moveit.ros.move_group.clear_octomap_service]: Execution completed: SUCCEEDED
[peach_manipulation_node-12] [INFO] [1788935095.468029072] [peach_manipulation_node.moveit.ros.move_group_interface]: Execute request success!
[peach_manipulation_node-12] [INFO] [1788935095.469426290] [peach_manipulation_node.moveit.ros.current_state_monitor]: Listening to joint states on topic 'joint_states'
[component_container-8] [INFO] [1788935097.238637340] [percipio_device]: fps = 2.42673
[peach_target_reconstruction_node-11] [WARN] [1788935097.496357410] [peach_target_reconstruction_node]: 重建 worker 队列已满，拒绝新帧以保持积分顺序
[peach_scene_perception_node-10] [INFO] [1788935098.255101203] [peach_scene_perception_node]: 目标注册表在册 2 个目标（累计注册 2、累计命中 1058）
[component_container-8] [INFO] [1788935103.002759947] [percipio_device]: fps = 2.43082
[peach_scene_perception_node-10] [INFO] [1788935108.536116723] [peach_scene_perception_node]: 目标注册表在册 2 个目标（累计注册 2、累计命中 1108）
[component_container-8] [INFO] [1788935108.772843441] [percipio_device]: fps = 2.42492
[peach_target_reconstruction_node-11] [INFO] [1788935111.459529743] [peach_target_reconstruction_node]: 已清空，回 IDLE
[peach_target_reconstruction_node-11] [INFO] [1788935112.260041608] [peach_target_reconstruction_node]: 自动开始：开始重建，绑定目标 target_0
[peach_manipulation_node-12] [INFO] [1788935112.262838338] [peach_manipulation_node]: [PLAN_OBSERVATION] 生成目标导向主动视点
[peach_manipulation_node-12] [INFO] [1788935112.263043798] [peach_manipulation_node]: [WAIT_FRAME] 当前位采帧，不环绕
[peach_target_reconstruction_node-11] [INFO] [1788935112.291308009] [peach_target_reconstruction_node]: REFINING：几何二次拟合开始（kind=bag，542 点）
[peach_target_reconstruction_node-11] [INFO] [1788935112.459097676] [peach_target_reconstruction_node]: REFINING 完成：cylinder status=ACCEPT final=False axis=[0.3695, -0.7395, 0.5627] diameter=100.6mm
[peach_target_reconstruction_node-11] [INFO] [1788935112.459276849] [peach_target_reconstruction_node]: 已采第 1/5 视角，本帧 3503 点，有效深度占比 0.46，位姿=fk
[peach_target_reconstruction_node-11] [INFO] [1788935112.473320901] [peach_target_reconstruction_node]: 已采第 2/5 视角，本帧 3503 点，有效深度占比 0.46，位姿=fk
[peach_target_reconstruction_node-11] [WARN] [1788935112.480474045] [peach_target_reconstruction_node]: 自动采帧跳过 [same_stamp]：缓存帧未更新（与上次采帧同帧），请等下一帧
[peach_manipulation_node-12] [INFO] [1788935112.592798641] [peach_manipulation_node]: 当前位已采重建帧，不环绕；基线未过再做最多两次最近短移
[peach_manipulation_node-12] [INFO] [1788935112.592955359] [peach_manipulation_node]: [MOVE_TO_VIEW] see_a-1_e0_r1 score=0.410635 travel=0.125778m
[peach_manipulation_node-12] [INFO] [1788935112.593150787] [peach_manipulation_node.moveit.ros.move_group_interface]: MoveGroup action client/server ready
[move_group-6] [INFO] [1788935112.593457101] [move_group.moveit.moveit.ros.move_group.move_action]: MoveGroupMoveAction: Received request
[move_group-6] [INFO] [1788935112.593734234] [move_group.moveit.moveit.ros.move_group.move_action]: executing..
[peach_manipulation_node-12] [INFO] [1788935112.593586775] [peach_manipulation_node.moveit.ros.move_group_interface]: Planning request accepted
[move_group-6] [INFO] [1788935112.597589088] [move_group.moveit.moveit.ros.move_group.move_action]: Planning request received for MoveGroup action. Forwarding to planning pipeline.
[move_group-6] [INFO] [1788935112.597612250] [move_group.moveit.moveit.ros.move_group.capability]: Using planning pipeline 'pilz_industrial_motion_planner'
[move_group-6] [INFO] [1788935112.597790801] [move_group]: Calling PlanningRequestAdapter 'ResolveConstraintFrames'
[move_group-6] [INFO] [1788935112.597820670] [move_group]: Calling PlanningRequestAdapter 'ValidateWorkspaceBounds'
[move_group-6] [WARN] [1788935112.597823423] [move_group.moveit.moveit.ros.validate_workspace_bounds]: It looks like the planning volume was not specified. Using default values.
[move_group-6] [INFO] [1788935112.597829641] [move_group]: Calling PlanningRequestAdapter 'CheckStartStateBounds'
[move_group-6] [INFO] [1788935112.597838634] [move_group]: Calling PlanningRequestAdapter 'CheckStartStateCollision'
[move_group-6] [INFO] [1788935112.597930624] [move_group]: Calling Planner 'Pilz Industrial Motion Planner'
[move_group-6] [INFO] [1788935112.597939358] [move_group.moveit.moveit.planners.pilz.trajectory_generator]: Generating LIN trajectory...
[move_group-6] [INFO] [1788935112.598218084] [move_group.moveit.moveit.planners.pilz.trajectory_generator]: using default max_cartesian_speed: 0.250000
[move_group-6] [INFO] [1788935112.600711402] [move_group]: Calling PlanningResponseAdapter 'ValidateSolution'
[move_group-6] [INFO] [1788935112.602031292] [move_group]: Calling PlanningResponseAdapter 'DisplayMotionPath'
[move_group-6] [INFO] [1788935112.602140472] [move_group.moveit.moveit.ros.move_group.move_action]: Motion plan was computed successfully.
[peach_manipulation_node-12] [INFO] [1788935112.602318582] [peach_manipulation_node.moveit.ros.move_group_interface]: Planning request complete!
[peach_manipulation_node-12] [INFO] [1788935112.602824352] [peach_manipulation_node.moveit.ros.move_group_interface]: time taken to generate plan: 0.00272115 seconds
[move_group-6] [INFO] [1788935112.603177888] [move_group.moveit.moveit.ros.move_group.clear_octomap_service]: Execution request received
[peach_manipulation_node-12] [INFO] [1788935112.603189859] [peach_manipulation_node.moveit.ros.move_group_interface]: Execute request accepted
[move_group-6] [INFO] [1788935112.603212754] [move_group.moveit.moveit.plugins.simple_controller_manager]: Returned 1 controllers in list
[move_group-6] [INFO] [1788935112.603222897] [move_group.moveit.moveit.plugins.simple_controller_manager]: Returned 1 controllers in list
[move_group-6] [INFO] [1788935112.603261368] [move_group.moveit.moveit.ros.trajectory_execution_manager]: Validating trajectory with allowed_start_tolerance 0.15
[move_group-6] [INFO] [1788935112.607765736] [move_group.moveit.moveit.ros.trajectory_execution_manager]: Starting trajectory execution ...
[move_group-6] [INFO] [1788935112.607798979] [move_group.moveit.moveit.plugins.simple_controller_manager]: Returned 1 controllers in list
[move_group-6] [INFO] [1788935112.607811855] [move_group.moveit.moveit.plugins.simple_controller_manager]: Returned 1 controllers in list
[move_group-6] [INFO] [1788935112.607978046] [moveit.simple_controller_manager.follow_joint_trajectory_controller_handle]: sending trajectory to aubo_passthrough_trajectory_controller
[ros2_control_node-2] [INFO] [1788935112.608240177] [aubo_passthrough_trajectory_controller]: Received new trajectory.
[ros2_control_node-2] [INFO] [1788935112.608281820] [aubo_passthrough_trajectory_controller]: Accepted new trajectory with 80 points.
[ros2_control_node-2] [INFO] [1788935112.608314281] [aubo_passthrough_trajectory_controller]: Effective goal time: 0 sec
[move_group-6] [INFO] [1788935112.608461441] [moveit.simple_controller_manager.follow_joint_trajectory_controller_handle]: aubo_passthrough_trajectory_controller started execution
[move_group-6] [INFO] [1788935112.608468360] [moveit.simple_controller_manager.follow_joint_trajectory_controller_handle]: Goal request accepted!
[peach_target_reconstruction_node-11] [WARN] [1788935113.736585168] [peach_target_reconstruction_node]: 自动采帧跳过 [stale_frame]：缓存帧龄期 2.24 s > max_frame_age_s=2.0（陈帧拒采）
[component_container-8] [INFO] [1788935114.539287409] [percipio_device]: fps = 2.42628
[peach_target_reconstruction_node-11] [WARN] [1788935114.969133136] [peach_target_reconstruction_node]: 自动采帧跳过 [missing_mask]：缺少所选 target_id 的同时间戳掩膜
[peach_target_reconstruction_node-11] [WARN] [1788935116.204912837] [peach_target_reconstruction_node]: 自动采帧跳过 [robot_not_static]：机器人未静止：最大关节速度 0.6532 rad/s > 0.03
[peach_target_reconstruction_node-11] [WARN] [1788935117.442028790] [peach_target_reconstruction_node]: 自动采帧跳过 [robot_not_static]：机器人未静止：最大关节速度 0.7113 rad/s > 0.03
[peach_target_reconstruction_node-11] [WARN] [1788935118.681986559] [peach_target_reconstruction_node]: 自动采帧跳过 [robot_not_static]：机器人未静止：最大关节速度 0.7849 rad/s > 0.03
[peach_scene_perception_node-10] [INFO] [1788935118.779867177] [peach_scene_perception_node]: 目标注册表在册 2 个目标（累计注册 2、累计命中 1134）
[peach_target_reconstruction_node-11] [WARN] [1788935119.909883305] [peach_target_reconstruction_node]: 自动采帧跳过 [robot_not_static]：机器人未静止：���大关节速度 0.8523 rad/s > 0.03
[component_container-8] [INFO] [1788935120.311302674] [percipio_device]: fps = 2.42356
[peach_target_reconstruction_node-11] [INFO] [1788935120.464231204] [peach_target_reconstruction_node]: REFINING：几何二次拟合开始（kind=bag，1422 点）
[peach_target_reconstruction_node-11] [WARN] [1788935120.584697568] [peach_target_reconstruction_node]: refit/融合未收敛，保留上一帧袋模型：landmark_axis_conflict
[peach_target_reconstruction_node-11] [INFO] [1788935120.585226112] [peach_target_reconstruction_node]: 已采第 3/5 视角，本帧 5089 点，有效深度占比 0.83，位姿=fk
[peach_target_reconstruction_node-11] [INFO] [1788935120.602297774] [peach_target_reconstruction_node]: REFINING：几何二次拟合开始（kind=bag，1422 点）
[peach_target_reconstruction_node-11] [WARN] [1788935120.709834349] [peach_target_reconstruction_node]: REFINING：无接触权威几何（landmark_axis_conflict）
[peach_target_reconstruction_node-11] [WARN] [1788935120.710382017] [peach_target_reconstruction_node]: 局部重建完成：3 帧，12095 点（少于推荐 5 帧）；重叠 mean=2.6mm p95=11.2mm；TSDF 1422 点 / mesh 2587 顶点（累计积分 0.02s）；refit 失败（landmark_axis_conflict）；refit 未产出可用几何
[peach_target_reconstruction_node-11] [ERROR] [1788935120.713075737] [peach_target_reconstruction_node.action_server]: Error raised in execute callback: Object of type ndarray is not JSON serializable
[peach_target_reconstruction_node-11] Traceback (most recent call last):
[peach_target_reconstruction_node-11]   File "/opt/ros/jazzy/lib/python3.12/site-packages/rclpy/action/server.py", line 360, in _execute_goal
[peach_target_reconstruction_node-11]     execute_result = await await_or_execute(execute_callback, goal_handle)
[peach_target_reconstruction_node-11]                      ^^^^^^^^^^^^^^^^^^^^^^^^^^^^^^^^^^^^^^^^^^^^^^^^^^^^^
[peach_target_reconstruction_node-11]   File "/opt/ros/jazzy/lib/python3.12/site-packages/rclpy/executors.py", line 115, in await_or_execute
[peach_target_reconstruction_node-11]     return callback(*args)
[peach_target_reconstruction_node-11]            ^^^^^^^^^^^^^^^
[peach_target_reconstruction_node-11]   File "/home/mu/Desktop/aubo_e5_jazzy_ws/install/peach_perception/lib/python3.12/site-packages/peach_perception/target_reconstruction/target_reconstruction_node.py", line 1677, in _on_build_target_model
[peach_target_reconstruction_node-11]     return self._build_target_model_body(goal_handle)
[peach_target_reconstruction_node-11]            ^^^^^^^^^^^^^^^^^^^^^^^^^^^^^^^^^^^^^^^^^^
[peach_target_reconstruction_node-11]   File "/home/mu/Desktop/aubo_e5_jazzy_ws/install/peach_perception/lib/python3.12/site-packages/peach_perception/target_reconstruction/target_reconstruction_node.py", line 1742, in _build_target_model_body
[peach_target_reconstruction_node-11]     ok, message = self._finalize_now()
[peach_target_reconstruction_node-11]                   ^^^^^^^^^^^^^^^^^^^^
[peach_target_reconstruction_node-11]   File "/home/mu/Desktop/aubo_e5_jazzy_ws/install/peach_perception/lib/python3.12/site-packages/peach_perception/target_reconstruction/target_reconstruction_node.py", line 1384, in _finalize_now
[peach_target_reconstruction_node-11]     self._publish_all()
[peach_target_reconstruction_node-11]   File "/home/mu/Desktop/aubo_e5_jazzy_ws/install/peach_perception/lib/python3.12/site-packages/peach_perception/target_reconstruction/publishers.py", line 160, in _publish_all
[peach_target_reconstruction_node-11]     self._publish_status_trio(header)
[peach_target_reconstruction_node-11]   File "/home/mu/Desktop/aubo_e5_jazzy_ws/install/peach_perception/lib/python3.12/site-packages/peach_perception/target_reconstruction/publishers.py", line 112, in _publish_status_trio
[peach_target_reconstruction_node-11]     String(data=json.dumps(diag, ensure_ascii=False)))
[peach_target_reconstruction_node-11]                 ^^^^^^^^^^^^^^^^^^^^^^^^^^^^^^^^^^^^
[peach_target_reconstruction_node-11]   File "/usr/lib/python3.12/json/__init__.py", line 238, in dumps
[peach_target_reconstruction_node-11]     **kw).encode(obj)
[peach_target_reconstruction_node-11]           ^^^^^^^^^^^
[peach_target_reconstruction_node-11]   File "/usr/lib/python3.12/json/encoder.py", line 200, in encode
[peach_target_reconstruction_node-11]     chunks = self.iterencode(o, _one_shot=True)
[peach_target_reconstruction_node-11]              ^^^^^^^^^^^^^^^^^^^^^^^^^^^^^^^^^^
[peach_target_reconstruction_node-11]   File "/usr/lib/python3.12/json/encoder.py", line 258, in iterencode
[peach_target_reconstruction_node-11]     return _iterencode(o, 0)
[peach_target_reconstruction_node-11]            ^^^^^^^^^^^^^^^^^
[peach_target_reconstruction_node-11]   File "/usr/lib/python3.12/json/encoder.py", line 180, in default
[peach_target_reconstruction_node-11]     raise TypeError(f'Object of type {o.__class__.__name__} '
[peach_target_reconstruction_node-11] TypeError: Object of type ndarray is not JSON serializable
[peach_target_reconstruction_node-11] [WARN] [1788935120.724089831] [peach_target_reconstruction_node.action_server]: Goal state not set, assuming aborted. Goal ID: [227 202  78 135  50 119  64  82 137  41 192 184 115  87 122 129]
[peach_target_reconstruction_node-11] [INFO] [1788935120.866494047] [peach_target_reconstruction_node]: 已采第 4/5 视角，本帧 4888 点，有效深度占比 0.82，位姿=fk
[peach_target_reconstruction_node-11] Traceback (most recent call last):
[peach_target_reconstruction_node-11]   File "/home/mu/Desktop/aubo_e5_jazzy_ws/install/peach_perception/lib/peach_perception/peach_target_reconstruction_node", line 33, in <module>
[peach_target_reconstruction_node-11]     sys.exit(load_entry_point('peach-perception==0.1.0', 'console_scripts', 'peach_target_reconstruction_node')())
[peach_target_reconstruction_node-11]              ^^^^^^^^^^^^^^^^^^^^^^^^^^^^^^^^^^^^^^^^^^^^^^^^^^^^^^^^^^^^^^^^^^^^^^^^^^^^^^^^^^^^^^^^^^^^^^^^^^^^
[peach_target_reconstruction_node-11]   File "/home/mu/Desktop/aubo_e5_jazzy_ws/install/peach_perception/lib/python3.12/site-packages/peach_perception/target_reconstruction/target_reconstruction_node.py", line 2102, in main
[peach_target_reconstruction_node-11]     executor.spin()
[peach_target_reconstruction_node-11]   File "/opt/ros/jazzy/lib/python3.12/site-packages/rclpy/executors.py", line 359, in spin
[peach_target_reconstruction_node-11]     self._spin_once_impl()
[peach_target_reconstruction_node-11]   File "/opt/ros/jazzy/lib/python3.12/site-packages/rclpy/executors.py", line 1009, in _spin_once_impl
[peach_target_reconstruction_node-11]     future.result()  # raise any exceptions
[peach_target_reconstruction_node-11]     ^^^^^^^^^^^^^^^
[peach_target_reconstruction_node-11]   File "/opt/ros/jazzy/lib/python3.12/site-packages/rclpy/task.py", line 109, in result
[peach_target_reconstruction_node-11]     raise self.exception()
[peach_target_reconstruction_node-11]   File "/opt/ros/jazzy/lib/python3.12/site-packages/rclpy/task.py", line 286, in _execute_coroutine_step
[peach_target_reconstruction_node-11]     result = coro.send(None)
[peach_target_reconstruction_node-11]              ^^^^^^^^^^^^^^^
[peach_target_reconstruction_node-11]   File "/opt/ros/jazzy/lib/python3.12/site-packages/rclpy/executors.py", line 592, in handler
[peach_target_reconstruction_node-11]     await call_coroutine()
[peach_target_reconstruction_node-11]   File "/opt/ros/jazzy/lib/python3.12/site-packages/rclpy/executors.py", line 480, in _execute
[peach_target_reconstruction_node-11]     await await_or_execute(sub.callback, *msg_tuple)
[peach_target_reconstruction_node-11]   File "/opt/ros/jazzy/lib/python3.12/site-packages/rclpy/executors.py", line 115, in await_or_execute
[peach_target_reconstruction_node-11]     return callback(*args)
[peach_target_reconstruction_node-11]            ^^^^^^^^^^^^^^^
[peach_target_reconstruction_node-11]   File "/home/mu/Desktop/aubo_e5_jazzy_ws/install/peach_perception/lib/python3.12/site-packages/peach_perception/target_reconstruction/target_reconstruction_node.py", line 781, in _on_target_observations
[peach_target_reconstruction_node-11]     self._auto_drive()
[peach_target_reconstruction_node-11]   File "/home/mu/Desktop/aubo_e5_jazzy_ws/install/peach_perception/lib/python3.12/site-packages/peach_perception/target_reconstruction/auto_controller.py", line 62, in _auto_drive
[peach_target_reconstruction_node-11]     self._auto_capture_commit(decision, context, bound_target)
[peach_target_reconstruction_node-11]   File "/home/mu/Desktop/aubo_e5_jazzy_ws/install/peach_perception/lib/python3.12/site-packages/peach_perception/target_reconstruction/auto_controller.py", line 142, in _auto_capture_commit
[peach_target_reconstruction_node-11]     self._publish_all()
[peach_target_reconstruction_node-11]   File "/home/mu/Desktop/aubo_e5_jazzy_ws/install/peach_perception/lib/python3.12/site-packages/peach_perception/target_reconstruction/publishers.py", line 160, in _publish_all
[peach_target_reconstruction_node-11]     self._publish_status_trio(header)
[peach_target_reconstruction_node-11]   File "/home/mu/Desktop/aubo_e5_jazzy_ws/install/peach_perception/lib/python3.12/site-packages/peach_perception/target_reconstruction/publishers.py", line 112, in _publish_status_trio
[peach_target_reconstruction_node-11]     String(data=json.dumps(diag, ensure_ascii=False)))
[peach_target_reconstruction_node-11]                 ^^^^^^^^^^^^^^^^^^^^^^^^^^^^^^^^^^^^
[peach_target_reconstruction_node-11]   File "/usr/lib/python3.12/json/__init__.py", line 238, in dumps
[peach_target_reconstruction_node-11]     **kw).encode(obj)
[peach_target_reconstruction_node-11]           ^^^^^^^^^^^
[peach_target_reconstruction_node-11]   File "/usr/lib/python3.12/json/encoder.py", line 200, in encode
[peach_target_reconstruction_node-11]     chunks = self.iterencode(o, _one_shot=True)
[peach_target_reconstruction_node-11]              ^^^^^^^^^^^^^^^^^^^^^^^^^^^^^^^^^^
[peach_target_reconstruction_node-11]   File "/usr/lib/python3.12/json/encoder.py", line 258, in iterencode
[peach_target_reconstruction_node-11]     return _iterencode(o, 0)
[peach_target_reconstruction_node-11]            ^^^^^^^^^^^^^^^^^
[peach_target_reconstruction_node-11]   File "/usr/lib/python3.12/json/encoder.py", line 180, in default
[peach_target_reconstruction_node-11]     raise TypeError(f'Object of type {o.__class__.__name__} '
[peach_target_reconstruction_node-11] TypeError: Object of type ndarray is not JSON serializable
[ros2_control_node-2] [INFO] [1788935121.032293414] [aubo_passthrough_trajectory_controller]: Trajectory executed successfully (goal-hold confirmed in 8.419864 s).
[peach_target_reconstruction_node-11] The following exception was never retrieved: cannot use Destroyable because destruction was requested
[move_group-6] [INFO] [1788935121.059147156] [moveit.simple_controller_manager.follow_joint_trajectory_controller_handle]: Controller 'aubo_passthrough_trajectory_controller' successfully finished
[move_group-6] [INFO] [1788935121.072669178] [move_group.moveit.moveit.ros.trajectory_execution_manager]: Completed trajectory execution with status SUCCEEDED ...
[move_group-6] [INFO] [1788935121.073026408] [move_group.moveit.moveit.ros.move_group.clear_octomap_service]: Execution completed: SUCCEEDED
[peach_manipulation_node-12] [INFO] [1788935121.073173132] [peach_manipulation_node.moveit.ros.move_group_interface]: Execute request success!
[peach_manipulation_node-12] [INFO] [1788935121.073608534] [peach_manipulation_node]: [WAIT_FRAME] 等待到位后新鲜目标观测与重建帧
[ERROR] [peach_target_reconstruction_node-11]: process has died [pid 141222, exit code 1, cmd '/home/mu/Desktop/aubo_e5_jazzy_ws/install/peach_perception/lib/peach_perception/peach_target_reconstruction_node --ros-args -r __node:=peach_target_reconstruction_node -r __ns:=/ --params-file /tmp/launch_params_167xfa0_ --params-file /tmp/launch_params_u9vb884w'].
[peach_manipulation_node-12] [INFO] [1788935121.322526613] [peach_manipulation_node]: [FINALIZE] 等待重建精化几何（BuildTargetModel）
[peach_manipulation_node-12] [INFO] [1788935124.615236085] [peach_manipulation_node]: [FAILED] observe_only 未等到绑定目标的 TSDF/精化几何: target_0
[peach_manipulation_node-12] [INFO] [1788935124.615280400] [peach_manipulation_node]: [FAILED] observe_only 未等到绑定目标的 TSDF/精化几何: target_0
[component_container-8] [INFO] [1788935126.075199665] [percipio_device]: fps = 2.42764
[peach_scene_perception_node-10] [INFO] [1788935129.136267137] [peach_scene_perception_node]: 目标注册表在册 2 个目标（累计注册 2、累计命中 1159）
[component_container-8] [INFO] [1788935131.846411530] [percipio_device]: fps = 2.42809
[peach_executor-14] [WARN] [1788935134.703169114] [peach_executor]: action result timeout
[peach_manipulation_node-12] [INFO] [1788935134.714316403] [peach_manipulation_node.moveit.ros.move_group_interface]: MoveGroup action client/server ready
[move_group-6] [INFO] [1788935134.714890749] [move_group.moveit.moveit.ros.move_group.move_action]: MoveGroupMoveAction: Received request
[move_group-6] [INFO] [1788935134.714999293] [move_group.moveit.moveit.ros.move_group.move_action]: executing..
[peach_manipulation_node-12] [INFO] [1788935134.715050563] [peach_manipulation_node.moveit.ros.move_group_interface]: Planning request accepted
[move_group-6] [INFO] [1788935134.717424782] [move_group.moveit.moveit.ros.move_group.move_action]: Planning request received for MoveGroup action. Forwarding to planning pipeline.
[move_group-6] [INFO] [1788935134.717443919] [move_group.moveit.moveit.ros.move_group.capability]: Using planning pipeline 'pilz_industrial_motion_planner'
[move_group-6] [INFO] [1788935134.717506078] [move_group]: Calling PlanningRequestAdapter 'ResolveConstraintFrames'
[move_group-6] [INFO] [1788935134.717519373] [move_group]: Calling PlanningRequestAdapter 'ValidateWorkspaceBounds'
[move_group-6] [WARN] [1788935134.717522531] [move_group.moveit.moveit.ros.validate_workspace_bounds]: It looks like the planning volume was not specified. Using default values.
[move_group-6] [INFO] [1788935134.717529523] [move_group]: Calling PlanningRequestAdapter 'CheckStartStateBounds'
[move_group-6] [INFO] [1788935134.717539441] [move_group]: Calling PlanningRequestAdapter 'CheckStartStateCollision'
[move_group-6] [INFO] [1788935134.717631947] [move_group.moveit.moveit.planners.pilz.trajectory_generator.ptp]: Initialized Point-to-Point Trajectory Generator.
[move_group-6] [INFO] [1788935134.717646897] [move_group]: Calling Planner 'Pilz Industrial Motion Planner'
[move_group-6] [INFO] [1788935134.717654107] [move_group.moveit.moveit.planners.pilz.trajectory_generator]: Generating PTP trajectory...
[move_group-6] [INFO] [1788935134.717814672] [move_group]: Calling PlanningResponseAdapter 'ValidateSolution'
[move_group-6] [INFO] [1788935134.718694755] [move_group]: Calling PlanningResponseAdapter 'DisplayMotionPath'
[move_group-6] [INFO] [1788935134.718780801] [move_group.moveit.moveit.ros.move_group.move_action]: Motion plan was computed successfully.
[peach_manipulation_node-12] [INFO] [1788935134.718935878] [peach_manipulation_node.moveit.ros.move_group_interface]: Planning request complete!
[peach_manipulation_node-12] [INFO] [1788935134.718963872] [peach_manipulation_node.moveit.ros.move_group_interface]: time taken to generate plan: 0.000127003 seconds
[peach_manipulation_node-12] [INFO] [1788935134.719277867] [peach_manipulation_node.moveit.ros.move_group_interface]: Execute request accepted
[move_group-6] [INFO] [1788935134.719290861] [move_group.moveit.moveit.ros.move_group.clear_octomap_service]: Execution request received
[move_group-6] [INFO] [1788935134.719328963] [move_group.moveit.moveit.plugins.simple_controller_manager]: Returned 1 controllers in list
[move_group-6] [INFO] [1788935134.719345805] [move_group.moveit.moveit.plugins.simple_controller_manager]: Returned 1 controllers in list
[move_group-6] [INFO] [1788935134.719376892] [move_group.moveit.moveit.ros.trajectory_execution_manager]: Validating trajectory with allowed_start_tolerance 0.15
[move_group-6] [INFO] [1788935134.722547087] [move_group.moveit.moveit.ros.trajectory_execution_manager]: Starting trajectory execution ...
[move_group-6] [INFO] [1788935134.722578687] [move_group.moveit.moveit.plugins.simple_controller_manager]: Returned 1 controllers in list
[move_group-6] [INFO] [1788935134.722591460] [move_group.moveit.moveit.plugins.simple_controller_manager]: Returned 1 controllers in list
[move_group-6] [INFO] [1788935134.722749986] [moveit.simple_controller_manager.follow_joint_trajectory_controller_handle]: sending trajectory to aubo_passthrough_trajectory_controller
[ros2_control_node-2] [INFO] [1788935134.723081761] [aubo_passthrough_trajectory_controller]: Received new trajectory.
[ros2_control_node-2] [INFO] [1788935134.723135074] [aubo_passthrough_trajectory_controller]: Accepted new trajectory with 44 points.
[ros2_control_node-2] [INFO] [1788935134.723153367] [aubo_passthrough_trajectory_controller]: Effective goal time: 0 sec
[move_group-6] [INFO] [1788935134.723349586] [moveit.simple_controller_manager.follow_joint_trajectory_controller_handle]: aubo_passthrough_trajectory_controller started execution
[move_group-6] [INFO] [1788935134.723366558] [moveit.simple_controller_manager.follow_joint_trajectory_controller_handle]: Goal request accepted!
[component_container-8] [INFO] [1788935137.612500045] [percipio_device]: fps = 2.42673
[ros2_control_node-2] [INFO] [1788935139.287296840] [aubo_passthrough_trajectory_controller]: Trajectory executed successfully (goal-hold confirmed in 4.559782 s).
[move_group-6] [INFO] [1788935139.323381345] [moveit.simple_controller_manager.follow_joint_trajectory_controller_handle]: Controller 'aubo_passthrough_trajectory_controller' successfully finished
[move_group-6] [INFO] [1788935139.337374272] [move_group.moveit.moveit.ros.trajectory_execution_manager]: Completed trajectory execution with status SUCCEEDED ...
[move_group-6] [INFO] [1788935139.337441371] [move_group.moveit.moveit.ros.move_group.clear_octomap_service]: Execution completed: SUCCEEDED
[peach_manipulation_node-12] [INFO] [1788935139.337554936] [peach_manipulation_node.moveit.ros.move_group_interface]: Execute request success!
[peach_scene_perception_node-10] [INFO] [1788935139.444269359] [peach_scene_perception_node]: 目标注册表在册 2 个目标（累计注册 2、累计命中 1184）
[component_container-8] [INFO] [1788935143.377436561] [percipio_device]: fps = 2.42718
[rviz2-7] [INFO] [1788935146.132144708] [rviz]: Subscribing to: /peach/perception/single_cloud
[rviz2-7] 
[component_container-8] [INFO] [1788935149.143023865] [percipio_device]: fps = 2.42809
[peach_scene_perception_node-10] [INFO] [1788935149.686638596] [peach_scene_perception_node]: 目标注册表在册 2 个目标（累计注册 2、累计命中 1209）
[rviz2-7] [INFO] [1788935149.816159635] [rviz]: Subscribing to: /peach/perception/single_cloud
[rviz2-7] 
[component_container-8] [INFO] [1788935154.914143603] [percipio_device]: fps = 2.42764
[peach_scene_perception_node-10] [INFO] [1788935160.011443293] [peach_scene_perception_node]: 目标注册表在册 2 个目标（累计注册 2、累计命中 1234）
[component_container-8] [INFO] [1788935160.684083048] [percipio_device]: fps = 2.42492
[component_container-8] [INFO] [1788935166.454498643] [percipio_device]: fps = 2.42764
[peach_scene_perception_node-10] [INFO] [1788935170.296854794] [peach_scene_perception_node]: 目标注册表在册 2 个目标（累计注册 2、累计命中 1257）
[component_container-8] [INFO] [1788935172.217086135] [percipio_device]: fps = 2.42809
[component_container-8] [INFO] [1788935177.983280628] [percipio_device]: fps = 2.42764
[peach_scene_perception_node-10] [INFO] [1788935180.585419591] [peach_scene_perception_node]: 目标注册表在册 2 个目标（累计注册 2、累计命中 1281）
[component_container-8] [INFO] [1788935183.753799594] [percipio_device]: fps = 2.42537
[component_container-8] [INFO] [1788935189.525169250] [percipio_device]: fps = 2.42266
[peach_scene_perception_node-10] [INFO] [1788935190.867700630] [peach_scene_perception_node]: 目标注册表在册 2 个目标（累计注册 2、累计命中 1305）
[component_container-8] [INFO] [1788935195.288603009] [percipio_device]: fps = 2.42537
[component_container-8] [INFO] [1788935201.063045306] [percipio_device]: fps = 2.42537
[peach_scene_perception_node-10] [INFO] [1788935201.199606653] [peach_scene_perception_node]: 目标注册表在册 2 个目标（累计注册 2、累计命中 1329）
[component_container-8] [INFO] [1788935206.825127342] [percipio_device]: fps = 2.42854
[peach_scene_perception_node-10] [INFO] [1788935211.533543750] [peach_scene_perception_node]: 目标注册表在册 2 个目标（累计注册 2、累计命中 1354）
[component_container-8] [INFO] [1788935212.590669691] [percipio_device]: fps = 2.42991
[component_container-8] [INFO] [1788935218.361441196] [percipio_device]: fps = 2.42809
[peach_scene_perception_node-10] [INFO] [1788935222.218683393] [peach_scene_perception_node]: 目标注册表在册 2 个目标（累计注册 2、累计命中 1379）
[component_container-8] [INFO] [1788935224.125351843] [percipio_device]: fps = 2.42991
[component_container-8] [INFO] [1788935229.901263032] [percipio_device]: fps = 2.42402
[peach_scene_perception_node-10] [INFO] [1788935232.546136894] [peach_scene_perception_node]: 目标注册表在册 2 个目标（累计注册 2、累计命中 1404）
[component_container-8] [INFO] [1788935235.664538050] [percipio_device]: fps = 2.42718
[component_container-8] [INFO] [1788935241.436237685] [percipio_device]: fps = 2.42492
[peach_scene_perception_node-10] [INFO] [1788935242.808695725] [peach_scene_perception_node]: 目标注册表在册 2 个目标（累计注册 2、累计命中 1429）
[component_container-8] [INFO] [1788935247.199658746] [percipio_device]: fps = 2.42945
[component_container-8] [INFO] [1788935252.967424176] [percipio_device]: fps = 2.42764
[peach_scene_perception_node-10] [INFO] [1788935253.105741725] [peach_scene_perception_node]: 目标注册表在册 2 个目标（累计注册 2、累计命中 1453）
[component_container-8] [INFO] [1788935258.737322599] [percipio_device]: fps = 2.42447
[peach_scene_perception_node-10] [INFO] [1788935263.397875507] [peach_scene_perception_node]: 目标注册表在册 2 个目标（累计注册 2、累计命中 1477）
[component_container-8] [INFO] [1788935264.502208850] [percipio_device]: fps = 2.42673
[component_container-8] [INFO] [1788935270.275920700] [percipio_device]: fps = 2.42764
[peach_scene_perception_node-10] [INFO] [1788935273.750012106] [peach_scene_perception_node]: 目标注册表在册 2 个目标（累计注册 2、累计命中 1502）
[component_container-8] [INFO] [1788935276.045221503] [percipio_device]: fps = 2.42628
[component_container-8] [INFO] [1788935281.806956893] [percipio_device]: fps = 2.43127
[peach_scene_perception_node-10] [INFO] [1788935284.005545220] [peach_scene_perception_node]: 目标注册表在册 2 个目标（累计注册 2、累计命中 1527）
[component_container-8] [INFO] [1788935287.573868139] [percipio_device]: fps = 2.42809
[component_container-8] [INFO] [1788935293.343746712] [percipio_device]: fps = 2.42718
[peach_scene_perception_node-10] [INFO] [1788935294.289213607] [peach_scene_perception_node]: 目标注册表在册 2 个目标（累计注册 2、累计命中 1552）
[component_container-8] [INFO] [1788935299.113763155] [percipio_device]: fps = 2.42583
[peach_scene_perception_node-10] [INFO] [1788935304.580178981] [peach_scene_perception_node]: 目标注册表在册 2 个目标（累计注册 2、累计命中 1577）
[component_container-8] [INFO] [1788935304.878335764] [percipio_device]: fps = 2.42628
[component_container-8] [INFO] [1788935310.646887164] [percipio_device]: fps = 2.42764
[peach_scene_perception_node-10] [INFO] [1788935314.938874011] [peach_scene_perception_node]: 目标注册表在册 2 个目标（累计注册 2、累计命中 1602）
[component_container-8] [INFO] [1788935316.416063861] [percipio_device]: fps = 2.42673
[component_container-8] [INFO] [1788935322.180146963] [percipio_device]: fps = 2.429
[peach_scene_perception_node-10] [INFO] [1788935325.193360016] [peach_scene_perception_node]: 目标注册表在册 2 个目标（累计注册 2、累计命中 1627）
[peach_executor-14] [WARN] [1788935326.967340779] [peach_executor]: action server not ready
[peach_manipulation_node-12] [INFO] [1788935326.969227897] [peach_manipulation_node.moveit.ros.move_group_interface]: MoveGroup action client/server ready
[move_group-6] [INFO] [1788935326.969558402] [move_group.moveit.moveit.ros.move_group.move_action]: MoveGroupMoveAction: Received request
[peach_manipulation_node-12] [INFO] [1788935326.969704247] [peach_manipulation_node.moveit.ros.move_group_interface]: Planning request accepted
[move_group-6] [INFO] [1788935326.969858542] [move_group.moveit.moveit.ros.move_group.move_action]: executing..
[move_group-6] [INFO] [1788935326.972610119] [move_group.moveit.moveit.ros.move_group.move_action]: Planning request received for MoveGroup action. Forwarding to planning pipeline.
[move_group-6] [INFO] [1788935326.972630301] [move_group.moveit.moveit.ros.move_group.capability]: Using planning pipeline 'pilz_industrial_motion_planner'
[move_group-6] [INFO] [1788935326.972692094] [move_group]: Calling PlanningRequestAdapter 'ResolveConstraintFrames'
[move_group-6] [INFO] [1788935326.972705127] [move_group]: Calling PlanningRequestAdapter 'ValidateWorkspaceBounds'
[move_group-6] [WARN] [1788935326.972708151] [move_group.moveit.moveit.ros.validate_workspace_bounds]: It looks like the planning volume was not specified. Using default values.
[move_group-6] [INFO] [1788935326.972715014] [move_group]: Calling PlanningRequestAdapter 'CheckStartStateBounds'
[move_group-6] [INFO] [1788935326.972725344] [move_group]: Calling PlanningRequestAdapter 'CheckStartStateCollision'
[move_group-6] [INFO] [1788935326.972814820] [move_group.moveit.moveit.planners.pilz.trajectory_generator.ptp]: Initialized Point-to-Point Trajectory Generator.
[move_group-6] [INFO] [1788935326.972830898] [move_group]: Calling Planner 'Pilz Industrial Motion Planner'
[move_group-6] [INFO] [1788935326.972838232] [move_group.moveit.moveit.planners.pilz.trajectory_generator]: Generating PTP trajectory...
[move_group-6] [INFO] [1788935326.972861178] [move_group.moveit.moveit.planners.pilz.trajectory_generator.ptp]: Goal already reached, set one goal point explicitly.
[move_group-6] [INFO] [1788935326.972893244] [move_group]: Calling PlanningResponseAdapter 'ValidateSolution'
[move_group-6] [INFO] [1788935326.972940565] [move_group]: Calling PlanningResponseAdapter 'DisplayMotionPath'
[move_group-6] [INFO] [1788935326.972978768] [move_group.moveit.moveit.ros.move_group.move_action]: Motion plan was computed successfully.
[peach_manipulation_node-12] [INFO] [1788935326.973274480] [peach_manipulation_node.moveit.ros.move_group_interface]: Planning request complete!
[peach_manipulation_node-12] [INFO] [1788935326.973544132] [peach_manipulation_node.moveit.ros.move_group_interface]: time taken to generate plan: 3.3673e-05 seconds
[move_group-6] [INFO] [1788935326.973710082] [move_group.moveit.moveit.ros.move_group.clear_octomap_service]: Execution request received
[move_group-6] [INFO] [1788935326.973730764] [move_group.moveit.moveit.plugins.simple_controller_manager]: Returned 1 controllers in list
[move_group-6] [INFO] [1788935326.973740010] [move_group.moveit.moveit.plugins.simple_controller_manager]: Returned 1 controllers in list
[peach_manipulation_node-12] [INFO] [1788935326.973724852] [peach_manipulation_node.moveit.ros.move_group_interface]: Execute request accepted
[move_group-6] [INFO] [1788935326.973764946] [move_group.moveit.moveit.ros.trajectory_execution_manager]: Validating trajectory with allowed_start_tolerance 0.15
[move_group-6] [INFO] [1788935326.977548836] [move_group.moveit.moveit.ros.trajectory_execution_manager]: Starting trajectory execution ...
[move_group-6] [INFO] [1788935326.977577644] [move_group.moveit.moveit.plugins.simple_controller_manager]: Returned 1 controllers in list
[move_group-6] [INFO] [1788935326.977589509] [move_group.moveit.moveit.plugins.simple_controller_manager]: Returned 1 controllers in list
[move_group-6] [INFO] [1788935326.977814771] [moveit.simple_controller_manager.follow_joint_trajectory_controller_handle]: sending trajectory to aubo_passthrough_trajectory_controller
[ros2_control_node-2] [INFO] [1788935326.978075328] [aubo_passthrough_trajectory_controller]: Received new trajectory.
[ros2_control_node-2] [INFO] [1788935326.978147953] [aubo_passthrough_trajectory_controller]: Accepted new trajectory with 1 points.
[ros2_control_node-2] [INFO] [1788935326.978173196] [aubo_passthrough_trajectory_controller]: Effective goal time: 0 sec
[move_group-6] [INFO] [1788935326.978196327] [moveit.simple_controller_manager.follow_joint_trajectory_controller_handle]: aubo_passthrough_trajectory_controller started execution
[move_group-6] [INFO] [1788935326.978203146] [moveit.simple_controller_manager.follow_joint_trajectory_controller_handle]: Goal request accepted!
[ros2_control_node-2] [INFO] [1788935327.237342870] [aubo_passthrough_trajectory_controller]: Trajectory executed successfully (goal-hold confirmed in 0.255055 s).
[move_group-6] [INFO] [1788935327.278523144] [moveit.simple_controller_manager.follow_joint_trajectory_controller_handle]: Controller 'aubo_passthrough_trajectory_controller' successfully finished
[move_group-6] [INFO] [1788935327.292408677] [move_group.moveit.moveit.ros.trajectory_execution_manager]: Completed trajectory execution with status SUCCEEDED ...
[move_group-6] [INFO] [1788935327.292678248] [move_group.moveit.moveit.ros.move_group.clear_octomap_service]: Execution completed: SUCCEEDED
[peach_manipulation_node-12] [INFO] [1788935327.292823526] [peach_manipulation_node.moveit.ros.move_group_interface]: Execute request success!
[component_container-8] [INFO] [1788935327.948429909] [percipio_device]: fps = 2.42854
[component_container-8] [INFO] [1788935333.719976924] [percipio_device]: fps = 2.42583
[peach_manipulation_node-12] [INFO] [1788935334.418489331] [peach_manipulation_node.moveit.ros.move_group_interface]: MoveGroup action client/server ready
[move_group-6] [INFO] [1788935334.418846898] [move_group.moveit.moveit.ros.move_group.move_action]: MoveGroupMoveAction: Received request
[move_group-6] [INFO] [1788935334.418944511] [move_group.moveit.moveit.ros.move_group.move_action]: executing..
[peach_manipulation_node-12] [INFO] [1788935334.419025326] [peach_manipulation_node.moveit.ros.move_group_interface]: Planning request accepted
[move_group-6] [INFO] [1788935334.422618546] [move_group.moveit.moveit.ros.move_group.move_action]: Planning request received for MoveGroup action. Forwarding to planning pipeline.
[move_group-6] [INFO] [1788935334.422638181] [move_group.moveit.moveit.ros.move_group.capability]: Using planning pipeline 'pilz_industrial_motion_planner'
[move_group-6] [INFO] [1788935334.422694428] [move_group]: Calling PlanningRequestAdapter 'ResolveConstraintFrames'
[move_group-6] [INFO] [1788935334.422732800] [move_group]: Calling PlanningRequestAdapter 'ValidateWorkspaceBounds'
[move_group-6] [WARN] [1788935334.422744078] [move_group.moveit.moveit.ros.validate_workspace_bounds]: It looks like the planning volume was not specified. Using default values.
[move_group-6] [INFO] [1788935334.422759125] [move_group]: Calling PlanningRequestAdapter 'CheckStartStateBounds'
[move_group-6] [INFO] [1788935334.422768871] [move_group]: Calling PlanningRequestAdapter 'CheckStartStateCollision'
[move_group-6] [INFO] [1788935334.422846670] [move_group.moveit.moveit.planners.pilz.trajectory_generator.ptp]: Initialized Point-to-Point Trajectory Generator.
[move_group-6] [INFO] [1788935334.422862239] [move_group]: Calling Planner 'Pilz Industrial Motion Planner'
[move_group-6] [INFO] [1788935334.422867804] [move_group.moveit.moveit.planners.pilz.trajectory_generator]: Generating PTP trajectory...
[move_group-6] [INFO] [1788935334.422888683] [move_group.moveit.moveit.planners.pilz.trajectory_generator.ptp]: Goal already reached, set one goal point explicitly.
[move_group-6] [INFO] [1788935334.422912951] [move_group]: Calling PlanningResponseAdapter 'ValidateSolution'
[move_group-6] [INFO] [1788935334.422955301] [move_group]: Calling PlanningResponseAdapter 'DisplayMotionPath'
[move_group-6] [INFO] [1788935334.422986524] [move_group.moveit.moveit.ros.move_group.move_action]: Motion plan was computed successfully.
[peach_manipulation_node-12] [INFO] [1788935334.423046113] [peach_manipulation_node.moveit.ros.move_group_interface]: Planning request complete!
[peach_manipulation_node-12] [INFO] [1788935334.424111956] [peach_manipulation_node.moveit.ros.move_group_interface]: time taken to generate plan: 2.9323e-05 seconds
[move_group-6] [INFO] [1788935334.424342313] [move_group.moveit.moveit.ros.move_group.clear_octomap_service]: Execution request received
[peach_manipulation_node-12] [INFO] [1788935334.424352628] [peach_manipulation_node.moveit.ros.move_group_interface]: Execute request accepted
[move_group-6] [INFO] [1788935334.424364506] [move_group.moveit.moveit.plugins.simple_controller_manager]: Returned 1 controllers in list
[move_group-6] [INFO] [1788935334.424375387] [move_group.moveit.moveit.plugins.simple_controller_manager]: Returned 1 controllers in list
[move_group-6] [INFO] [1788935334.424405034] [move_group.moveit.moveit.ros.trajectory_execution_manager]: Validating trajectory with allowed_start_tolerance 0.15
[move_group-6] [INFO] [1788935334.427597956] [move_group.moveit.moveit.ros.trajectory_execution_manager]: Starting trajectory execution ...
[move_group-6] [INFO] [1788935334.427630974] [move_group.moveit.moveit.plugins.simple_controller_manager]: Returned 1 controllers in list
[move_group-6] [INFO] [1788935334.427643893] [move_group.moveit.moveit.plugins.simple_controller_manager]: Returned 1 controllers in list
[move_group-6] [INFO] [1788935334.427798333] [moveit.simple_controller_manager.follow_joint_trajectory_controller_handle]: sending trajectory to aubo_passthrough_trajectory_controller
[ros2_control_node-2] [INFO] [1788935334.428177664] [aubo_passthrough_trajectory_controller]: Received new trajectory.
[ros2_control_node-2] [INFO] [1788935334.428226920] [aubo_passthrough_trajectory_controller]: Accepted new trajectory with 1 points.
[ros2_control_node-2] [INFO] [1788935334.428237877] [aubo_passthrough_trajectory_controller]: Effective goal time: 0 sec
[move_group-6] [INFO] [1788935334.428261465] [moveit.simple_controller_manager.follow_joint_trajectory_controller_handle]: aubo_passthrough_trajectory_controller started execution
[move_group-6] [INFO] [1788935334.428268412] [moveit.simple_controller_manager.follow_joint_trajectory_controller_handle]: Goal request accepted!
[ros2_control_node-2] [INFO] [1788935334.692402266] [aubo_passthrough_trajectory_controller]: Trajectory executed successfully (goal-hold confirmed in 0.260103 s).
[move_group-6] [INFO] [1788935334.728661225] [moveit.simple_controller_manager.follow_joint_trajectory_controller_handle]: Controller 'aubo_passthrough_trajectory_controller' successfully finished
[move_group-6] [INFO] [1788935334.742731772] [move_group.moveit.moveit.ros.trajectory_execution_manager]: Completed trajectory execution with status SUCCEEDED ...
[move_group-6] [INFO] [1788935334.743181058] [move_group.moveit.moveit.ros.move_group.clear_octomap_service]: Execution completed: SUCCEEDED
[peach_manipulation_node-12] [INFO] [1788935334.743406326] [peach_manipulation_node.moveit.ros.move_group_interface]: Execute request success!
[peach_scene_perception_node-10] [INFO] [1788935337.510707072] [peach_scene_perception_node]: 目标注册表在册 2 个目标（累计注册 2、累计命中 1631）
[component_container-8] [INFO] [1788935339.491207789] [percipio_device]: fps = 2.42537
[component_container-8] [INFO] [1788935345.255903325] [percipio_device]: fps = 2.42628
[peach_scene_perception_node-10] [INFO] [1788935347.754712595] [peach_scene_perception_node]: 目标注册表在册 2 个目标（累计注册 2、累计命中 1631）
[component_container-8] [INFO] [1788935351.025486940] [percipio_device]: fps = 2.42809
[component_container-8] [INFO] [1788935356.788858195] [percipio_device]: fps = 2.42991
[peach_scene_perception_node-10] [INFO] [1788935358.058617640] [peach_scene_perception_node]: 目标注册表在册 2 个目标（累计注册 2、累计命中 1631）
[component_container-8] [INFO] [1788935362.559333804] [percipio_device]: fps = 2.42628
[component_container-8] [INFO] [1788935368.325704693] [percipio_device]: fps = 2.42809
[peach_scene_perception_node-10] [INFO] [1788935368.341825621] [peach_scene_perception_node]: 目标注册表在册 2 个目标（累计注册 2、累计命中 1631）
[component_container-8] [INFO] [1788935374.098814736] [percipio_device]: fps = 2.42492
