[INFO] [launch]: All log files can be found below /home/mu/.ros/log/2026-09-09-10-17-12-848055-mu-MS-7E34-83277
[INFO] [launch]: Default logging verbosity is set to INFO
[INFO] [robot_state_publisher-1]: process started with pid [83322]
[INFO] [ros2_control_node-2]: process started with pid [83323]
[INFO] [spawner-3]: process started with pid [83324]
[INFO] [spawner-4]: process started with pid [83325]
[INFO] [spawner-5]: process started with pid [83326]
[INFO] [move_group-6]: process started with pid [83327]
[INFO] [rviz2-7]: process started with pid [83328]
[INFO] [component_container-8]: process started with pid [83329]
[INFO] [extrinsics_publisher-9]: process started with pid [83330]
[INFO] [peach_scene_perception_node-10]: process started with pid [83331]
[INFO] [peach_target_reconstruction_node-11]: process started with pid [83332]
[INFO] [peach_manipulation_node-12]: process started with pid [83333]
[INFO] [peach_observability-13]: process started with pid [83334]
[INFO] [peach_executor-14]: process started with pid [83335]
[INFO] [peach_lifecycle_manager-15]: process started with pid [83336]
[INFO] [ros2-16]: process started with pid [83337]
[robot_state_publisher-1] [INFO] [1788920233.312089737] [robot_state_publisher]: Robot initialized
[ros2_control_node-2] [INFO] [1788920233.329302198] [controller_manager]: Using Steady (Monotonic) clock for triggering controller manager cycles.
[ros2_control_node-2] [INFO] [1788920233.338848359] [controller_manager]: Subscribing to '/robot_description' topic for robot description.
[move_group-6] [INFO] [1788920233.340344495] [move_group.moveit.moveit.ros.rdf_loader]: Loaded robot model in 0.00225676 seconds
[move_group-6] [INFO] [1788920233.340790670] [move_group.moveit.moveit.core.robot_model]: Loading robot model 'aubo_e5'...
[ros2_control_node-2] [INFO] [1788920233.340858212] [controller_manager]: update rate is 200 Hz
[ros2_control_node-2] [INFO] [1788920233.340871919] [controller_manager]: Overruns handling is : enabled
[ros2_control_node-2] [INFO] [1788920233.340875489] [controller_manager]: Spawning controller_manager RT thread with scheduler priority: 50
[ros2_control_node-2] [INFO] [1788920233.340924333] [controller_manager]: Successful set up FIFO RT scheduling policy with priority 50.
[move_group-6] [INFO] [1788920233.341059353] [move_group.moveit.moveit.core.robot_model]: No root/virtual joint specified in SRDF. Assuming fixed joint
[peach_manipulation_node-12] [WARN] [1788920233.364262731] [rcl.logging_rosout]: Publisher already registered for node name: 'peach_manipulation_node'. If this is due to multiple nodes with the same name then all logs for the logger named 'peach_manipulation_node' will go out over the existing publisher. As soon as any node with that name is destructed it will unregister the publisher, preventing any further logs for that name from being published on the rosout topic.
[peach_manipulation_node-12] [WARN] [1788920233.366027364] [peach_manipulation_node]: scan.protected_zones 丢弃畸形盒: 盒#0 存在 min>=max 的轴（空盒/退化盒），已丢弃
[move_group-6] [INFO] [1788920233.385528667] [move_group.moveit.moveit.kinematics.kdl_kinematics_plugin]: Joint weights for group 'manipulator_e5': 1 1 1 1 1 1
[component_container-8] [INFO] [1788920233.447212174] [camera.camera_container]: Load Library: /home/mu/Desktop/aubo_e5_jazzy_ws/install/percipio_camera/lib/libpercipio_camera.so
[spawner-4] [INFO] [1788920233.521780881] [spawner_aubo_io_controller]: waiting for service /controller_manager/list_controllers to become available...
[ros2-16] [WARN] [ros2bag]: Positional "topics" argument deprecated. Please use optional "--topics" argument instead.
[ros2-16] stdin is not a terminal device. Keyboard handling disabled.[INFO] [1788920233.539249557] [rosbag2_recorder]: Press SPACE for pausing/resuming
[ros2-16] [INFO] [1788920233.539256406] [rosbag2_recorder]: Event publisher thread: Started
[ros2-16] [INFO] [1788920233.541859950] [rosbag2_recorder]: Starting recording to '/home/mu/Desktop/aubo_e5_jazzy_ws/runs/mcap_20260909_101713'
[ros2-16] [INFO] [1788920233.544052925] [rosbag2_recorder]: Listening for topics...
[ros2-16] [INFO] [1788920233.544071262] [rosbag2_recorder]: Recording...
[ros2-16] [INFO] [1788920233.544079482] [rosbag2_recorder]: Topics discovery started.
[move_group-6] [INFO] [1788920233.549847098] [move_group.moveit.moveit.ros.planning_scene_monitor]: Publishing maintained planning scene on 'monitored_planning_scene'
[move_group-6] [INFO] [1788920233.549975289] [move_group.moveit.moveit.ros.moveit_cpp]: Listening to 'joint_states' for joint states
[move_group-6] [INFO] [1788920233.550831561] [move_group.moveit.moveit.ros.current_state_monitor]: Listening to joint states on topic 'joint_states'
[move_group-6] [INFO] [1788920233.551116413] [move_group.moveit.moveit.ros.planning_scene_monitor]: Listening to '/attached_collision_object' for attached collision objects
[move_group-6] [INFO] [1788920233.551128351] [move_group.moveit.moveit.ros.planning_scene_monitor]: Stopping existing planning scene publisher.
[move_group-6] [INFO] [1788920233.564418115] [move_group.moveit.moveit.ros.planning_scene_monitor]: Stopped publishing maintained planning scene.
[move_group-6] [INFO] [1788920233.564864496] [move_group.moveit.moveit.ros.planning_scene_monitor]: Publishing maintained planning scene on 'monitored_planning_scene'
[move_group-6] [INFO] [1788920233.564943441] [move_group.moveit.moveit.ros.planning_scene_monitor]: Starting planning scene monitor
[move_group-6] [INFO] [1788920233.565245683] [move_group.moveit.moveit.ros.planning_scene_monitor]: Listening to '/planning_scene'
[move_group-6] [INFO] [1788920233.565259587] [move_group.moveit.moveit.ros.planning_scene_monitor]: Starting world geometry update monitor for collision objects, attached objects, octomap updates.
[move_group-6] [INFO] [1788920233.565766818] [move_group.moveit.moveit.ros.planning_scene_monitor]: Listening to 'collision_object'
[move_group-6] [INFO] [1788920233.566020360] [move_group.moveit.moveit.ros.planning_scene_monitor]: Listening to 'planning_scene_world' for planning scene world geometry
[move_group-6] [WARN] [1788920233.567534098] [move_group.moveit.moveit.ros.occupancy_map_monitor]: Resolution not specified for Octomap. Assuming resolution = 0.1 instead
[move_group-6] [ERROR] [1788920233.567555831] [move_group.moveit.moveit.ros.occupancy_map_monitor]: No 3D sensor plugin(s) defined for octomap updates
[component_container-8] [INFO] [1788920233.604456721] [camera.camera_container]: Found class: rclcpp_components::NodeFactoryTemplate<percipio_camera::PercipioCameraNodeDriver>
[component_container-8] [INFO] [1788920233.604484050] [camera.camera_container]: Instantiate class: rclcpp_components::NodeFactoryTemplate<percipio_camera::PercipioCameraNodeDriver>
[component_container-8] [INFO] [1788920233.607452311] [camera.camera]: Init lib
[component_container-8] [INFO] [1788920233.614820511] [camera.camera]:      - lib version: 4.2.10
[component_container-8] [INFO] [1788920233.615038799] [camera.camera]: PercipioCameraNodeDriver::init, deivce sn :
[component_container-8] [INFO] [1788920233.615043648] [camera.camera]: PercipioCameraNodeDriver::init, deivce ip :169.254.10.110
[extrinsics_publisher-9] [INFO] [1788920233.636515108] [hand_eye_extrinsics_publisher]: Published active camera extrinsic from /home/mu/Desktop/aubo_e5_jazzy_ws/src/aubo_hand_eye_calibration/hand_eye/active.yaml
[ros2_control_node-2] [INFO] [1788920233.650485306] [controller_manager]: Received robot description from topic.
[ros2_control_node-2] [INFO] [1788920233.650517854] [controller_manager]: Enforcing command limits is disabled. Command limits from URDF will be ignored.
[ros2_control_node-2] [INFO] [1788920233.653447278] [controller_manager]: Loading hardware 'AuboE5System' 
[ros2_control_node-2] [INFO] [1788920233.661730914] [controller_manager]: Loaded hardware 'AuboE5System' from plugin 'aubo_e5_hardware/AuboE5Hardware'
[ros2_control_node-2] [INFO] [1788920233.661804794] [controller_manager]: Initialize hardware 'AuboE5System' 
[peach_observability-13] [INFO] [1788920233.663696744] [peach_observability]: 手动调试操作面未启用（debug.enabled=false）
[ros2_control_node-2] [INFO] [1788920233.665255998] [AuboE5Hardware]: on_init OK (169.254.10.98:8899, rib_target=400, slowdown=300/350, batch=2..8, speed_guard=false)
[ros2_control_node-2] [INFO] [1788920233.665271598] [controller_manager]: Successful initialization of hardware 'AuboE5System'
[peach_observability-13] [INFO] [1788920233.665302983] [peach_observability]: 桃子采摘 Web 控制台（只读监控）: http://127.0.0.1:8090
[ros2_control_node-2] [INFO] [1788920233.665651069] [controller_manager]: Activating component 'AuboE5System'.
[ros2_control_node-2] [INFO] [1788920233.665659789] [resource_manager]: 'configure' hardware 'AuboE5System' 
[ros2_control_node-2] log4cplus: Just opened file: logfiles/trace_all.log
[move_group-6] [INFO] [1788920233.713097489] [move_group.moveit.moveit.ros.planning_pipeline]: Successfully loaded planner 'OMPL'
[move_group-6] [INFO] [1788920233.714573666] [move_group]: Try loading adapter 'default_planning_request_adapters/ResolveConstraintFrames'
[move_group-6] [INFO] [1788920233.715759989] [move_group]: Loaded adapter 'default_planning_request_adapters/ResolveConstraintFrames'
[move_group-6] [INFO] [1788920233.715768801] [move_group]: Try loading adapter 'default_planning_request_adapters/ValidateWorkspaceBounds'
[move_group-6] [INFO] [1788920233.715899854] [move_group]: Loaded adapter 'default_planning_request_adapters/ValidateWorkspaceBounds'
[move_group-6] [INFO] [1788920233.715902575] [move_group]: Try loading adapter 'default_planning_request_adapters/CheckStartStateBounds'
[move_group-6] [INFO] [1788920233.715913855] [move_group]: Loaded adapter 'default_planning_request_adapters/CheckStartStateBounds'
[move_group-6] [INFO] [1788920233.715915517] [move_group]: Try loading adapter 'default_planning_request_adapters/CheckStartStateCollision'
[move_group-6] [INFO] [1788920233.715919950] [move_group]: Loaded adapter 'default_planning_request_adapters/CheckStartStateCollision'
[move_group-6] [INFO] [1788920233.717234028] [move_group]: Try loading adapter 'default_planning_response_adapters/AddTimeOptimalParameterization'
[move_group-6] [INFO] [1788920233.719081240] [move_group]: Loaded adapter 'default_planning_response_adapters/AddTimeOptimalParameterization'
[move_group-6] [INFO] [1788920233.719087569] [move_group]: Try loading adapter 'default_planning_response_adapters/AddRuckigTrajectorySmoothing'
[move_group-6] [INFO] [1788920233.719094999] [move_group]: Loaded adapter 'default_planning_response_adapters/AddRuckigTrajectorySmoothing'
[move_group-6] [INFO] [1788920233.719096671] [move_group]: Try loading adapter 'default_planning_response_adapters/ValidateSolution'
[move_group-6] [INFO] [1788920233.720894578] [move_group]: Loaded adapter 'default_planning_response_adapters/ValidateSolution'
[move_group-6] [INFO] [1788920233.720903590] [move_group]: Try loading adapter 'default_planning_response_adapters/DisplayMotionPath'
[move_group-6] [INFO] [1788920233.721172431] [move_group]: Loaded adapter 'default_planning_response_adapters/DisplayMotionPath'
[move_group-6] [INFO] [1788920233.724235646] [move_group.moveit.moveit.planners.pilz.joint_limits_aggregator]: Reading limits from namespace robot_description_planning
[move_group-6] [INFO] [1788920233.727194285] [move_group.moveit.moveit.planners.pilz.command_planner]: Available plugins: pilz_industrial_motion_planner/PlanningContextLoaderCIRC pilz_industrial_motion_planner/PlanningContextLoaderLIN pilz_industrial_motion_planner/PlanningContextLoaderPTP pilz_industrial_motion_planner/PlanningContextLoaderPolyline 
[move_group-6] [INFO] [1788920233.727209343] [move_group.moveit.moveit.planners.pilz.command_planner]: About to load: pilz_industrial_motion_planner/PlanningContextLoaderCIRC
[move_group-6] [INFO] [1788920233.728807707] [move_group.moveit.moveit.planners.pilz.command_planner]: Registered Algorithm [CIRC]
[move_group-6] [INFO] [1788920233.728819970] [move_group.moveit.moveit.planners.pilz.command_planner]: About to load: pilz_industrial_motion_planner/PlanningContextLoaderLIN
[move_group-6] [INFO] [1788920233.729593820] [move_group.moveit.moveit.planners.pilz.command_planner]: Registered Algorithm [LIN]
[move_group-6] [INFO] [1788920233.729600554] [move_group.moveit.moveit.planners.pilz.command_planner]: About to load: pilz_industrial_motion_planner/PlanningContextLoaderPTP
[move_group-6] [INFO] [1788920233.730332346] [move_group.moveit.moveit.planners.pilz.command_planner]: Registered Algorithm [PTP]
[move_group-6] [INFO] [1788920233.730338542] [move_group.moveit.moveit.planners.pilz.command_planner]: About to load: pilz_industrial_motion_planner/PlanningContextLoaderPolyline
[move_group-6] [INFO] [1788920233.731085567] [move_group.moveit.moveit.planners.pilz.command_planner]: Registered Algorithm [POLYLINE]
[move_group-6] [INFO] [1788920233.731092775] [move_group.moveit.moveit.ros.planning_pipeline]: Successfully loaded planner 'Pilz Industrial Motion Planner'
[move_group-6] [INFO] [1788920233.732506520] [move_group]: Try loading adapter 'default_planning_request_adapters/ResolveConstraintFrames'
[move_group-6] [INFO] [1788920233.732629203] [move_group]: Loaded adapter 'default_planning_request_adapters/ResolveConstraintFrames'
[move_group-6] [INFO] [1788920233.732631681] [move_group]: Try loading adapter 'default_planning_request_adapters/ValidateWorkspaceBounds'
[move_group-6] [INFO] [1788920233.732748713] [move_group]: Loaded adapter 'default_planning_request_adapters/ValidateWorkspaceBounds'
[move_group-6] [INFO] [1788920233.732751790] [move_group]: Try loading adapter 'default_planning_request_adapters/CheckStartStateBounds'
[move_group-6] [INFO] [1788920233.732759476] [move_group]: Loaded adapter 'default_planning_request_adapters/CheckStartStateBounds'
[move_group-6] [INFO] [1788920233.732761285] [move_group]: Try loading adapter 'default_planning_request_adapters/CheckStartStateCollision'
[move_group-6] [INFO] [1788920233.732766266] [move_group]: Loaded adapter 'default_planning_request_adapters/CheckStartStateCollision'
[move_group-6] [INFO] [1788920233.734008344] [move_group]: Try loading adapter 'default_planning_response_adapters/ValidateSolution'
[move_group-6] [INFO] [1788920233.734472025] [move_group]: Loaded adapter 'default_planning_response_adapters/ValidateSolution'
[move_group-6] [INFO] [1788920233.734478003] [move_group]: Try loading adapter 'default_planning_response_adapters/DisplayMotionPath'
[move_group-6] [INFO] [1788920233.734621283] [move_group]: Loaded adapter 'default_planning_response_adapters/DisplayMotionPath'
[peach_target_reconstruction_node-11] [INFO] [1788920233.736962955] [peach_target_reconstruction_node]: peach_target_reconstruction_node ready: base=base_link color=/camera/color/image_raw depth=/camera/depth/image_raw slop=0.05s depth_scale_unit=0.25 views(min/rec/max)=2/5/24 require_static=True auto_mode=True session_root=/home/mu/Desktop/aubo_e5_jazzy_ws/runs
[peach_scene_perception_node-10] [INFO] [1788920233.756632858] [peach_scene_perception_node]: YOLO=/home/mu/Desktop/aubo_e5_jazzy_ws/install/peach_perception/share/peach_perception/model/best.pt
[peach_scene_perception_node-10] [INFO] [1788920233.756808786] [peach_scene_perception_node]: SAM=/home/mu/Desktop/aubo_e5_jazzy_ws/install/peach_perception/share/peach_perception/model/mobile_sam.pt
[ros2_control_node-2] [INFO] [1788920233.757661959] [AuboE5Hardware]: Real robot detected
[move_group-6] [INFO] [1788920233.762772172] [move_group.moveit.moveit.plugins.simple_controller_manager]: Added FollowJointTrajectory controller for aubo_passthrough_trajectory_controller
[move_group-6] [INFO] [1788920233.762908867] [move_group.moveit.moveit.plugins.simple_controller_manager]: Returned 1 controllers in list
[move_group-6] [INFO] [1788920233.762927203] [move_group.moveit.moveit.plugins.simple_controller_manager]: Returned 1 controllers in list
[move_group-6] [INFO] [1788920233.763537601] [move_group.moveit.moveit.ros.trajectory_execution_manager]: Trajectory execution is not managing controllers
[move_group-6] [INFO] [1788920233.763705895] [move_group]: MoveGroup debug mode is ON
[move_group-6] [INFO] [1788920233.782642584] [move_group.moveit.moveit.planners.pilz.move_group_sequence_action]: initialize move group sequence action
[move_group-6] [INFO] [1788920233.784463173] [move_group.moveit.moveit.planners.pilz.joint_limits_aggregator]: Reading limits from namespace robot_description_planning
[move_group-6] [INFO] [1788920233.784684795] [move_group.moveit.moveit.planners.pilz.joint_limits_aggregator]: Reading limits from namespace robot_description_planning
[move_group-6] [INFO] [1788920233.785071795] [move_group.moveit.moveit.ros.move_group.executable]: 
[move_group-6] 
[move_group-6] ********************************************************
[move_group-6] * MoveGroup using: 
[move_group-6] *     - apply_planning_scene_service
[move_group-6] *     - clear_octomap_service
[move_group-6] *     - ExecuteTaskSolution
[move_group-6] *     - get_group_urdf
[move_group-6] *     - load_geometry_from_file
[move_group-6] *     - CartesianPathService
[move_group-6] *     - execute_trajectory_action
[move_group-6] *     - get_planning_scene_service
[move_group-6] *     - kinematics_service
[move_group-6] *     - move_action
[move_group-6] *     - motion_plan_service
[move_group-6] *     - query_planners_service
[move_group-6] *     - state_validation_service
[move_group-6] *     - save_geometry_to_file
[move_group-6] *     - SequenceAction
[move_group-6] *     - SequenceService
[move_group-6] ********************************************************
[move_group-6] 
[move_group-6] [INFO] [1788920233.785094525] [move_group.moveit.moveit.ros.move_group.context]: MoveGroup context using pipeline ompl
[move_group-6] [INFO] [1788920233.785100099] [move_group.moveit.moveit.ros.move_group.context]: MoveGroup context initialization complete
[move_group-6] [96mLoading 'move_group/ApplyPlanningSceneService'...[0m
[move_group-6] [96mLoading 'move_group/ClearOctomapService'...[0m
[move_group-6] [96mLoading 'move_group/ExecuteTaskSolutionCapability'...[0m
[move_group-6] [96mLoading 'move_group/GetUrdfService'...[0m
[move_group-6] [96mLoading 'move_group/LoadGeometryFromFileService'...[0m
[move_group-6] [96mLoading 'move_group/MoveGroupCartesianPathService'...[0m
[move_group-6] [96mLoading 'move_group/MoveGroupExecuteTrajectoryAction'...[0m
[move_group-6] [96mLoading 'move_group/MoveGroupGetPlanningSceneService'...[0m
[move_group-6] [96mLoading 'move_group/MoveGroupKinematicsService'...[0m
[move_group-6] [96mLoading 'move_group/MoveGroupMoveAction'...[0m
[move_group-6] [96mLoading 'move_group/MoveGroupPlanService'...[0m
[move_group-6] [96mLoading 'move_group/MoveGroupQueryPlannersService'...[0m
[move_group-6] [96mLoading 'move_group/MoveGroupStateValidationService'...[0m
[move_group-6] [96mLoading 'move_group/SaveGeometryToFileService'...[0m
[move_group-6] [96mLoading 'pilz_industrial_motion_planner/MoveGroupSequenceAction'...[0m
[move_group-6] [96mLoading 'pilz_industrial_motion_planner/MoveGroupSequenceService'...[0m
[move_group-6] 
[move_group-6] [92mYou can start planning now![0m
[move_group-6] 
[ros2_control_node-2] [INFO] [1788920233.805826928] [AuboE5Hardware]: on_configure OK (dual login, push active)
[ros2_control_node-2] [INFO] [1788920233.805852289] [resource_manager]: Successful 'configure' of hardware 'AuboE5System'
[ros2_control_node-2] [INFO] [1788920233.805872144] [resource_manager]: 'activate' hardware 'AuboE5System' 
[ros2_control_node-2] [INFO] [1788920233.816689008] [AuboE5Hardware]: on_activate OK (TCP2CAN active, send + IO threads running)
[ros2_control_node-2] [INFO] [1788920233.816706420] [resource_manager]: Successful 'activate' of hardware 'AuboE5System'
[ros2_control_node-2] [INFO] [1788920233.816715558] [AuboE5Hardware.sendLoop]: sendLoop started
[ros2_control_node-2] [INFO] [1788920233.816780876] [controller_manager]: Registering statistics for : AuboE5System
[ros2_control_node-2] [INFO] [1788920233.816837952] [AuboE5Hardware.ioLoop]: ioLoop started
[ros2_control_node-2] [INFO] [1788920233.816842761] [controller_manager]: Resource Manager has been successfully initialized. Starting Controller Manager services...
[ros2_control_node-2] [INFO] [1788920234.023837050] [controller_manager]: Loading controller : 'aubo_io_controller' of type 'aubo_e5_controllers/AuboIOController'
[ros2_control_node-2] [INFO] [1788920234.023870323] [controller_manager]: Loading controller 'aubo_io_controller'
[ros2_control_node-2] [INFO] [1788920234.027830292] [controller_manager]: Controller 'aubo_io_controller' node arguments: --ros-args --params-file /tmp/launch_params_r2lt78t3 --params-file /home/mu/Desktop/aubo_e5_jazzy_ws/install/aubo_e5_bringup/share/aubo_e5_bringup/config/controllers.yaml 
[spawner-4] [INFO] [1788920234.038682739] [spawner_aubo_io_controller]: Loaded aubo_io_controller
[ros2_control_node-2] [INFO] [1788920234.039969770] [controller_manager]: Configuring controller: 'aubo_io_controller'
[rviz2-7] [INFO] [1788920234.132589795] [rviz2]: Stereo is NOT SUPPORTED
[rviz2-7] [INFO] [1788920234.132644095] [rviz2]: OpenGl version: 4.6 (GLSL 4.6)
[ros2_control_node-2] [INFO] [1788920234.137755064] [controller_manager]: Activating controllers: [ aubo_io_controller ]
[ros2_control_node-2] [INFO] [1788920234.141208844] [controller_manager]: Successfully switched controllers!
[spawner-4] [INFO] [1788920234.146904747] [spawner_aubo_io_controller]: Configured and activated aubo_io_controller
[spawner-5] [INFO] [1788920234.214729175] [spawner_aubo_passthrough_trajectory_controller]: waiting for service /controller_manager/list_controllers to become available...
[INFO] [spawner-4]: process has finished cleanly [pid 83325]
[rviz2-7] [INFO] [1788920234.300814675] [rviz2]: Stereo is NOT SUPPORTED
[rviz2-7] Warning: class_loader.impl: SEVERE WARNING!!! A namespace collision has occurred with plugin factory for class rviz_default_plugins::displays::InteractiveMarkerDisplay. New factory will OVERWRITE existing one. This situation occurs when libraries containing plugins are directly linked against an executable (the one running right now generating this message). Please separate plugins out into their own library or just don't link against the library and use either class_loader::ClassLoader/MultiLibraryClassLoader to open.
[rviz2-7]          at line 321 in /opt/ros/jazzy/include/class_loader/class_loader/class_loader_core.hpp
[peach_scene_perception_node-10] [INFO] [1788920234.442240407] [peach_scene_perception_node]: Subscribed color=/camera/color/image_raw depth=/camera/depth/image_raw info=/camera/color/camera_info slop=0.05s optical=camera_color_optical_frame output=base_link depth_scale_unit=0.25 gravity_mode=tf calib=percipio-640x480-chessboard|hand_eye:import_humble_20260128T114006
[peach_scene_perception_node-10] [INFO] [1788920234.442528854] [peach_scene_perception_node]: 目标身份记忆已启用：match_radius=0.06 m, max_targets=50, ema=0.3
[ros2_control_node-2] [INFO] [1788920234.466296178] [controller_manager]: Loading controller : 'aubo_passthrough_trajectory_controller' of type 'aubo_e5_controllers/AuboPassthroughTrajectoryController'
[ros2_control_node-2] [INFO] [1788920234.466323108] [controller_manager]: Loading controller 'aubo_passthrough_trajectory_controller'
[ros2_control_node-2] [INFO] [1788920234.466583668] [controller_manager]: Controller 'aubo_passthrough_trajectory_controller' node arguments: --ros-args --params-file /tmp/launch_params_r2lt78t3 --params-file /home/mu/Desktop/aubo_e5_jazzy_ws/install/aubo_e5_bringup/share/aubo_e5_bringup/config/controllers.yaml 
[ros2-16] [INFO] [1788920234.467309642] [rosbag2_recorder]: Subscribed to topic '/peach/perception/target_observations'
[ros2-16] [INFO] [1788920234.471335827] [rosbag2_recorder]: Subscribed to topic '/peach/reconstruction/status'
[spawner-5] [INFO] [1788920234.476673660] [spawner_aubo_passthrough_trajectory_controller]: Loaded aubo_passthrough_trajectory_controller
[ros2_control_node-2] [INFO] [1788920234.477601920] [controller_manager]: Configuring controller: 'aubo_passthrough_trajectory_controller'
[ros2-16] [INFO] [1788920234.482182718] [rosbag2_recorder]: Subscribed to topic '/peach/reconstruction/shape_hypothesis'
[ros2_control_node-2] [INFO] [1788920234.487538466] [controller_manager]: Activating controllers: [ aubo_passthrough_trajectory_controller ]
[ros2_control_node-2] [INFO] [1788920234.491286429] [controller_manager]: Successfully switched controllers!
[peach_manipulation_node-12] [WARN] [1788920234.492533257] [peach_manipulation_node]: scan.protected_zones 丢弃畸形盒: 盒#0 存在 min>=max 的轴（空盒/退化盒），已丢弃
[spawner-5] [INFO] [1788920234.496682650] [spawner_aubo_passthrough_trajectory_controller]: Configured and activated aubo_passthrough_trajectory_controller
[ros2-16] [INFO] [1788920234.502389691] [rosbag2_recorder]: Subscribed to topic '/peach/manipulation/grasp_hypothesis'
[peach_manipulation_node-12] [WARN] [1788920234.510343463] [rcl.logging_rosout]: Publisher already registered for node name: 'peach_manipulation_node'. If this is due to multiple nodes with the same name then all logs for the logger named 'peach_manipulation_node' will go out over the existing publisher. As soon as any node with that name is destructed it will unregister the publisher, preventing any further logs for that name from being published on the rosout topic.
[peach_manipulation_node-12] [INFO] [1788920234.517474054] [peach_manipulation_node.moveit.ros.rdf_loader]: Loaded robot model in 0.00262121 seconds
[peach_manipulation_node-12] [INFO] [1788920234.517519502] [peach_manipulation_node.moveit.core.robot_model]: Loading robot model 'aubo_e5'...
[peach_manipulation_node-12] [INFO] [1788920234.517526452] [peach_manipulation_node.moveit.core.robot_model]: No root/virtual joint specified in SRDF. Assuming fixed joint
[peach_manipulation_node-12] [INFO] [1788920234.552460916] [peach_manipulation_node.moveit.kinematics.kdl_kinematics_plugin]: Joint weights for group 'manipulator_e5': 1 1 1 1 1 1
[peach_manipulation_node-12] [INFO] [1788920234.562239095] [peach_manipulation_node.moveit.ros.move_group_interface]: Ready to take commands for planning group manipulator_e5.
[peach_manipulation_node-12] [INFO] [1788920234.562272323] [peach_manipulation_node]: 主动视觉靠近节点 ready: group=manipulator_e5 base=base_link tip=tcp camera=camera_depth_optical_frame execution=plan_only grasp=disabled
[peach_manipulation_node-12] [INFO] [1788920234.562287664] [peach_manipulation_node]: [IDLE] 已配置；activate 后才开放运动输出权限
[ros2-16] [INFO] [1788920234.570512418] [rosbag2_recorder]: Subscribed to topic '/peach_executor/state'
[ros2-16] [INFO] [1788920234.573752451] [rosbag2_recorder]: Subscribed to topic '/peach_executor/events'
[ros2-16] [INFO] [1788920234.574909229] [rosbag2_recorder]: Subscribed to topic '/peach_executor/scene_snapshot'
[ros2-16] [INFO] [1788920234.574919308] [rosbag2_recorder]: All requested topics are subscribed. Stopping discovery...
[ros2-16] [INFO] [1788920234.574921612] [rosbag2_recorder]: Topics discovery stopped.
[spawner-3] [INFO] [1788920234.602976802] [spawner_joint_state_broadcaster]: waiting for service /controller_manager/list_controllers to become available...
[peach_executor-14] [INFO] [1788920234.613436759] [peach_executor]: task executor configured; will not auto-start harvest
[peach_scene_perception_node-10] [INFO] [1788920234.615151601] [peach_scene_perception_node]: perception Active：开始处理 RGB-D
[peach_target_reconstruction_node-11] [INFO] [1788920234.618026337] [peach_target_reconstruction_node]: reconstruction Active：开始积分
[peach_manipulation_node-12] [INFO] [1788920234.619596235] [peach_manipulation_node]: 节点已激活：运动输出权限开放
[peach_lifecycle_manager-15] [INFO] [1788920234.627075361] [peach_lifecycle_manager]: managed nodes Active（仍须显式 RunHarvest）
[INFO] [spawner-5]: process has finished cleanly [pid 83326]
[ros2_control_node-2] [INFO] [1788920234.854611843] [controller_manager]: Loading controller : 'joint_state_broadcaster' of type 'joint_state_broadcaster/JointStateBroadcaster'
[ros2_control_node-2] [INFO] [1788920234.854643708] [controller_manager]: Loading controller 'joint_state_broadcaster'
[ros2_control_node-2] [INFO] [1788920234.865885136] [controller_manager]: Controller 'joint_state_broadcaster' node arguments: --ros-args --params-file /tmp/launch_params_r2lt78t3 --params-file /home/mu/Desktop/aubo_e5_jazzy_ws/install/aubo_e5_bringup/share/aubo_e5_bringup/config/controllers.yaml 
[spawner-3] [INFO] [1788920234.871658248] [spawner_joint_state_broadcaster]: Loaded joint_state_broadcaster
[ros2_control_node-2] [INFO] [1788920234.872142869] [controller_manager]: Configuring controller: 'joint_state_broadcaster'
[ros2_control_node-2] [INFO] [1788920234.872199749] [joint_state_broadcaster]: 'joints' or 'interfaces' parameter is empty. All available state interfaces will be published
[ros2_control_node-2] [INFO] [1788920234.876609433] [controller_manager]: Activating controllers: [ joint_state_broadcaster ]
[ros2_control_node-2] [INFO] [1788920234.881127979] [controller_manager]: Successfully switched controllers!
[spawner-3] [INFO] [1788920234.887005811] [spawner_joint_state_broadcaster]: Configured and activated joint_state_broadcaster
[INFO] [spawner-3]: process has finished cleanly [pid 83324]
[component_container-8] [WARN] [1788920236.886118052] [GIGE2_0]: Failed to load default parameters, some parameters cannot be loaded properly!
[component_container-8] [INFO] [1788920236.886625901] [percipio_device]: color stream: 
[component_container-8] [INFO] [1788920236.886631169] [percipio_device]:         yuyv 2560x1920 2560x1920
[component_container-8] [INFO] [1788920236.886632689] [percipio_device]:         yuyv 1920x1440 1920x1440
[component_container-8] [INFO] [1788920236.886633632] [percipio_device]:         yuyv 1280x960 1280x960
[component_container-8] [INFO] [1788920236.886634594] [percipio_device]:         yuyv 640x480 640x480
[component_container-8] [INFO] [1788920236.886636091] [percipio_device]:         CSI BAYER12GR_2560x1920 2560x1920
[component_container-8] [INFO] [1788920236.886645420] [percipio_device]: depth stream: 
[component_container-8] [INFO] [1788920236.886646708] [percipio_device]:         DEPTH16_640x480 640x480
[component_container-8] [INFO] [1788920236.886647774] [percipio_device]:         DEPTH16_1280x960 1280x960
[component_container-8] [INFO] [1788920236.886648782] [percipio_device]:         DEPTH16_320x240 320x240
[component_container-8] [INFO] [1788920236.886652629] [percipio_device]: left-IR stream: 
[component_container-8] [INFO] [1788920236.886653939] [percipio_device]:         mono8 1280x960 1280x960
[component_container-8] [INFO] [1788920236.886657885] [percipio_device]: right-IR stream: 
[component_container-8] [INFO] [1788920236.886658946] [percipio_device]:         mono8 1280x960 1280x960
[component_container-8] [INFO] [1788920236.886668917] [GIGE2_0]: Depth distortion calib data check ret: 0(0)
[component_container-8] [INFO] [1788920236.886682188] [camera.camera]: Serial number:  207000152740
[component_container-8] [INFO] [1788920236.886700097] [camera.camera]: Model name:     PS800-E1
[component_container-8] [INFO] [1788920236.886701945] [camera.camera]: Build hash:     model:AP03B04-019PS80X_X_X_F107_XXL15_DVP_DF64_FC6;rtl:R0.2.6_0_g26e2cbc085;kernel:R3.13.77-0-gc484756878;tycam:R3.6.49-86ae766a;gevcam:R3.13.77-0-gd613cccf
[component_container-8] [INFO] [1788920236.886704012] [camera.camera]: Config version: r3.16.0-93f90f979a45de38f604fe0b207cb8712a39e7db
[component_container-8] Tue Oct 8 08:46:25 UTC 2024
[component_container-8] [INFO] [1788920236.888769231] [percipio_camera_node]: color camera_info override loaded from /home/mu/Desktop/aubo_e5_jazzy_ws/install/percipio_camera/share/percipio_camera/config/color_camera_info.yaml (camera_name=camera_color)
[component_container-8] [INFO] [1788920236.890188480] [percipio_device]: Set stream mode(Depth): DEPTH16_640x480 640x480
[component_container-8] [INFO] [1788920236.890207051] [percipio_device]: Depth stream scale unit: 0.25
[component_container-8] [INFO] [1788920236.891996026] [percipio_device]: Set stream mode(Texture): yuyv 640x480 640x480
[component_container-8] [INFO] [1788920237.170611517] [percipio_device]: Device now work at continuous mode.
[INFO] [launch_ros.actions.load_composable_nodes]: Loaded node '/camera/camera' in container '/camera/camera_container'
[rviz2-7] [ERROR] [1788920237.413940900] [moveit_2680705601.moveit.ros.motion_planning_frame]: Action server: /recognize_objects not available
[rviz2-7] [INFO] [1788920237.431457760] [moveit_2680705601.moveit.ros.motion_planning_frame]: MoveGroup namespace changed: / -> . Reloading params.
[rviz2-7] [INFO] [1788920237.443694676] [rviz]: Subscribing to: /peach/perception/single_cloud
[rviz2-7] 
[rviz2-7] [INFO] [1788920237.444021014] [rviz]: Subscribing to: /peach/reconstruction/tsdf_cloud
[rviz2-7] 
[rviz2-7] [INFO] [1788920237.444363449] [rviz]: Subscribing to: /peach/reconstruction/tsdf_cloud
[rviz2-7] 
[rviz2-7] [INFO] [1788920237.444660806] [rviz]: Subscribing to: /peach/reconstruction/tsdf_cloud
[rviz2-7] 
[rviz2-7] [INFO] [1788920237.456128681] [rviz]: Subscribing to: /peach/perception/single_cloud
[rviz2-7] 
[rviz2-7] [INFO] [1788920237.456526633] [rviz]: Subscribing to: /peach/reconstruction/tsdf_cloud
[rviz2-7] 
[rviz2-7] [INFO] [1788920237.617984960] [rviz2]: Stereo is NOT SUPPORTED
[rviz2-7] [INFO] [1788920237.631088806] [moveit_2680705601.moveit.ros.rdf_loader]: Loaded robot model in 0.0023933 seconds
[rviz2-7] [INFO] [1788920237.631131502] [moveit_2680705601.moveit.core.robot_model]: Loading robot model 'aubo_e5'...
[rviz2-7] [INFO] [1788920237.631141133] [moveit_2680705601.moveit.core.robot_model]: No root/virtual joint specified in SRDF. Assuming fixed joint
[rviz2-7] [INFO] [1788920237.667844570] [moveit_2680705601.moveit.kinematics.kdl_kinematics_plugin]: Joint weights for group 'manipulator_e5': 1 1 1 1 1 1
[rviz2-7] [INFO] [1788920237.775864451] [moveit_2680705601.moveit.ros.planning_scene_monitor]: Publishing maintained planning scene on 'monitored_planning_scene'
[rviz2-7] [INFO] [1788920237.878126371] [moveit_2680705601.moveit.ros.planning_scene_monitor]: Starting planning scene monitor
[rviz2-7] [INFO] [1788920237.878673483] [moveit_2680705601.moveit.ros.planning_scene_monitor]: Listening to '/monitored_planning_scene'
[rviz2-7] [INFO] [1788920237.991834214] [interactive_marker_display_110117409753904]: Connected on namespace: /rviz_moveit_motion_planning_display/robot_interaction_interactive_marker_topic
[rviz2-7] [INFO] [1788920237.994884688] [moveit_2680705601.moveit.ros.motion_planning_frame]: group manipulator_e5
[rviz2-7] [INFO] [1788920237.994903500] [moveit_2680705601.moveit.ros.motion_planning_frame]: Constructing new MoveGroup connection for group 'manipulator_e5' in namespace ''
[rviz2-7] [INFO] [1788920237.999229633] [moveit_2680705601.moveit.ros.move_group_interface]: Ready to take commands for planning group manipulator_e5.
[rviz2-7] [INFO] [1788920238.024525514] [interactive_marker_display_110117409753904]: Sending request for interactive markers
[peach_scene_perception_node-10] [INFO] [1788920238.030036184] [peach_scene_perception_node]: CameraInfo K fx=466.175 fy=465.557 cx=326.071 cy=244.789 640x480
[rviz2-7] [INFO] [1788920238.057829087] [interactive_marker_display_110117409753904]: Service response received for initialization
[component_container-8] 1788920233615 (2026-09-09 10:17:13) Update interface list
[component_container-8] 1788920233615 (2026-09-09 10:17:13) Got 4 interface list
[component_container-8] 1788920233615 (2026-09-09 10:17:13) Found interface 0:
[component_container-8] 1788920233615 (2026-09-09 10:17:13)   name: Dpb
[component_container-8] 1788920233615 (2026-09-09 10:17:13)   id:   usb-dpb
[component_container-8] 1788920233615 (2026-09-09 10:17:13)   type: 0x2
[component_container-8] 1788920233615 (2026-09-09 10:17:13) Found interface 1:
[component_container-8] 1788920233615 (2026-09-09 10:17:13)   name: eth-fc:9d:05:6c:6f:a0
[component_container-8] 1788920233615 (2026-09-09 10:17:13)   id:   eth-fc:9d:05:6c:6f:a00b0afea9
[component_container-8] 1788920233615 (2026-09-09 10:17:13)   type: 0x4
[component_container-8] 1788920233615 (2026-09-09 10:17:13)     MAC: fc:9d:05:6c:6f:a0
[component_container-8] 1788920233615 (2026-09-09 10:17:13)     ip: 169.254.10.11
[component_container-8] 1788920233615 (2026-09-09 10:17:13)     netmask: 255.255.0.0
[component_container-8] 1788920233615 (2026-09-09 10:17:13)     gateway: 
[component_container-8] 1788920233615 (2026-09-09 10:17:13)     broadcast: 169.254.255.255
[component_container-8] 1788920233615 (2026-09-09 10:17:13) Found interface 2:
[component_container-8] 1788920233615 (2026-09-09 10:17:13)   name: eth-ec:3a:56:0c:7b:24
[component_container-8] 1788920233615 (2026-09-09 10:17:13)   id:   eth-ec:3a:56:0c:7b:245a02a8c0
[component_container-8] 1788920233615 (2026-09-09 10:17:13)   type: 0x4
[component_container-8] 1788920233615 (2026-09-09 10:17:13)     MAC: ec:3a:56:0c:7b:24
[component_container-8] 1788920233615 (2026-09-09 10:17:13)     ip: 192.168.2.90
[component_container-8] 1788920233615 (2026-09-09 10:17:13)     netmask: 255.255.255.0
[component_container-8] 1788920233615 (2026-09-09 10:17:13)     gateway: 
[component_container-8] 1788920233615 (2026-09-09 10:17:13)     broadcast: 192.168.2.255
[component_container-8] 1788920233615 (2026-09-09 10:17:13) Found interface 3:
[component_container-8] 1788920233615 (2026-09-09 10:17:13)   name: eth-3e:fb:c2:05:17:4a
[component_container-8] 1788920233615 (2026-09-09 10:17:13)   id:   eth-3e:fb:c2:05:17:4a010011ac
[component_container-8] 1788920233615 (2026-09-09 10:17:13)   type: 0x4
[component_container-8] 1788920233615 (2026-09-09 10:17:13)     MAC: 3e:fb:c2:05:17:4a
[component_container-8] 1788920233615 (2026-09-09 10:17:13)     ip: 172.17.0.1
[component_container-8] 1788920233615 (2026-09-09 10:17:13)     netmask: 255.255.0.0
[component_container-8] 1788920233615 (2026-09-09 10:17:13)     gateway: 
[component_container-8] 1788920233615 (2026-09-09 10:17:13)     broadcast: 172.17.255.255
[component_container-8] 1788920236637 (2026-09-09 10:17:16) *** Select 207000152740 on eth-fc:9d:05:6c:6f:a00b0afea9, ip 169.254.10.110
[component_container-8] 1788920236886 (2026-09-09 10:17:16) ===                       : entry count 5
[component_container-8] 1788920236886 (2026-09-09 10:17:16) ===                       : entry count 3
[component_container-8] 1788920236886 (2026-09-09 10:17:16) ===                       : entry count 1
[component_container-8] 1788920236886 (2026-09-09 10:17:16) ===                       : entry count 1
[ros2_control_node-2] 09/09/2026 10:17:13,666 [135504169413696] [INFO ] - log4cplus started.
[ros2_control_node-2] 09/09/2026 10:17:13,666 [135504169413696] [INFO ] - sdk log: Connect robot server success.
[ros2_control_node-2] 09/09/2026 10:17:13,697 [135504169413696] [INFO ] - sdk log: set dhparam success. type:0, DhParam:0.408000,0.376000,0.098500,0.121500,0.102500,0.094000
[ros2_control_node-2] 09/09/2026 10:17:13,697 [135504169413696] [INFO ] - sdk log: login  success.
[ros2_control_node-2] 09/09/2026 10:17:13,707 [135504169413696] [INFO ] - sdk log: enable joint6 360.
[ros2_control_node-2] 09/09/2026 10:17:13,707 [135504169413696] [INFO ] - sdk log: login completed, set joint6 retate 360 falg success. joint6Rot360Enable=1
[ros2_control_node-2] 09/09/2026 10:17:13,707 [135504169413696] [INFO ] - sdk log: Connect robot server success.
[ros2_control_node-2] 09/09/2026 10:17:13,736 [135504169413696] [INFO ] - sdk log: login  success.
[ros2_control_node-2] 09/09/2026 10:17:13,748 [135504169413696] [INFO ] - sdk log: enable joint6 360.
[ros2_control_node-2] 09/09/2026 10:17:13,748 [135504169413696] [INFO ] - sdk log: login completed, set joint6 retate 360 falg success. joint6Rot360Enable=1
[peach_scene_perception_node-10] /home/mu/Desktop/aubo_e5_jazzy_ws/aubo_py3.12/lib/python3.12/site-packages/matplotlib/projections/__init__.py:63: UserWarning: Unable to import Axes3D. This may be due to multiple versions of Matplotlib being installed (e.g. as a system package and as a pip package). As a result, the 3D projection is not available.
[peach_scene_perception_node-10]   warnings.warn("Unable to import Axes3D. This may be due to multiple versions of "
[peach_scene_perception_node-10] [INFO] [1788920240.361250144] [peach_scene_perception_node]: 目标注册表在册 1 个目标（累计注册 1、累计命中 0）
[component_container-8] [INFO] [1788920243.347775976] [percipio_device]: fps = 2.42991
[component_container-8] [INFO] [1788920249.116854897] [percipio_device]: fps = 2.42854
[peach_scene_perception_node-10] [INFO] [1788920250.516809163] [peach_scene_perception_node]: 目标注册表在册 2 个目标（累计注册 2、累计命中 49）
[component_container-8] [INFO] [1788920254.883799437] [percipio_device]: fps = 2.42854
[component_container-8] [INFO] [1788920260.652502067] [percipio_device]: fps = 2.42628
[peach_scene_perception_node-10] [INFO] [1788920260.824304650] [peach_scene_perception_node]: 目标注册表在册 2 个目标（累计注册 2、累计命中 99）
[component_container-8] [INFO] [1788920266.417730884] [percipio_device]: fps = 2.42854
[peach_scene_perception_node-10] [INFO] [1788920271.164170834] [peach_scene_perception_node]: 目标注册表在册 2 个目标（累计注册 2、累计命中 147）
[component_container-8] [INFO] [1788920272.192176836] [percipio_device]: fps = 2.42537
[component_container-8] [INFO] [1788920277.957692754] [percipio_device]: fps = 2.42809
[peach_scene_perception_node-10] [INFO] [1788920281.429563300] [peach_scene_perception_node]: 目标注册表在册 2 个目标（累计注册 2、累计命中 197）
[component_container-8] [INFO] [1788920283.729339031] [percipio_device]: fps = 2.42537
[component_container-8] [INFO] [1788920289.494434111] [percipio_device]: fps = 2.42945
[peach_scene_perception_node-10] [INFO] [1788920291.737905671] [peach_scene_perception_node]: 目标注册表在册 2 个目标（累计注册 2、累计命中 245）
[component_container-8] [INFO] [1788920295.260425888] [percipio_device]: fps = 2.429
[component_container-8] [INFO] [1788920301.029746397] [percipio_device]: fps = 2.42673
[peach_scene_perception_node-10] [INFO] [1788920302.034836336] [peach_scene_perception_node]: 目标注册表在册 2 个目标（累计注册 2、累计命中 295）
[component_container-8] [INFO] [1788920306.800505280] [percipio_device]: fps = 2.42583
[peach_scene_perception_node-10] [INFO] [1788920312.455943893] [peach_scene_perception_node]: 目标注册表在册 2 个目标（累计注册 2、累计命中 339）
[component_container-8] [INFO] [1788920312.567676344] [percipio_device]: fps = 2.42537
[component_container-8] [INFO] [1788920318.332544794] [percipio_device]: fps = 2.42628
[peach_scene_perception_node-10] [INFO] [1788920322.621047075] [peach_scene_perception_node]: 目标注册表在册 2 个目标（累计注册 2、累计命中 389）
[component_container-8] [INFO] [1788920324.100036459] [percipio_device]: fps = 2.429
[component_container-8] [INFO] [1788920329.865981897] [percipio_device]: fps = 2.42945
[peach_scene_perception_node-10] [INFO] [1788920332.956803588] [peach_scene_perception_node]: 目标注册表在册 2 个目标（累计注册 2、累计命中 439）
[component_container-8] [INFO] [1788920335.634269957] [percipio_device]: fps = 2.42718
[component_container-8] [INFO] [1788920341.406268732] [percipio_device]: fps = 2.42673
[peach_scene_perception_node-10] [INFO] [1788920343.232860224] [peach_scene_perception_node]: 目标注册表在册 2 个目标（累计注册 2、累计命中 487）
[component_container-8] [INFO] [1788920347.174388595] [percipio_device]: fps = 2.42447
[component_container-8] [INFO] [1788920352.943077140] [percipio_device]: fps = 2.42583
[peach_scene_perception_node-10] [INFO] [1788920353.526225724] [peach_scene_perception_node]: 目标注册表在册 2 个目标（累计注册 2、累计命中 537）
[component_container-8] [INFO] [1788920358.711207588] [percipio_device]: fps = 2.42628
[peach_scene_perception_node-10] [INFO] [1788920363.831722429] [peach_scene_perception_node]: 目标注册表在册 2 个目标（累计注册 2、累计命中 587）
[component_container-8] [INFO] [1788920364.473220768] [percipio_device]: fps = 2.429
[component_container-8] [INFO] [1788920370.244059559] [percipio_device]: fps = 2.42673
[peach_scene_perception_node-10] [INFO] [1788920374.125301750] [peach_scene_perception_node]: 目标注册表在册 2 个目标（累计注册 2、累计命中 637）
[component_container-8] [INFO] [1788920376.009811374] [percipio_device]: fps = 2.42764
[component_container-8] [INFO] [1788920381.784078879] [percipio_device]: fps = 2.42537
[peach_scene_perception_node-10] [INFO] [1788920384.437921126] [peach_scene_perception_node]: 目标注册表在册 2 个目标（累计注册 2、累计命中 687）
[component_container-8] [INFO] [1788920387.548574571] [percipio_device]: fps = 2.42854
[component_container-8] [INFO] [1788920393.319741296] [percipio_device]: fps = 2.42583
[peach_scene_perception_node-10] [INFO] [1788920394.737351684] [peach_scene_perception_node]: 目标注册表在册 2 个目标（累计注册 2、累计命中 733）
[component_container-8] [INFO] [1788920399.084287686] [percipio_device]: fps = 2.429
[component_container-8] [INFO] [1788920404.852844701] [percipio_device]: fps = 2.42718
[peach_scene_perception_node-10] [INFO] [1788920405.066794864] [peach_scene_perception_node]: 目标注册表在册 2 个目标（累计注册 2、累计命中 775）
[component_container-8] [INFO] [1788920410.621899979] [percipio_device]: fps = 2.42583
[peach_scene_perception_node-10] [INFO] [1788920415.325050463] [peach_scene_perception_node]: 目标注册表在册 2 个目标（累计注册 2、累计命中 825）
[component_container-8] [INFO] [1788920416.387655165] [percipio_device]: fps = 2.42583
[component_container-8] [INFO] [1788920422.155785220] [percipio_device]: fps = 2.42854
[peach_scene_perception_node-10] [INFO] [1788920425.644871658] [peach_scene_perception_node]: 目标注册表在册 2 个目标（累计注册 2、累计命中 875）
[component_container-8] [INFO] [1788920427.927668685] [percipio_device]: fps = 2.42492
[component_container-8] [INFO] [1788920433.692756367] [percipio_device]: fps = 2.42764
[peach_scene_perception_node-10] [INFO] [1788920436.194471596] [peach_scene_perception_node]: 目标注册表在册 2 个目标（累计注册 2、累计命中 925）
[component_container-8] [INFO] [1788920439.459457591] [percipio_device]: fps = 2.42718
[peach_target_reconstruction_node-11] [WARN] [1788920444.291424960] [peach_target_reconstruction_node]: 重建 worker 队列已满，拒绝新帧以保持积分顺序
[component_container-8] [INFO] [1788920445.223861056] [percipio_device]: fps = 2.42809
[peach_scene_perception_node-10] [INFO] [1788920446.229682416] [peach_scene_perception_node]: 目标注册表在册 2 个目标（累计注册 2、累计命中 963）
[component_container-8] [INFO] [1788920450.998495312] [percipio_device]: fps = 2.42537
[peach_scene_perception_node-10] [INFO] [1788920456.536202152] [peach_scene_perception_node]: 目标注册表在册 2 个目标（累计注册 2、累计命中 1013）
[component_container-8] [INFO] [1788920456.763418150] [percipio_device]: fps = 2.42718
[peach_target_reconstruction_node-11] [WARN] [1788920462.292001326] [peach_target_reconstruction_node]: 重建 worker 队列已满，拒绝新帧以保持积分顺序
[component_container-8] [INFO] [1788920462.534567999] [percipio_device]: fps = 2.42809
[peach_scene_perception_node-10] [INFO] [1788920466.824306809] [peach_scene_perception_node]: 目标注册表在册 2 个目标（累计注册 2、累计命中 1063）
[component_container-8] [INFO] [1788920468.299330886] [percipio_device]: fps = 2.42809
[component_container-8] [INFO] [1788920474.065902542] [percipio_device]: fps = 2.429
[peach_target_reconstruction_node-11] Traceback (most recent call last):
[peach_target_reconstruction_node-11]   File "/home/mu/Desktop/aubo_e5_jazzy_ws/install/peach_perception/lib/peach_perception/peach_target_reconstruction_node", line 33, in <module>
[peach_target_reconstruction_node-11]     sys.exit(load_entry_point('peach-perception==0.1.0', 'console_scripts', 'peach_target_reconstruction_node')())
[peach_target_reconstruction_node-11]              ^^^^^^^^^^^^^^^^^^^^^^^^^^^^^^^^^^^^^^^^^^^^^^^^^^^^^^^^^^^^^^^^^^^^^^^^^^^^^^^^^^^^^^^^^^^^^^^^^^^^
[peach_target_reconstruction_node-11]   File "/home/mu/Desktop/aubo_e5_jazzy_ws/install/peach_perception/lib/python3.12/site-packages/peach_perception/target_reconstruction/target_reconstruction_node.py", line 2062, in main
[peach_target_reconstruction_node-11]     executor.spin()
[peach_target_reconstruction_node-11]   File "/opt/ros/jazzy/lib/python3.12/site-packages/rclpy/executors.py", line 359, in spin
[peach_target_reconstruction_node-11]     self._spin_once_impl()
[peach_target_reconstruction_node-11]   File "/opt/ros/jazzy/lib/python3.12/site-packages/rclpy/executors.py", line 1009, in _spin_once_impl
[peach_target_reconstruction_node-11]     future.result()  # raise any exceptions
[peach_target_reconstruction_node-11]     ^^^^^^^^^^^^^^^
[peach_target_reconstruction_node-11]   File "/opt/ros/jazzy/lib/python3.12/site-packages/rclpy/task.py", line 109, in result
[peach_target_reconstruction_node-11]     raise self.exception()
[peach_target_reconstruction_node-11]   File "/opt/ros/jazzy/lib/python3.12/site-packages/rclpy/task.py", line 286, in _execute_coroutine_step
[peach_target_reconstruction_node-11]     result = coro.send(None)
[peach_target_reconstruction_node-11]              ^^^^^^^^^^^^^^^
[peach_target_reconstruction_node-11]   File "/opt/ros/jazzy/lib/python3.12/site-packages/rclpy/executors.py", line 592, in handler
[peach_target_reconstruction_node-11]     await call_coroutine()
[peach_target_reconstruction_node-11]   File "/opt/ros/jazzy/lib/python3.12/site-packages/rclpy/executors.py", line 531, in _execute
[peach_target_reconstruction_node-11]     response = await await_or_execute(srv.callback, request, srv.srv_type.Response())
[peach_target_reconstruction_node-11]                ^^^^^^^^^^^^^^^^^^^^^^^^^^^^^^^^^^^^^^^^^^^^^^^^^^^^^^^^^^^^^^^^^^^^^^
[peach_target_reconstruction_node-11]   File "/opt/ros/jazzy/lib/python3.12/site-packages/rclpy/executors.py", line 115, in await_or_execute
[peach_target_reconstruction_node-11]     return callback(*args)
[peach_target_reconstruction_node-11]            ^^^^^^^^^^^^^^^
[peach_target_reconstruction_node-11] TypeError: TargetReconstructionNode._on_query_reconstruction_state() missing 1 required positional argument: 'response'
[peach_target_reconstruction_node-11] The following exception was never retrieved: cannot use Destroyable because destruction was requested
[ERROR] [peach_target_reconstruction_node-11]: process has died [pid 83332, exit code 1, cmd '/home/mu/Desktop/aubo_e5_jazzy_ws/install/peach_perception/lib/peach_perception/peach_target_reconstruction_node --ros-args -r __node:=peach_target_reconstruction_node -r __ns:=/ --params-file /tmp/launch_params_ki6qqqey --params-file /tmp/launch_params_0luxinip'].
[peach_scene_perception_node-10] [INFO] [1788920477.456115228] [peach_scene_perception_node]: 目标注册表在册 2 个目标（累计注册 2、累计命中 1109）
[component_container-8] [INFO] [1788920479.833054278] [percipio_device]: fps = 2.42718
[peach_manipulation_node-12] [WARN] [1788920483.442787179] [peach_manipulation_node]: scan.protected_zones 丢弃畸形盒: 盒#0 存在 min>=max 的轴（空盒/退化盒），已丢弃
[component_container-8] [INFO] [1788920485.603052931] [percipio_device]: fps = 2.42492
[peach_manipulation_node-12] [WARN] [1788920486.133391844] [peach_manipulation_node]: scan.protected_zones 丢弃畸形盒: 盒#0 存在 min>=max 的轴（空盒/退化盒），已丢弃
[peach_scene_perception_node-10] [INFO] [1788920487.830163628] [peach_scene_perception_node]: 目标注册表在册 2 个目标（累计注册 2、累计命中 1155）
[component_container-8] [INFO] [1788920491.373176281] [percipio_device]: fps = 2.42537
[component_container-8] [INFO] [1788920497.140105653] [percipio_device]: fps = 2.42673
[peach_scene_perception_node-10] [INFO] [1788920498.162716335] [peach_scene_perception_node]: 目标注册表在册 2 个目标（累计注册 2、累计命中 1199）
[peach_manipulation_node-12] [INFO] [1788920502.590741551] [peach_manipulation_node.moveit.ros.move_group_interface]: MoveGroup action client/server ready
[move_group-6] [INFO] [1788920502.591699281] [move_group.moveit.moveit.ros.move_group.move_action]: MoveGroupMoveAction: Received request
[peach_manipulation_node-12] [INFO] [1788920502.591796108] [peach_manipulation_node.moveit.ros.move_group_interface]: Planning request accepted
[move_group-6] [INFO] [1788920502.591878518] [move_group.moveit.moveit.ros.move_group.move_action]: executing..
[move_group-6] [INFO] [1788920502.596106142] [move_group.moveit.moveit.ros.move_group.move_action]: Planning request received for MoveGroup action. Forwarding to planning pipeline.
[move_group-6] [INFO] [1788920502.596129415] [move_group.moveit.moveit.ros.move_group.capability]: Using planning pipeline 'pilz_industrial_motion_planner'
[move_group-6] [INFO] [1788920502.596245707] [move_group]: Calling PlanningRequestAdapter 'ResolveConstraintFrames'
[move_group-6] [INFO] [1788920502.596260054] [move_group]: Calling PlanningRequestAdapter 'ValidateWorkspaceBounds'
[move_group-6] [WARN] [1788920502.596262744] [move_group.moveit.moveit.ros.validate_workspace_bounds]: It looks like the planning volume was not specified. Using default values.
[move_group-6] [INFO] [1788920502.596268061] [move_group]: Calling PlanningRequestAdapter 'CheckStartStateBounds'
[move_group-6] [INFO] [1788920502.596282672] [move_group]: Calling PlanningRequestAdapter 'CheckStartStateCollision'
[move_group-6] [INFO] [1788920502.606690286] [move_group.moveit.moveit.planners.pilz.trajectory_generator.ptp]: Initialized Point-to-Point Trajectory Generator.
[move_group-6] [INFO] [1788920502.606719809] [move_group]: Calling Planner 'Pilz Industrial Motion Planner'
[move_group-6] [INFO] [1788920502.606739154] [move_group.moveit.moveit.planners.pilz.trajectory_generator]: Generating PTP trajectory...
[move_group-6] [INFO] [1788920502.606892077] [move_group]: Calling PlanningResponseAdapter 'ValidateSolution'
[move_group-6] [INFO] [1788920502.607238453] [move_group]: Calling PlanningResponseAdapter 'DisplayMotionPath'
[move_group-6] [INFO] [1788920502.607414615] [move_group.moveit.moveit.ros.move_group.move_action]: Motion plan was computed successfully.
[peach_manipulation_node-12] [INFO] [1788920502.607707229] [peach_manipulation_node.moveit.ros.move_group_interface]: Planning request complete!
[peach_manipulation_node-12] [INFO] [1788920502.608653716] [peach_manipulation_node.moveit.ros.move_group_interface]: time taken to generate plan: 0.000108073 seconds
[peach_manipulation_node-12] [INFO] [1788920502.609015569] [peach_manipulation_node.moveit.ros.move_group_interface]: Execute request accepted
[move_group-6] [INFO] [1788920502.609026368] [move_group.moveit.moveit.ros.move_group.clear_octomap_service]: Execution request received
[move_group-6] [INFO] [1788920502.609059251] [move_group.moveit.moveit.plugins.simple_controller_manager]: Returned 1 controllers in list
[move_group-6] [INFO] [1788920502.609073694] [move_group.moveit.moveit.plugins.simple_controller_manager]: Returned 1 controllers in list
[move_group-6] [INFO] [1788920502.609149452] [move_group.moveit.moveit.ros.trajectory_execution_manager]: Validating trajectory with allowed_start_tolerance 0.15
[move_group-6] [INFO] [1788920502.611154355] [move_group.moveit.moveit.ros.trajectory_execution_manager]: Starting trajectory execution ...
[move_group-6] [INFO] [1788920502.611192305] [move_group.moveit.moveit.plugins.simple_controller_manager]: Returned 1 controllers in list
[move_group-6] [INFO] [1788920502.611214095] [move_group.moveit.moveit.plugins.simple_controller_manager]: Returned 1 controllers in list
[move_group-6] [INFO] [1788920502.611373656] [moveit.simple_controller_manager.follow_joint_trajectory_controller_handle]: sending trajectory to aubo_passthrough_trajectory_controller
[ros2_control_node-2] [INFO] [1788920502.611554703] [aubo_passthrough_trajectory_controller]: Received new trajectory.
[ros2_control_node-2] [INFO] [1788920502.611647087] [aubo_passthrough_trajectory_controller]: Accepted new trajectory with 3 points.
[move_group-6] [INFO] [1788920502.611668112] [moveit.simple_controller_manager.follow_joint_trajectory_controller_handle]: aubo_passthrough_trajectory_controller started execution
[move_group-6] [INFO] [1788920502.611679877] [moveit.simple_controller_manager.follow_joint_trajectory_controller_handle]: Goal request accepted!
[ros2_control_node-2] [INFO] [1788920502.611673174] [aubo_passthrough_trajectory_controller]: Effective goal time: 0 sec
[component_container-8] [INFO] [1788920502.910024367] [percipio_device]: fps = 2.42718
[ros2_control_node-2] [INFO] [1788920503.166019767] [aubo_passthrough_trajectory_controller]: Trajectory executed successfully (goal-hold confirmed in 0.550005 s).
[move_group-6] [INFO] [1788920503.212429700] [moveit.simple_controller_manager.follow_joint_trajectory_controller_handle]: Controller 'aubo_passthrough_trajectory_controller' successfully finished
[move_group-6] [INFO] [1788920503.226344836] [move_group.moveit.moveit.ros.trajectory_execution_manager]: Completed trajectory execution with status SUCCEEDED ...
[move_group-6] [INFO] [1788920503.226417695] [move_group.moveit.moveit.ros.move_group.clear_octomap_service]: Execution completed: SUCCEEDED
[peach_manipulation_node-12] [INFO] [1788920503.226658754] [peach_manipulation_node.moveit.ros.move_group_interface]: Execute request success!
[peach_manipulation_node-12] [INFO] [1788920503.227789513] [peach_manipulation_node.moveit.ros.current_state_monitor]: Listening to joint states on topic 'joint_states'
[peach_scene_perception_node-10] [INFO] [1788920508.426726843] [peach_scene_perception_node]: 目标注册表在册 2 个目标（累计注册 2、累计命中 1245）
[component_container-8] [INFO] [1788920508.672182028] [percipio_device]: fps = 2.43036
[component_container-8] [INFO] [1788920514.439967133] [percipio_device]: fps = 2.42809
[peach_scene_perception_node-10] [INFO] [1788920518.681305231] [peach_scene_perception_node]: 目标注册表在册 2 个目标（累计注册 2、累计命中 1281）
[component_container-8] [INFO] [1788920520.207556287] [percipio_device]: fps = 2.42809
[component_container-8] [INFO] [1788920525.977019264] [percipio_device]: fps = 2.42673
[peach_scene_perception_node-10] [INFO] [1788920528.986700026] [peach_scene_perception_node]: 目标注册表在册 2 个目标（累计注册 2、累计命中 1306）
[component_container-8] [INFO] [1788920531.746264187] [percipio_device]: fps = 2.42809
[component_container-8] [INFO] [1788920537.518311364] [percipio_device]: fps = 2.42764
[peach_scene_perception_node-10] [INFO] [1788920539.344106366] [peach_scene_perception_node]: 目标注册表在册 2 个目标（累计注册 2、累计命中 1330）
[component_container-8] [INFO] [1788920543.284045636] [percipio_device]: fps = 2.42718
[component_container-8] [INFO] [1788920549.047548755] [percipio_device]: fps = 2.42764
[peach_scene_perception_node-10] [INFO] [1788920549.574876760] [peach_scene_perception_node]: 目标注册表在册 2 个目标（累计注册 2、累计命中 1353）
[component_container-8] [INFO] [1788920554.815454382] [percipio_device]: fps = 2.42809
[peach_scene_perception_node-10] [INFO] [1788920559.884513222] [peach_scene_perception_node]: 目标注册表在册 2 个目标（累计注册 2、累计命中 1378）
[component_container-8] [INFO] [1788920560.586066280] [percipio_device]: fps = 2.42583
[component_container-8] [INFO] [1788920566.356959334] [percipio_device]: fps = 2.42809
[peach_scene_perception_node-10] [INFO] [1788920570.173216128] [peach_scene_perception_node]: 目标注册表在册 2 个目标（累计注册 2、累计命中 1403）
[component_container-8] [INFO] [1788920572.127112954] [percipio_device]: fps = 2.42583
[component_container-8] [INFO] [1788920577.887985182] [percipio_device]: fps = 2.43036
[peach_scene_perception_node-10] [INFO] [1788920580.518455393] [peach_scene_perception_node]: 目标注册表在册 2 个目标（累计注册 2、累计命中 1427）
[component_container-8] [INFO] [1788920583.658677359] [percipio_device]: fps = 2.42673
[component_container-8] [INFO] [1788920589.421341672] [percipio_device]: fps = 2.42809
[peach_scene_perception_node-10] [INFO] [1788920590.783498924] [peach_scene_perception_node]: 目标注册表在册 2 个目标（累计注册 2、累计命中 1452）
[component_container-8] [INFO] [1788920595.193526996] [percipio_device]: fps = 2.42583
[component_container-8] [INFO] [1788920600.959747471] [percipio_device]: fps = 2.42673
[peach_scene_perception_node-10] [INFO] [1788920601.093812691] [peach_scene_perception_node]: 目标注册表在册 2 个目标（累计注册 2、累计命中 1477）
[component_container-8] [INFO] [1788920606.731019462] [percipio_device]: fps = 2.42537
[peach_scene_perception_node-10] [INFO] [1788920611.389728752] [peach_scene_perception_node]: 目标注册表在册 2 个目标（累计注册 2、累计命中 1501）
[component_container-8] [INFO] [1788920612.498662373] [percipio_device]: fps = 2.42537
[component_container-8] [INFO] [1788920618.261083672] [percipio_device]: fps = 2.42764
[peach_scene_perception_node-10] [INFO] [1788920621.400636881] [peach_scene_perception_node]: 目标注册表在册 2 个目标（累计注册 2、累计命中 1518）
[component_container-8] [INFO] [1788920624.029392429] [percipio_device]: fps = 2.42809
[component_container-8] [INFO] [1788920629.796794618] [percipio_device]: fps = 2.42809
[peach_scene_perception_node-10] [INFO] [1788920631.558380001] [peach_scene_perception_node]: 目标注册表在册 2 个目标（累计注册 2、累计命中 1541）
[component_container-8] [INFO] [1788920635.569010862] [percipio_device]: fps = 2.42447
[component_container-8] [INFO] [1788920641.337013596] [percipio_device]: fps = 2.42583
[peach_scene_perception_node-10] [INFO] [1788920641.880584216] [peach_scene_perception_node]: 目标注册表在册 2 个目标（累计注册 2、累计命中 1564）
[component_container-8] [INFO] [1788920647.103415756] [percipio_device]: fps = 2.42764
[peach_scene_perception_node-10] [INFO] [1788920652.164793652] [peach_scene_perception_node]: 目标注册表在册 2 个目标（累计注册 2、累计命中 1588）
[component_container-8] [INFO] [1788920652.864102518] [percipio_device]: fps = 2.429
[component_container-8] [INFO] [1788920658.631911797] [percipio_device]: fps = 2.42809
[peach_scene_perception_node-10] [INFO] [1788920662.476416510] [peach_scene_perception_node]: 目标注册表在册 2 个目标（累计注册 2、累计命中 1610）
[component_container-8] [INFO] [1788920664.400821845] [percipio_device]: fps = 2.42809
[component_container-8] [INFO] [1788920670.175942692] [percipio_device]: fps = 2.42583
[peach_scene_perception_node-10] [INFO] [1788920672.861387170] [peach_scene_perception_node]: 目标注册表在册 2 个目标（累计注册 2、累计命中 1634）
[component_container-8] [INFO] [1788920675.938017802] [percipio_device]: fps = 2.42718
[component_container-8] [INFO] [1788920681.709084642] [percipio_device]: fps = 2.42583
[peach_scene_perception_node-10] [INFO] [1788920683.059762261] [peach_scene_perception_node]: 目标注册表在册 2 个目标（累计注册 2、累计命中 1659）
[component_container-8] [INFO] [1788920687.468940117] [percipio_device]: fps = 2.43036
[component_container-8] [INFO] [1788920693.241081014] [percipio_device]: fps = 2.42628
[peach_scene_perception_node-10] [INFO] [1788920693.355777344] [peach_scene_perception_node]: 目标注册表在册 2 个目标（累计注册 2、累计命中 1683）
[peach_executor-14] [WARN] [1788920693.607636532] [peach_executor]: action server not ready
[peach_manipulation_node-12] [INFO] [1788920693.618803105] [peach_manipulation_node.moveit.ros.move_group_interface]: MoveGroup action client/server ready
[move_group-6] [INFO] [1788920693.618995548] [move_group.moveit.moveit.ros.move_group.move_action]: MoveGroupMoveAction: Received request
[move_group-6] [INFO] [1788920693.619170293] [move_group.moveit.moveit.ros.move_group.move_action]: executing..
[peach_manipulation_node-12] [INFO] [1788920693.619515021] [peach_manipulation_node.moveit.ros.move_group_interface]: Planning request accepted
[move_group-6] [INFO] [1788920693.621288984] [move_group.moveit.moveit.ros.move_group.move_action]: Planning request received for MoveGroup action. Forwarding to planning pipeline.
[move_group-6] [INFO] [1788920693.621315273] [move_group.moveit.moveit.ros.move_group.capability]: Using planning pipeline 'pilz_industrial_motion_planner'
[move_group-6] [INFO] [1788920693.621372796] [move_group]: Calling PlanningRequestAdapter 'ResolveConstraintFrames'
[move_group-6] [INFO] [1788920693.621386258] [move_group]: Calling PlanningRequestAdapter 'ValidateWorkspaceBounds'
[move_group-6] [WARN] [1788920693.621389167] [move_group.moveit.moveit.ros.validate_workspace_bounds]: It looks like the planning volume was not specified. Using default values.
[move_group-6] [INFO] [1788920693.621395672] [move_group]: Calling PlanningRequestAdapter 'CheckStartStateBounds'
[move_group-6] [INFO] [1788920693.621405876] [move_group]: Calling PlanningRequestAdapter 'CheckStartStateCollision'
[move_group-6] [INFO] [1788920693.621493056] [move_group.moveit.moveit.planners.pilz.trajectory_generator.ptp]: Initialized Point-to-Point Trajectory Generator.
[move_group-6] [INFO] [1788920693.621507595] [move_group]: Calling Planner 'Pilz Industrial Motion Planner'
[move_group-6] [INFO] [1788920693.621514607] [move_group.moveit.moveit.planners.pilz.trajectory_generator]: Generating PTP trajectory...
[move_group-6] [INFO] [1788920693.621543784] [move_group.moveit.moveit.planners.pilz.trajectory_generator.ptp]: Goal already reached, set one goal point explicitly.
[move_group-6] [INFO] [1788920693.621576912] [move_group]: Calling PlanningResponseAdapter 'ValidateSolution'
[move_group-6] [INFO] [1788920693.621621510] [move_group]: Calling PlanningResponseAdapter 'DisplayMotionPath'
[move_group-6] [INFO] [1788920693.621663809] [move_group.moveit.moveit.ros.move_group.move_action]: Motion plan was computed successfully.
[peach_manipulation_node-12] [INFO] [1788920693.621778598] [peach_manipulation_node.moveit.ros.move_group_interface]: Planning request complete!
[peach_manipulation_node-12] [INFO] [1788920693.622282348] [peach_manipulation_node.moveit.ros.move_group_interface]: time taken to generate plan: 4.1519e-05 seconds
[peach_manipulation_node-12] [INFO] [1788920693.622462317] [peach_manipulation_node.moveit.ros.move_group_interface]: Execute request accepted
[move_group-6] [INFO] [1788920693.622468041] [move_group.moveit.moveit.ros.move_group.clear_octomap_service]: Execution request received
[move_group-6] [INFO] [1788920693.622488620] [move_group.moveit.moveit.plugins.simple_controller_manager]: Returned 1 controllers in list
[move_group-6] [INFO] [1788920693.622499112] [move_group.moveit.moveit.plugins.simple_controller_manager]: Returned 1 controllers in list
[move_group-6] [INFO] [1788920693.622529531] [move_group.moveit.moveit.ros.trajectory_execution_manager]: Validating trajectory with allowed_start_tolerance 0.15
[move_group-6] [INFO] [1788920693.626698214] [move_group.moveit.moveit.ros.trajectory_execution_manager]: Starting trajectory execution ...
[move_group-6] [INFO] [1788920693.626727348] [move_group.moveit.moveit.plugins.simple_controller_manager]: Returned 1 controllers in list
[move_group-6] [INFO] [1788920693.626739391] [move_group.moveit.moveit.plugins.simple_controller_manager]: Returned 1 controllers in list
[move_group-6] [INFO] [1788920693.626933180] [moveit.simple_controller_manager.follow_joint_trajectory_controller_handle]: sending trajectory to aubo_passthrough_trajectory_controller
[ros2_control_node-2] [INFO] [1788920693.627386040] [aubo_passthrough_trajectory_controller]: Received new trajectory.
[ros2_control_node-2] [INFO] [1788920693.627447072] [aubo_passthrough_trajectory_controller]: Accepted new trajectory with 1 points.
[ros2_control_node-2] [INFO] [1788920693.627466747] [aubo_passthrough_trajectory_controller]: Effective goal time: 0 sec
[move_group-6] [INFO] [1788920693.627576109] [moveit.simple_controller_manager.follow_joint_trajectory_controller_handle]: aubo_passthrough_trajectory_controller started execution
[move_group-6] [INFO] [1788920693.627583275] [moveit.simple_controller_manager.follow_joint_trajectory_controller_handle]: Goal request accepted!
[ros2_control_node-2] [INFO] [1788920693.896051239] [aubo_passthrough_trajectory_controller]: Trajectory executed successfully (goal-hold confirmed in 0.265040 s).
[move_group-6] [INFO] [1788920693.927742374] [moveit.simple_controller_manager.follow_joint_trajectory_controller_handle]: Controller 'aubo_passthrough_trajectory_controller' successfully finished
[move_group-6] [INFO] [1788920693.941713702] [move_group.moveit.moveit.ros.trajectory_execution_manager]: Completed trajectory execution with status SUCCEEDED ...
[move_group-6] [INFO] [1788920693.941870798] [move_group.moveit.moveit.ros.move_group.clear_octomap_service]: Execution completed: SUCCEEDED
[peach_manipulation_node-12] [INFO] [1788920693.942193945] [peach_manipulation_node.moveit.ros.move_group_interface]: Execute request success!
[component_container-8] [INFO] [1788920699.009993324] [percipio_device]: fps = 2.42673
[peach_manipulation_node-12] [INFO] [1788920701.088633029] [peach_manipulation_node.moveit.ros.move_group_interface]: MoveGroup action client/server ready
[move_group-6] [INFO] [1788920701.088809662] [move_group.moveit.moveit.ros.move_group.move_action]: MoveGroupMoveAction: Received request
[move_group-6] [INFO] [1788920701.088915705] [move_group.moveit.moveit.ros.move_group.move_action]: executing..
[peach_manipulation_node-12] [INFO] [1788920701.089030020] [peach_manipulation_node.moveit.ros.move_group_interface]: Planning request accepted
[move_group-6] [INFO] [1788920701.091367520] [move_group.moveit.moveit.ros.move_group.move_action]: Planning request received for MoveGroup action. Forwarding to planning pipeline.
[move_group-6] [INFO] [1788920701.091384160] [move_group.moveit.moveit.ros.move_group.capability]: Using planning pipeline 'pilz_industrial_motion_planner'
[move_group-6] [INFO] [1788920701.091471483] [move_group]: Calling PlanningRequestAdapter 'ResolveConstraintFrames'
[move_group-6] [INFO] [1788920701.091496056] [move_group]: Calling PlanningRequestAdapter 'ValidateWorkspaceBounds'
[move_group-6] [WARN] [1788920701.091499863] [move_group.moveit.moveit.ros.validate_workspace_bounds]: It looks like the planning volume was not specified. Using default values.
[move_group-6] [INFO] [1788920701.091505905] [move_group]: Calling PlanningRequestAdapter 'CheckStartStateBounds'
[move_group-6] [INFO] [1788920701.091516256] [move_group]: Calling PlanningRequestAdapter 'CheckStartStateCollision'
[move_group-6] [INFO] [1788920701.091598777] [move_group.moveit.moveit.planners.pilz.trajectory_generator.ptp]: Initialized Point-to-Point Trajectory Generator.
[move_group-6] [INFO] [1788920701.091614964] [move_group]: Calling Planner 'Pilz Industrial Motion Planner'
[move_group-6] [INFO] [1788920701.091621359] [move_group.moveit.moveit.planners.pilz.trajectory_generator]: Generating PTP trajectory...
[move_group-6] [INFO] [1788920701.091643347] [move_group.moveit.moveit.planners.pilz.trajectory_generator.ptp]: Goal already reached, set one goal point explicitly.
[move_group-6] [INFO] [1788920701.091669795] [move_group]: Calling PlanningResponseAdapter 'ValidateSolution'
[move_group-6] [INFO] [1788920701.091711486] [move_group]: Calling PlanningResponseAdapter 'DisplayMotionPath'
[move_group-6] [INFO] [1788920701.091744026] [move_group.moveit.moveit.ros.move_group.move_action]: Motion plan was computed successfully.
[peach_manipulation_node-12] [INFO] [1788920701.091807167] [peach_manipulation_node.moveit.ros.move_group_interface]: Planning request complete!
[peach_manipulation_node-12] [INFO] [1788920701.091907099] [peach_manipulation_node.moveit.ros.move_group_interface]: time taken to generate plan: 3.1222e-05 seconds
[move_group-6] [INFO] [1788920701.092105322] [move_group.moveit.moveit.ros.move_group.clear_octomap_service]: Execution request received
[peach_manipulation_node-12] [INFO] [1788920701.092111824] [peach_manipulation_node.moveit.ros.move_group_interface]: Execute request accepted
[move_group-6] [INFO] [1788920701.092129351] [move_group.moveit.moveit.plugins.simple_controller_manager]: Returned 1 controllers in list
[move_group-6] [INFO] [1788920701.092141051] [move_group.moveit.moveit.plugins.simple_controller_manager]: Returned 1 controllers in list
[move_group-6] [INFO] [1788920701.092184385] [move_group.moveit.moveit.ros.trajectory_execution_manager]: Validating trajectory with allowed_start_tolerance 0.15
[move_group-6] [INFO] [1788920701.096374592] [move_group.moveit.moveit.ros.trajectory_execution_manager]: Starting trajectory execution ...
[move_group-6] [INFO] [1788920701.096422236] [move_group.moveit.moveit.plugins.simple_controller_manager]: Returned 1 controllers in list
[move_group-6] [INFO] [1788920701.096439601] [move_group.moveit.moveit.plugins.simple_controller_manager]: Returned 1 controllers in list
[move_group-6] [INFO] [1788920701.096610430] [moveit.simple_controller_manager.follow_joint_trajectory_controller_handle]: sending trajectory to aubo_passthrough_trajectory_controller
[ros2_control_node-2] [INFO] [1788920701.096758594] [aubo_passthrough_trajectory_controller]: Received new trajectory.
[ros2_control_node-2] [INFO] [1788920701.096817642] [aubo_passthrough_trajectory_controller]: Accepted new trajectory with 1 points.
[ros2_control_node-2] [INFO] [1788920701.096832813] [aubo_passthrough_trajectory_controller]: Effective goal time: 0 sec
[move_group-6] [INFO] [1788920701.097973811] [moveit.simple_controller_manager.follow_joint_trajectory_controller_handle]: aubo_passthrough_trajectory_controller started execution
[move_group-6] [INFO] [1788920701.097984585] [moveit.simple_controller_manager.follow_joint_trajectory_controller_handle]: Goal request accepted!
[ros2_control_node-2] [INFO] [1788920701.356004263] [aubo_passthrough_trajectory_controller]: Trajectory executed successfully (goal-hold confirmed in 0.255004 s).
[move_group-6] [INFO] [1788920701.397018575] [moveit.simple_controller_manager.follow_joint_trajectory_controller_handle]: Controller 'aubo_passthrough_trajectory_controller' successfully finished
[move_group-6] [INFO] [1788920701.411372930] [move_group.moveit.moveit.ros.trajectory_execution_manager]: Completed trajectory execution with status SUCCEEDED ...
[move_group-6] [INFO] [1788920701.411444884] [move_group.moveit.moveit.ros.move_group.clear_octomap_service]: Execution completed: SUCCEEDED
[peach_manipulation_node-12] [INFO] [1788920701.411867488] [peach_manipulation_node.moveit.ros.move_group_interface]: Execute request success!
[peach_scene_perception_node-10] [INFO] [1788920703.568924621] [peach_scene_perception_node]: 目标注册表在册 2 个目标（累计注册 2、累计命中 1683）
[component_container-8] [INFO] [1788920704.777856113] [percipio_device]: fps = 2.42537
[component_container-8] [INFO] [1788920710.548255374] [percipio_device]: fps = 2.42718
[peach_scene_perception_node-10] [INFO] [1788920713.865794895] [peach_scene_perception_node]: 目标注册表在册 2 个目标（累计注册 2、累计命中 1683）
[component_container-8] [INFO] [1788920716.314900044] [percipio_device]: fps = 2.42718
[component_container-8] [INFO] [1788920722.079755714] [percipio_device]: fps = 2.42945
[peach_scene_perception_node-10] [INFO] [1788920724.169164077] [peach_scene_perception_node]: 目标注册表在册 2 个目标（累计注册 2、累计命中 1683）
[component_container-8] [INFO] [1788920727.848736962] [percipio_device]: fps = 2.42628
[component_container-8] [INFO] [1788920733.614845331] [percipio_device]: fps = 2.42945
[peach_scene_perception_node-10] [INFO] [1788920734.456662794] [peach_scene_perception_node]: 目标注册表在册 2 个目标（累计注册 2、累计命中 1683）
