/home/mu/IVG2.0/install/vision_perception/lib/python3.10/site-packages/vision_perception/yolo_obb_node.py
/home/mu/IVG2.0/install/vision_perception/lib/python3.10/site-packages/vision_perception/mediapipe_holistic_node.py
/home/mu/IVG2.0/install/vision_perception/lib/python3.10/site-packages/vision_perception/__init__.py
/home/mu/IVG2.0/install/vision_perception/lib/python3.10/site-packages/vision_perception/video_publisher_node.py
/home/mu/IVG2.0/install/vision_perception/lib/python3.10/site-packages/vision_perception/__pycache__/yolo_obb_node.cpython-310.pyc
/home/mu/IVG2.0/install/vision_perception/lib/python3.10/site-packages/vision_perception/__pycache__/mediapipe_holistic_node.cpython-310.pyc
/home/mu/IVG2.0/install/vision_perception/lib/python3.10/site-packages/vision_perception/__pycache__/__init__.cpython-310.pyc
/home/mu/IVG2.0/install/vision_perception/lib/python3.10/site-packages/vision_perception/__pycache__/video_publisher_node.cpython-310.pyc
/home/mu/IVG2.0/install/vision_perception/share/ament_index/resource_index/packages/vision_perception
/home/mu/IVG2.0/install/vision_perception/share/vision_perception/package.xml
/home/mu/IVG2.0/install/vision_perception/share/vision_perception/launch/mediapipe_holistic.launch.py
/home/mu/IVG2.0/install/vision_perception/share/vision_perception/launch/test_video.launch.py
/home/mu/IVG2.0/install/vision_perception/share/vision_perception/launch/yolo_obb.launch.py
/home/mu/IVG2.0/install/vision_perception/share/vision_perception/launch/vision_perception.launch.py
/home/mu/IVG2.0/install/vision_perception/share/vision_perception/resource/video_新手咖啡拉花练习顺序_0.mp4
/home/mu/IVG2.0/install/vision_perception/lib/python3.10/site-packages/vision_perception-1.0.0-py3.10.egg-info/SOURCES.txt
/home/mu/IVG2.0/install/vision_perception/lib/python3.10/site-packages/vision_perception-1.0.0-py3.10.egg-info/requires.txt
/home/mu/IVG2.0/install/vision_perception/lib/python3.10/site-packages/vision_perception-1.0.0-py3.10.egg-info/dependency_links.txt
/home/mu/IVG2.0/install/vision_perception/lib/python3.10/site-packages/vision_perception-1.0.0-py3.10.egg-info/PKG-INFO
/home/mu/IVG2.0/install/vision_perception/lib/python3.10/site-packages/vision_perception-1.0.0-py3.10.egg-info/zip-safe
/home/mu/IVG2.0/install/vision_perception/lib/python3.10/site-packages/vision_perception-1.0.0-py3.10.egg-info/top_level.txt
/home/mu/IVG2.0/install/vision_perception/lib/python3.10/site-packages/vision_perception-1.0.0-py3.10.egg-info/entry_points.txt
/home/mu/IVG2.0/install/vision_perception/lib/vision_perception/mediapipe_holistic_node
/home/mu/IVG2.0/install/vision_perception/lib/vision_perception/video_publisher_node
/home/mu/IVG2.0/install/vision_perception/lib/vision_perception/yolo_obb_node
