[INFO] [launch]: All log files can be found below /home/mu/.ros/log/2026-09-09-16-02-51-035718-mu-MS-7E34-210102
[INFO] [launch]: Default logging verbosity is set to INFO
[INFO] [robot_state_publisher-1]: process started with pid [210152]
[INFO] [ros2_control_node-2]: process started with pid [210153]
[INFO] [spawner-3]: process started with pid [210154]
[INFO] [spawner-4]: process started with pid [210155]
[INFO] [spawner-5]: process started with pid [210156]
[INFO] [move_group-6]: process started with pid [210157]
[INFO] [rviz2-7]: process started with pid [210158]
[INFO] [component_container-8]: process started with pid [210159]
[INFO] [extrinsics_publisher-9]: process started with pid [210160]
[INFO] [peach_scene_perception_node-10]: process started with pid [210161]
[INFO] [peach_target_reconstruction_node-11]: process started with pid [210162]
[INFO] [peach_manipulation_node-12]: process started with pid [210163]
[INFO] [peach_observability-13]: process started with pid [210164]
[INFO] [peach_executor-14]: process started with pid [210165]
[INFO] [peach_lifecycle_manager-15]: process started with pid [210166]
[INFO] [ros2-16]: process started with pid [210167]
[ros2_control_node-2] [INFO] [1788940971.499008119] [controller_manager]: Using Steady (Monotonic) clock for triggering controller manager cycles.
[robot_state_publisher-1] [INFO] [1788940971.499677318] [robot_state_publisher]: Robot initialized
[ros2_control_node-2] [INFO] [1788940971.504597274] [controller_manager]: Subscribing to '/robot_description' topic for robot description.
[ros2_control_node-2] [INFO] [1788940971.506210165] [controller_manager]: update rate is 200 Hz
[ros2_control_node-2] [INFO] [1788940971.506228900] [controller_manager]: Overruns handling is : enabled
[ros2_control_node-2] [INFO] [1788940971.506232492] [controller_manager]: Spawning controller_manager RT thread with scheduler priority: 50
[ros2_control_node-2] [INFO] [1788940971.506277504] [controller_manager]: Successful set up FIFO RT scheduling policy with priority 50.
[peach_manipulation_node-12] [WARN] [1788940971.514222127] [rcl.logging_rosout]: Publisher already registered for node name: 'peach_manipulation_node'. If this is due to multiple nodes with the same name then all logs for the logger named 'peach_manipulation_node' will go out over the existing publisher. As soon as any node with that name is destructed it will unregister the publisher, preventing any further logs for that name from being published on the rosout topic.
[peach_manipulation_node-12] [WARN] [1788940971.515521284] [peach_manipulation_node]: scan.protected_zones 丢弃畸形盒: 盒#0 存在 min>=max 的轴（空盒/退化盒），已丢弃
[move_group-6] [INFO] [1788940971.531035332] [move_group.moveit.moveit.ros.rdf_loader]: Loaded robot model in 0.00316944 seconds
[move_group-6] [INFO] [1788940971.531671765] [move_group.moveit.moveit.core.robot_model]: Loading robot model 'aubo_e5'...
[move_group-6] [INFO] [1788940971.531685537] [move_group.moveit.moveit.core.robot_model]: No root/virtual joint specified in SRDF. Assuming fixed joint
[move_group-6] [INFO] [1788940971.584442411] [move_group.moveit.moveit.kinematics.kdl_kinematics_plugin]: Joint weights for group 'manipulator_e5': 1 1 1 1 1 1
[component_container-8] [INFO] [1788940971.627051147] [camera.camera_container]: Load Library: /home/mu/Desktop/aubo_e5_jazzy_ws/install/percipio_camera/lib/libpercipio_camera.so
[spawner-5] [INFO] [1788940971.724561022] [spawner_aubo_passthrough_trajectory_controller]: waiting for service /controller_manager/list_controllers to become available...
[move_group-6] [INFO] [1788940971.725307514] [move_group.moveit.moveit.ros.planning_scene_monitor]: Publishing maintained planning scene on 'monitored_planning_scene'
[move_group-6] [INFO] [1788940971.725423350] [move_group.moveit.moveit.ros.moveit_cpp]: Listening to 'joint_states' for joint states
[move_group-6] [INFO] [1788940971.725992017] [move_group.moveit.moveit.ros.current_state_monitor]: Listening to joint states on topic 'joint_states'
[move_group-6] [INFO] [1788940971.726209940] [move_group.moveit.moveit.ros.planning_scene_monitor]: Listening to '/attached_collision_object' for attached collision objects
[move_group-6] [INFO] [1788940971.726219082] [move_group.moveit.moveit.ros.planning_scene_monitor]: Stopping existing planning scene publisher.
[move_group-6] [INFO] [1788940971.726296658] [move_group.moveit.moveit.ros.planning_scene_monitor]: Stopped publishing maintained planning scene.
[move_group-6] [INFO] [1788940971.726423669] [move_group.moveit.moveit.ros.planning_scene_monitor]: Publishing maintained planning scene on 'monitored_planning_scene'
[move_group-6] [INFO] [1788940971.726457313] [move_group.moveit.moveit.ros.planning_scene_monitor]: Starting planning scene monitor
[move_group-6] [INFO] [1788940971.726571144] [move_group.moveit.moveit.ros.planning_scene_monitor]: Listening to '/planning_scene'
[move_group-6] [INFO] [1788940971.726575760] [move_group.moveit.moveit.ros.planning_scene_monitor]: Starting world geometry update monitor for collision objects, attached objects, octomap updates.
[move_group-6] [INFO] [1788940971.726936140] [move_group.moveit.moveit.ros.planning_scene_monitor]: Listening to 'collision_object'
[move_group-6] [INFO] [1788940971.727059970] [move_group.moveit.moveit.ros.planning_scene_monitor]: Listening to 'planning_scene_world' for planning scene world geometry
[move_group-6] [WARN] [1788940971.727615752] [move_group.moveit.moveit.ros.occupancy_map_monitor]: Resolution not specified for Octomap. Assuming resolution = 0.1 instead
[move_group-6] [ERROR] [1788940971.727626773] [move_group.moveit.moveit.ros.occupancy_map_monitor]: No 3D sensor plugin(s) defined for octomap updates
[ros2_control_node-2] [INFO] [1788940971.733810115] [controller_manager]: Received robot description from topic.
[ros2_control_node-2] [INFO] [1788940971.733850123] [controller_manager]: Enforcing command limits is disabled. Command limits from URDF will be ignored.
[component_container-8] [INFO] [1788940971.735400373] [camera.camera_container]: Found class: rclcpp_components::NodeFactoryTemplate<percipio_camera::PercipioCameraNodeDriver>
[component_container-8] [INFO] [1788940971.735429271] [camera.camera_container]: Instantiate class: rclcpp_components::NodeFactoryTemplate<percipio_camera::PercipioCameraNodeDriver>
[ros2_control_node-2] [INFO] [1788940971.736964822] [controller_manager]: Loading hardware 'AuboE5System' 
[component_container-8] [INFO] [1788940971.738743761] [camera.camera]: Init lib
[ros2_control_node-2] [INFO] [1788940971.742608988] [controller_manager]: Loaded hardware 'AuboE5System' from plugin 'aubo_e5_hardware/AuboE5Hardware'
[ros2_control_node-2] [INFO] [1788940971.742707423] [controller_manager]: Initialize hardware 'AuboE5System' 
[component_container-8] [INFO] [1788940971.743613299] [camera.camera]:      - lib version: 4.2.10
[component_container-8] [INFO] [1788940971.743788243] [camera.camera]: PercipioCameraNodeDriver::init, deivce sn :
[component_container-8] [INFO] [1788940971.743794238] [camera.camera]: PercipioCameraNodeDriver::init, deivce ip :169.254.10.110
[ros2_control_node-2] [INFO] [1788940971.748813871] [AuboE5Hardware]: on_init OK (169.254.10.98:8899, rib_target=400, slowdown=300/350, batch=2..8, speed_guard=false)
[ros2_control_node-2] [INFO] [1788940971.748838998] [controller_manager]: Successful initialization of hardware 'AuboE5System'
[ros2_control_node-2] [INFO] [1788940971.749208655] [controller_manager]: Activating component 'AuboE5System'.
[ros2_control_node-2] [INFO] [1788940971.749221219] [resource_manager]: 'configure' hardware 'AuboE5System' 
[ros2_control_node-2] log4cplus: Just opened file: logfiles/trace_all.log
[ros2-16] [WARN] [ros2bag]: Positional "topics" argument deprecated. Please use optional "--topics" argument instead.
[ros2-16] stdin is not a terminal device. Keyboard handling disabled.[INFO] [1788940971.812202058] [rosbag2_recorder]: Press SPACE for pausing/resuming
[ros2-16] [INFO] [1788940971.812328887] [rosbag2_recorder]: Event publisher thread: Started
[ros2-16] [INFO] [1788940971.815415155] [rosbag2_recorder]: Starting recording to '/home/mu/Desktop/aubo_e5_jazzy_ws/runs/mcap_20260909_160251'
[ros2-16] [INFO] [1788940971.816964422] [rosbag2_recorder]: Listening for topics...
[ros2-16] [INFO] [1788940971.816978923] [rosbag2_recorder]: Recording...
[ros2-16] [INFO] [1788940971.816993007] [rosbag2_recorder]: Topics discovery started.
[extrinsics_publisher-9] [INFO] [1788940971.826612309] [hand_eye_extrinsics_publisher]: Published active camera extrinsic from /home/mu/Desktop/aubo_e5_jazzy_ws/src/aubo_hand_eye_calibration/hand_eye/active.yaml
[ros2_control_node-2] [INFO] [1788940971.839171767] [AuboE5Hardware]: Real robot detected
[move_group-6] [INFO] [1788940971.848404141] [move_group.moveit.moveit.ros.planning_pipeline]: Successfully loaded planner 'OMPL'
[move_group-6] [INFO] [1788940971.849890993] [move_group]: Try loading adapter 'default_planning_request_adapters/ResolveConstraintFrames'
[move_group-6] [INFO] [1788940971.850451447] [move_group]: Loaded adapter 'default_planning_request_adapters/ResolveConstraintFrames'
[move_group-6] [INFO] [1788940971.850456617] [move_group]: Try loading adapter 'default_planning_request_adapters/ValidateWorkspaceBounds'
[move_group-6] [INFO] [1788940971.850576407] [move_group]: Loaded adapter 'default_planning_request_adapters/ValidateWorkspaceBounds'
[move_group-6] [INFO] [1788940971.850579162] [move_group]: Try loading adapter 'default_planning_request_adapters/CheckStartStateBounds'
[move_group-6] [INFO] [1788940971.850589470] [move_group]: Loaded adapter 'default_planning_request_adapters/CheckStartStateBounds'
[move_group-6] [INFO] [1788940971.850591444] [move_group]: Try loading adapter 'default_planning_request_adapters/CheckStartStateCollision'
[move_group-6] [INFO] [1788940971.850596248] [move_group]: Loaded adapter 'default_planning_request_adapters/CheckStartStateCollision'
[move_group-6] [INFO] [1788940971.851882673] [move_group]: Try loading adapter 'default_planning_response_adapters/AddTimeOptimalParameterization'
[move_group-6] [INFO] [1788940971.853215771] [move_group]: Loaded adapter 'default_planning_response_adapters/AddTimeOptimalParameterization'
[move_group-6] [INFO] [1788940971.853222766] [move_group]: Try loading adapter 'default_planning_response_adapters/AddRuckigTrajectorySmoothing'
[move_group-6] [INFO] [1788940971.853230324] [move_group]: Loaded adapter 'default_planning_response_adapters/AddRuckigTrajectorySmoothing'
[move_group-6] [INFO] [1788940971.853232034] [move_group]: Try loading adapter 'default_planning_response_adapters/ValidateSolution'
[move_group-6] [INFO] [1788940971.854329788] [move_group]: Loaded adapter 'default_planning_response_adapters/ValidateSolution'
[move_group-6] [INFO] [1788940971.854338765] [move_group]: Try loading adapter 'default_planning_response_adapters/DisplayMotionPath'
[move_group-6] [INFO] [1788940971.854596134] [move_group]: Loaded adapter 'default_planning_response_adapters/DisplayMotionPath'
[move_group-6] [INFO] [1788940971.856955432] [move_group.moveit.moveit.planners.pilz.joint_limits_aggregator]: Reading limits from namespace robot_description_planning
[move_group-6] [INFO] [1788940971.858195364] [move_group.moveit.moveit.planners.pilz.command_planner]: Available plugins: pilz_industrial_motion_planner/PlanningContextLoaderCIRC pilz_industrial_motion_planner/PlanningContextLoaderLIN pilz_industrial_motion_planner/PlanningContextLoaderPTP pilz_industrial_motion_planner/PlanningContextLoaderPolyline 
[move_group-6] [INFO] [1788940971.858204940] [move_group.moveit.moveit.planners.pilz.command_planner]: About to load: pilz_industrial_motion_planner/PlanningContextLoaderCIRC
[move_group-6] [INFO] [1788940971.859009204] [move_group.moveit.moveit.planners.pilz.command_planner]: Registered Algorithm [CIRC]
[move_group-6] [INFO] [1788940971.859017277] [move_group.moveit.moveit.planners.pilz.command_planner]: About to load: pilz_industrial_motion_planner/PlanningContextLoaderLIN
[move_group-6] [INFO] [1788940971.859507522] [move_group.moveit.moveit.planners.pilz.command_planner]: Registered Algorithm [LIN]
[move_group-6] [INFO] [1788940971.859513481] [move_group.moveit.moveit.planners.pilz.command_planner]: About to load: pilz_industrial_motion_planner/PlanningContextLoaderPTP
[move_group-6] [INFO] [1788940971.859961127] [move_group.moveit.moveit.planners.pilz.command_planner]: Registered Algorithm [PTP]
[move_group-6] [INFO] [1788940971.859966770] [move_group.moveit.moveit.planners.pilz.command_planner]: About to load: pilz_industrial_motion_planner/PlanningContextLoaderPolyline
[move_group-6] [INFO] [1788940971.860429652] [move_group.moveit.moveit.planners.pilz.command_planner]: Registered Algorithm [POLYLINE]
[move_group-6] [INFO] [1788940971.860437779] [move_group.moveit.moveit.ros.planning_pipeline]: Successfully loaded planner 'Pilz Industrial Motion Planner'
[move_group-6] [INFO] [1788940971.861799850] [move_group]: Try loading adapter 'default_planning_request_adapters/ResolveConstraintFrames'
[move_group-6] [INFO] [1788940971.861923951] [move_group]: Loaded adapter 'default_planning_request_adapters/ResolveConstraintFrames'
[move_group-6] [INFO] [1788940971.861926405] [move_group]: Try loading adapter 'default_planning_request_adapters/ValidateWorkspaceBounds'
[move_group-6] [INFO] [1788940971.862057327] [move_group]: Loaded adapter 'default_planning_request_adapters/ValidateWorkspaceBounds'
[move_group-6] [INFO] [1788940971.862060977] [move_group]: Try loading adapter 'default_planning_request_adapters/CheckStartStateBounds'
[move_group-6] [INFO] [1788940971.862068997] [move_group]: Loaded adapter 'default_planning_request_adapters/CheckStartStateBounds'
[move_group-6] [INFO] [1788940971.862070610] [move_group]: Try loading adapter 'default_planning_request_adapters/CheckStartStateCollision'
[move_group-6] [INFO] [1788940971.862076298] [move_group]: Loaded adapter 'default_planning_request_adapters/CheckStartStateCollision'
[move_group-6] [INFO] [1788940971.863398032] [move_group]: Try loading adapter 'default_planning_response_adapters/ValidateSolution'
[move_group-6] [INFO] [1788940971.863951281] [move_group]: Loaded adapter 'default_planning_response_adapters/ValidateSolution'
[move_group-6] [INFO] [1788940971.863958169] [move_group]: Try loading adapter 'default_planning_response_adapters/DisplayMotionPath'
[move_group-6] [INFO] [1788940971.864110889] [move_group]: Loaded adapter 'default_planning_response_adapters/DisplayMotionPath'
[move_group-6] [INFO] [1788940971.881275172] [move_group.moveit.moveit.plugins.simple_controller_manager]: Added FollowJointTrajectory controller for aubo_passthrough_trajectory_controller
[move_group-6] [INFO] [1788940971.881413795] [move_group.moveit.moveit.plugins.simple_controller_manager]: Returned 1 controllers in list
[move_group-6] [INFO] [1788940971.881432411] [move_group.moveit.moveit.plugins.simple_controller_manager]: Returned 1 controllers in list
[move_group-6] [INFO] [1788940971.881797769] [move_group.moveit.moveit.ros.trajectory_execution_manager]: Trajectory execution is not managing controllers
[move_group-6] [INFO] [1788940971.881807262] [move_group]: MoveGroup debug mode is ON
[move_group-6] [INFO] [1788940971.897423894] [move_group.moveit.moveit.planners.pilz.move_group_sequence_action]: initialize move group sequence action
[move_group-6] [INFO] [1788940971.898988417] [move_group.moveit.moveit.planners.pilz.joint_limits_aggregator]: Reading limits from namespace robot_description_planning
[move_group-6] [INFO] [1788940971.899126217] [move_group.moveit.moveit.planners.pilz.joint_limits_aggregator]: Reading limits from namespace robot_description_planning
[move_group-6] [INFO] [1788940971.899530364] [move_group.moveit.moveit.ros.move_group.executable]: 
[move_group-6] 
[move_group-6] ********************************************************
[move_group-6] * MoveGroup using: 
[move_group-6] *     - apply_planning_scene_service
[move_group-6] *     - clear_octomap_service
[move_group-6] *     - ExecuteTaskSolution
[move_group-6] *     - get_group_urdf
[move_group-6] *     - load_geometry_from_file
[move_group-6] *     - CartesianPathService
[move_group-6] *     - execute_trajectory_action
[move_group-6] *     - get_planning_scene_service
[move_group-6] *     - kinematics_service
[move_group-6] *     - move_action
[move_group-6] *     - motion_plan_service
[move_group-6] *     - query_planners_service
[move_group-6] *     - state_validation_service
[move_group-6] *     - save_geometry_to_file
[move_group-6] *     - SequenceAction
[move_group-6] *     - SequenceService
[move_group-6] ********************************************************
[move_group-6] 
[move_group-6] [INFO] [1788940971.899556054] [move_group.moveit.moveit.ros.move_group.context]: MoveGroup context using pipeline ompl
[move_group-6] [INFO] [1788940971.899560868] [move_group.moveit.moveit.ros.move_group.context]: MoveGroup context initialization complete
[move_group-6] [96mLoading 'move_group/ApplyPlanningSceneService'...[0m
[move_group-6] [96mLoading 'move_group/ClearOctomapService'...[0m
[move_group-6] [96mLoading 'move_group/ExecuteTaskSolutionCapability'...[0m
[move_group-6] [96mLoading 'move_group/GetUrdfService'...[0m
[move_group-6] [96mLoading 'move_group/LoadGeometryFromFileService'...[0m
[move_group-6] [96mLoading 'move_group/MoveGroupCartesianPathService'...[0m
[move_group-6] [96mLoading 'move_group/MoveGroupExecuteTrajectoryAction'...[0m
[move_group-6] [96mLoading 'move_group/MoveGroupGetPlanningSceneService'...[0m
[move_group-6] [96mLoading 'move_group/MoveGroupKinematicsService'...[0m
[move_group-6] [96mLoading 'move_group/MoveGroupMoveAction'...[0m
[move_group-6] [96mLoading 'move_group/MoveGroupPlanService'...[0m
[move_group-6] [96mLoading 'move_group/MoveGroupQueryPlannersService'...[0m
[move_group-6] [96mLoading 'move_group/MoveGroupStateValidationService'...[0m
[move_group-6] [96mLoading 'move_group/SaveGeometryToFileService'...[0m
[move_group-6] [96mLoading 'pilz_industrial_motion_planner/MoveGroupSequenceAction'...[0m
[move_group-6] [96mLoading 'pilz_industrial_motion_planner/MoveGroupSequenceService'...[0m
[move_group-6] 
[move_group-6] [92mYou can start planning now![0m
[move_group-6] 
[ros2_control_node-2] [INFO] [1788940971.900281477] [AuboE5Hardware]: on_configure OK (dual login, push active)
[ros2_control_node-2] [INFO] [1788940971.900301895] [resource_manager]: Successful 'configure' of hardware 'AuboE5System'
[ros2_control_node-2] [INFO] [1788940971.900328107] [resource_manager]: 'activate' hardware 'AuboE5System' 
[ros2_control_node-2] [INFO] [1788940971.912130766] [AuboE5Hardware.sendLoop]: sendLoop started
[ros2_control_node-2] [INFO] [1788940971.912141493] [AuboE5Hardware]: on_activate OK (TCP2CAN active, send + IO threads running)
[ros2_control_node-2] [INFO] [1788940971.912163656] [AuboE5Hardware.ioLoop]: ioLoop started
[ros2_control_node-2] [INFO] [1788940971.912172100] [resource_manager]: Successful 'activate' of hardware 'AuboE5System'
[ros2_control_node-2] [INFO] [1788940971.912253843] [controller_manager]: Registering statistics for : AuboE5System
[ros2_control_node-2] [INFO] [1788940971.912318726] [controller_manager]: Resource Manager has been successfully initialized. Starting Controller Manager services...
[peach_observability-13] [INFO] [1788940971.920107652] [peach_observability]: 手动调试操作面未启用（debug.enabled=false）
[peach_observability-13] [INFO] [1788940971.921602102] [peach_observability]: 桃子采摘 Web 控制台（只读监控）: http://127.0.0.1:8090
[peach_scene_perception_node-10] [INFO] [1788940972.053946620] [peach_scene_perception_node]: YOLO=/home/mu/Desktop/aubo_e5_jazzy_ws/install/peach_perception/share/peach_perception/model/best.pt
[peach_scene_perception_node-10] [INFO] [1788940972.054143743] [peach_scene_perception_node]: SAM=/home/mu/Desktop/aubo_e5_jazzy_ws/install/peach_perception/share/peach_perception/model/mobile_sam.pt
[peach_target_reconstruction_node-11] [INFO] [1788940972.057934818] [peach_target_reconstruction_node]: peach_target_reconstruction_node ready: base=base_link color=/camera/color/image_raw depth=/camera/depth/image_raw slop=0.05s depth_scale_unit=0.25 views(min/rec/max)=2/5/24 require_static=True auto_mode=True session_root=/home/mu/Desktop/aubo_e5_jazzy_ws/runs
[ros2_control_node-2] [INFO] [1788940972.069230656] [controller_manager]: Loading controller : 'aubo_passthrough_trajectory_controller' of type 'aubo_e5_controllers/AuboPassthroughTrajectoryController'
[ros2_control_node-2] [INFO] [1788940972.070424107] [controller_manager]: Loading controller 'aubo_passthrough_trajectory_controller'
[ros2_control_node-2] [INFO] [1788940972.074263855] [controller_manager]: Controller 'aubo_passthrough_trajectory_controller' node arguments: --ros-args --params-file /tmp/launch_params_9dgia84p --params-file /home/mu/Desktop/aubo_e5_jazzy_ws/install/aubo_e5_bringup/share/aubo_e5_bringup/config/controllers.yaml 
[spawner-5] [INFO] [1788940972.094460520] [spawner_aubo_passthrough_trajectory_controller]: Loaded aubo_passthrough_trajectory_controller
[ros2_control_node-2] [INFO] [1788940972.095427491] [controller_manager]: Configuring controller: 'aubo_passthrough_trajectory_controller'
[ros2_control_node-2] [INFO] [1788940972.124281429] [controller_manager]: Activating controllers: [ aubo_passthrough_trajectory_controller ]
[ros2_control_node-2] [INFO] [1788940972.126499226] [controller_manager]: Successfully switched controllers!
[spawner-5] [INFO] [1788940972.132281385] [spawner_aubo_passthrough_trajectory_controller]: Configured and activated aubo_passthrough_trajectory_controller
[spawner-4] [INFO] [1788940972.220160983] [spawner_aubo_io_controller]: waiting for service /controller_manager/list_controllers to become available...
[INFO] [spawner-5]: process has finished cleanly [pid 210156]
[ros2_control_node-2] [INFO] [1788940972.289678920] [controller_manager]: Loading controller : 'aubo_io_controller' of type 'aubo_e5_controllers/AuboIOController'
[ros2_control_node-2] [INFO] [1788940972.289709059] [controller_manager]: Loading controller 'aubo_io_controller'
[ros2_control_node-2] [INFO] [1788940972.289948733] [controller_manager]: Controller 'aubo_io_controller' node arguments: --ros-args --params-file /tmp/launch_params_9dgia84p --params-file /home/mu/Desktop/aubo_e5_jazzy_ws/install/aubo_e5_bringup/share/aubo_e5_bringup/config/controllers.yaml 
[spawner-4] [INFO] [1788940972.297989225] [spawner_aubo_io_controller]: Loaded aubo_io_controller
[ros2_control_node-2] [INFO] [1788940972.299790458] [controller_manager]: Configuring controller: 'aubo_io_controller'
[ros2_control_node-2] [INFO] [1788940972.312175590] [controller_manager]: Activating controllers: [ aubo_io_controller ]
[ros2_control_node-2] [INFO] [1788940972.316491337] [controller_manager]: Successfully switched controllers!
[rviz2-7] [INFO] [1788940972.317621545] [rviz2]: Stereo is NOT SUPPORTED
[rviz2-7] [INFO] [1788940972.317671649] [rviz2]: OpenGl version: 4.6 (GLSL 4.6)
[spawner-4] [INFO] [1788940972.322161736] [spawner_aubo_io_controller]: Configured and activated aubo_io_controller
[spawner-3] [INFO] [1788940972.394800488] [spawner_joint_state_broadcaster]: waiting for service /controller_manager/list_controllers to become available...
[INFO] [spawner-4]: process has finished cleanly [pid 210155]
[rviz2-7] [INFO] [1788940972.485792699] [rviz2]: Stereo is NOT SUPPORTED
[rviz2-7] Warning: class_loader.impl: SEVERE WARNING!!! A namespace collision has occurred with plugin factory for class rviz_default_plugins::displays::InteractiveMarkerDisplay. New factory will OVERWRITE existing one. This situation occurs when libraries containing plugins are directly linked against an executable (the one running right now generating this message). Please separate plugins out into their own library or just don't link against the library and use either class_loader::ClassLoader/MultiLibraryClassLoader to open.
[rviz2-7]          at line 321 in /opt/ros/jazzy/include/class_loader/class_loader/class_loader_core.hpp
[peach_scene_perception_node-10] [INFO] [1788940972.768083438] [peach_scene_perception_node]: Subscribed color=/camera/color/image_raw depth=/camera/depth/image_raw info=/camera/color/camera_info slop=0.05s optical=camera_color_optical_frame output=base_link depth_scale_unit=0.25 gravity_mode=tf calib=percipio-640x480-chessboard|hand_eye:import_humble_20260128T114006
[peach_scene_perception_node-10] [INFO] [1788940972.768381261] [peach_scene_perception_node]: 目标身份记忆已启用：match_radius=0.06 m, max_targets=50, ema=0.3
[ros2-16] [INFO] [1788940972.791226394] [rosbag2_recorder]: Subscribed to topic '/peach/perception/target_observations'
[ros2-16] [INFO] [1788940972.795744191] [rosbag2_recorder]: Subscribed to topic '/peach/reconstruction/status'
[ros2-16] [INFO] [1788940972.807145152] [rosbag2_recorder]: Subscribed to topic '/peach/reconstruction/shape_hypothesis'
[peach_manipulation_node-12] [WARN] [1788940972.899258913] [peach_manipulation_node]: scan.protected_zones 丢弃畸形盒: 盒#0 存在 min>=max 的轴（空盒/退化盒），已丢弃
[ros2-16] [INFO] [1788940972.910400966] [rosbag2_recorder]: Subscribed to topic '/peach/manipulation/grasp_hypothesis'
[peach_manipulation_node-12] [WARN] [1788940972.923369730] [rcl.logging_rosout]: Publisher already registered for node name: 'peach_manipulation_node'. If this is due to multiple nodes with the same name then all logs for the logger named 'peach_manipulation_node' will go out over the existing publisher. As soon as any node with that name is destructed it will unregister the publisher, preventing any further logs for that name from being published on the rosout topic.
[peach_manipulation_node-12] [INFO] [1788940972.934391061] [peach_manipulation_node.moveit.ros.rdf_loader]: Loaded robot model in 0.00265919 seconds
[peach_manipulation_node-12] [INFO] [1788940972.934438015] [peach_manipulation_node.moveit.core.robot_model]: Loading robot model 'aubo_e5'...
[peach_manipulation_node-12] [INFO] [1788940972.934445747] [peach_manipulation_node.moveit.core.robot_model]: No root/virtual joint specified in SRDF. Assuming fixed joint
[peach_manipulation_node-12] [INFO] [1788940972.970327098] [peach_manipulation_node.moveit.kinematics.kdl_kinematics_plugin]: Joint weights for group 'manipulator_e5': 1 1 1 1 1 1
[peach_manipulation_node-12] [INFO] [1788940972.984121065] [peach_manipulation_node.moveit.ros.move_group_interface]: Ready to take commands for planning group manipulator_e5.
[peach_manipulation_node-12] [INFO] [1788940972.984155140] [peach_manipulation_node]: 主动视觉靠近节点 ready: group=manipulator_e5 base=base_link tip=tcp camera=camera_depth_optical_frame execution=plan_only grasp=disabled
[peach_manipulation_node-12] [INFO] [1788940972.984367523] [peach_manipulation_node]: [IDLE] 已配置；activate 后才开放运动输出权限
[ros2-16] [INFO] [1788940972.996429110] [rosbag2_recorder]: Subscribed to topic '/peach_executor/state'
[ros2-16] [INFO] [1788940972.999708546] [rosbag2_recorder]: Subscribed to topic '/peach_executor/events'
[ros2-16] [INFO] [1788940973.002858779] [rosbag2_recorder]: Subscribed to topic '/peach_executor/scene_snapshot'
[ros2-16] [INFO] [1788940973.002889660] [rosbag2_recorder]: All requested topics are subscribed. Stopping discovery...
[ros2-16] [INFO] [1788940973.002892781] [rosbag2_recorder]: Topics discovery stopped.
[peach_executor-14] [INFO] [1788940973.041723946] [peach_executor]: task executor configured; will not auto-start harvest
[peach_scene_perception_node-10] [INFO] [1788940973.043296946] [peach_scene_perception_node]: perception Active：开始处理 RGB-D
[peach_target_reconstruction_node-11] [INFO] [1788940973.048569319] [peach_target_reconstruction_node]: reconstruction Active：开始积分
[peach_manipulation_node-12] [INFO] [1788940973.050585580] [peach_manipulation_node]: 节点已激活：运动输出权限开放
[peach_lifecycle_manager-15] [INFO] [1788940973.059479303] [peach_lifecycle_manager]: managed nodes Active（仍须显式 RunHarvest）
[component_container-8] [WARN] [1788940974.976650331] [GIGE2_0]: Failed to load default parameters, some parameters cannot be loaded properly!
[component_container-8] [INFO] [1788940974.977371561] [percipio_device]: color stream: 
[component_container-8] [INFO] [1788940974.977379513] [percipio_device]:         yuyv 2560x1920 2560x1920
[component_container-8] [INFO] [1788940974.977381176] [percipio_device]:         yuyv 1920x1440 1920x1440
[component_container-8] [INFO] [1788940974.977382166] [percipio_device]:         yuyv 1280x960 1280x960
[component_container-8] [INFO] [1788940974.977383196] [percipio_device]:         yuyv 640x480 640x480
[component_container-8] [INFO] [1788940974.977384106] [percipio_device]:         CSI BAYER12GR_2560x1920 2560x1920
[component_container-8] [INFO] [1788940974.977397399] [percipio_device]: depth stream: 
[component_container-8] [INFO] [1788940974.977398660] [percipio_device]:         DEPTH16_640x480 640x480
[component_container-8] [INFO] [1788940974.977399600] [percipio_device]:         DEPTH16_1280x960 1280x960
[component_container-8] [INFO] [1788940974.977400585] [percipio_device]:         DEPTH16_320x240 320x240
[component_container-8] [INFO] [1788940974.977404559] [percipio_device]: left-IR stream: 
[component_container-8] [INFO] [1788940974.977405751] [percipio_device]:         mono8 1280x960 1280x960
[component_container-8] [INFO] [1788940974.977409885] [percipio_device]: right-IR stream: 
[component_container-8] [INFO] [1788940974.977411050] [percipio_device]:         mono8 1280x960 1280x960
[component_container-8] [INFO] [1788940974.977423008] [GIGE2_0]: Depth distortion calib data check ret: 0(0)
[component_container-8] [INFO] [1788940974.977433396] [camera.camera]: Serial number:  207000152740
[component_container-8] [INFO] [1788940974.977451318] [camera.camera]: Model name:     PS800-E1
[component_container-8] [INFO] [1788940974.977453305] [camera.camera]: Build hash:     model:AP03B04-019PS80X_X_X_F107_XXL15_DVP_DF64_FC6;rtl:R0.2.6_0_g26e2cbc085;kernel:R3.13.77-0-gc484756878;tycam:R3.6.49-86ae766a;gevcam:R3.13.77-0-gd613cccf
[component_container-8] [INFO] [1788940974.977455704] [camera.camera]: Config version: r3.16.0-93f90f979a45de38f604fe0b207cb8712a39e7db
[component_container-8] Tue Oct 8 08:46:25 UTC 2024
[component_container-8] [INFO] [1788940974.978870591] [percipio_camera_node]: color camera_info override loaded from /home/mu/Desktop/aubo_e5_jazzy_ws/install/percipio_camera/share/percipio_camera/config/color_camera_info.yaml (camera_name=camera_color)
[component_container-8] [INFO] [1788940974.980659455] [percipio_device]: Set stream mode(Depth): DEPTH16_640x480 640x480
[component_container-8] [INFO] [1788940974.980678715] [percipio_device]: Depth stream scale unit: 0.25
[component_container-8] [INFO] [1788940974.982218706] [percipio_device]: Set stream mode(Texture): yuyv 640x480 640x480
[component_container-8] [INFO] [1788940975.224232645] [percipio_device]: Device now work at continuous mode.
[INFO] [launch_ros.actions.load_composable_nodes]: Loaded node '/camera/camera' in container '/camera/camera_container'
[ros2_control_node-2] [INFO] [1788940975.398401897] [controller_manager]: Loading controller : 'joint_state_broadcaster' of type 'joint_state_broadcaster/JointStateBroadcaster'
[ros2_control_node-2] [INFO] [1788940975.398432186] [controller_manager]: Loading controller 'joint_state_broadcaster'
[ros2_control_node-2] [INFO] [1788940975.399965887] [controller_manager]: Controller 'joint_state_broadcaster' node arguments: --ros-args --params-file /tmp/launch_params_9dgia84p --params-file /home/mu/Desktop/aubo_e5_jazzy_ws/install/aubo_e5_bringup/share/aubo_e5_bringup/config/controllers.yaml 
[spawner-3] [INFO] [1788940975.407028443] [spawner_joint_state_broadcaster]: Loaded joint_state_broadcaster
[ros2_control_node-2] [INFO] [1788940975.407854510] [controller_manager]: Configuring controller: 'joint_state_broadcaster'
[ros2_control_node-2] [INFO] [1788940975.407903764] [joint_state_broadcaster]: 'joints' or 'interfaces' parameter is empty. All available state interfaces will be published
[ros2_control_node-2] [INFO] [1788940975.412565076] [controller_manager]: Activating controllers: [ joint_state_broadcaster ]
[ros2_control_node-2] [INFO] [1788940975.416514844] [controller_manager]: Successfully switched controllers!
[spawner-3] [INFO] [1788940975.422211527] [spawner_joint_state_broadcaster]: Configured and activated joint_state_broadcaster
[INFO] [spawner-3]: process has finished cleanly [pid 210154]
[rviz2-7] [ERROR] [1788940975.563841741] [moveit_208670256.moveit.ros.motion_planning_frame]: Action server: /recognize_objects not available
[rviz2-7] [INFO] [1788940975.574274585] [moveit_208670256.moveit.ros.motion_planning_frame]: MoveGroup namespace changed: / -> . Reloading params.
[rviz2-7] [INFO] [1788940975.583735693] [rviz]: Subscribing to: /peach/perception/single_cloud
[rviz2-7] 
[rviz2-7] [INFO] [1788940975.584214513] [rviz]: Subscribing to: /peach/reconstruction/tsdf_cloud
[rviz2-7] 
[rviz2-7] [INFO] [1788940975.584744769] [rviz]: Subscribing to: /peach/reconstruction/tsdf_cloud
[rviz2-7] 
[rviz2-7] [INFO] [1788940975.585206720] [rviz]: Subscribing to: /peach/reconstruction/tsdf_cloud
[rviz2-7] 
[rviz2-7] [INFO] [1788940975.599488399] [rviz]: Subscribing to: /peach/perception/single_cloud
[rviz2-7] 
[rviz2-7] [INFO] [1788940975.599769084] [rviz]: Subscribing to: /peach/reconstruction/tsdf_cloud
[rviz2-7] 
[rviz2-7] [INFO] [1788940975.642656070] [moveit_208670256.moveit.ros.rdf_loader]: Loaded robot model in 0.00252701 seconds
[rviz2-7] [INFO] [1788940975.642700658] [moveit_208670256.moveit.core.robot_model]: Loading robot model 'aubo_e5'...
[rviz2-7] [INFO] [1788940975.642710840] [moveit_208670256.moveit.core.robot_model]: No root/virtual joint specified in SRDF. Assuming fixed joint
[rviz2-7] [INFO] [1788940975.681484262] [moveit_208670256.moveit.kinematics.kdl_kinematics_plugin]: Joint weights for group 'manipulator_e5': 1 1 1 1 1 1
[rviz2-7] [INFO] [1788940975.797420530] [moveit_208670256.moveit.ros.planning_scene_monitor]: Publishing maintained planning scene on 'monitored_planning_scene'
[rviz2-7] [INFO] [1788940975.818885217] [rviz2]: Stereo is NOT SUPPORTED
[rviz2-7] [INFO] [1788940975.826650587] [moveit_208670256.moveit.ros.planning_scene_monitor]: Starting planning scene monitor
[rviz2-7] [INFO] [1788940975.827112664] [moveit_208670256.moveit.ros.planning_scene_monitor]: Listening to '/monitored_planning_scene'
[rviz2-7] [INFO] [1788940975.918284809] [interactive_marker_display_97169281213552]: Connected on namespace: /rviz_moveit_motion_planning_display/robot_interaction_interactive_marker_topic
[rviz2-7] [INFO] [1788940975.921772699] [moveit_208670256.moveit.ros.motion_planning_frame]: group manipulator_e5
[rviz2-7] [INFO] [1788940975.921791146] [moveit_208670256.moveit.ros.motion_planning_frame]: Constructing new MoveGroup connection for group 'manipulator_e5' in namespace ''
[rviz2-7] [INFO] [1788940975.929678731] [moveit_208670256.moveit.ros.move_group_interface]: Ready to take commands for planning group manipulator_e5.
[rviz2-7] [INFO] [1788940975.939947778] [interactive_marker_display_97169281213552]: Sending request for interactive markers
[rviz2-7] [INFO] [1788940975.972327229] [interactive_marker_display_97169281213552]: Service response received for initialization
[peach_scene_perception_node-10] [INFO] [1788940976.042139484] [peach_scene_perception_node]: CameraInfo K fx=466.175 fy=465.557 cx=326.071 cy=244.789 640x480
[component_container-8] 1788940971743 (2026-09-09 16:02:51) Update interface list
[component_container-8] 1788940971744 (2026-09-09 16:02:51) Got 4 interface list
[component_container-8] 1788940971744 (2026-09-09 16:02:51) Found interface 0:
[component_container-8] 1788940971744 (2026-09-09 16:02:51)   name: Dpb
[component_container-8] 1788940971744 (2026-09-09 16:02:51)   id:   usb-dpb
[component_container-8] 1788940971744 (2026-09-09 16:02:51)   type: 0x2
[component_container-8] 1788940971744 (2026-09-09 16:02:51) Found interface 1:
[component_container-8] 1788940971744 (2026-09-09 16:02:51)   name: eth-fc:9d:05:6c:6f:a0
[component_container-8] 1788940971744 (2026-09-09 16:02:51)   id:   eth-fc:9d:05:6c:6f:a00b0afea9
[component_container-8] 1788940971744 (2026-09-09 16:02:51)   type: 0x4
[component_container-8] 1788940971744 (2026-09-09 16:02:51)     MAC: fc:9d:05:6c:6f:a0
[component_container-8] 1788940971744 (2026-09-09 16:02:51)     ip: 169.254.10.11
[component_container-8] 1788940971744 (2026-09-09 16:02:51)     netmask: 255.255.0.0
[component_container-8] 1788940971744 (2026-09-09 16:02:51)     gateway: 
[component_container-8] 1788940971744 (2026-09-09 16:02:51)     broadcast: 169.254.255.255
[component_container-8] 1788940971744 (2026-09-09 16:02:51) Found interface 2:
[component_container-8] 1788940971744 (2026-09-09 16:02:51)   name: eth-ec:3a:56:0c:7b:24
[component_container-8] 1788940971744 (2026-09-09 16:02:51)   id:   eth-ec:3a:56:0c:7b:245a02a8c0
[component_container-8] 1788940971744 (2026-09-09 16:02:51)   type: 0x4
[component_container-8] 1788940971744 (2026-09-09 16:02:51)     MAC: ec:3a:56:0c:7b:24
[component_container-8] 1788940971744 (2026-09-09 16:02:51)     ip: 192.168.2.90
[component_container-8] 1788940971744 (2026-09-09 16:02:51)     netmask: 255.255.255.0
[component_container-8] 1788940971744 (2026-09-09 16:02:51)     gateway: 
[component_container-8] 1788940971744 (2026-09-09 16:02:51)     broadcast: 192.168.2.255
[component_container-8] 1788940971744 (2026-09-09 16:02:51) Found interface 3:
[component_container-8] 1788940971744 (2026-09-09 16:02:51)   name: eth-3e:fb:c2:05:17:4a
[component_container-8] 1788940971744 (2026-09-09 16:02:51)   id:   eth-3e:fb:c2:05:17:4a010011ac
[component_container-8] 1788940971744 (2026-09-09 16:02:51)   type: 0x4
[component_container-8] 1788940971744 (2026-09-09 16:02:51)     MAC: 3e:fb:c2:05:17:4a
[component_container-8] 1788940971744 (2026-09-09 16:02:51)     ip: 172.17.0.1
[component_container-8] 1788940971744 (2026-09-09 16:02:51)     netmask: 255.255.0.0
[component_container-8] 1788940971744 (2026-09-09 16:02:51)     gateway: 
[component_container-8] 1788940971744 (2026-09-09 16:02:51)     broadcast: 172.17.255.255
[component_container-8] 1788940974760 (2026-09-09 16:02:54) *** Select 207000152740 on eth-fc:9d:05:6c:6f:a00b0afea9, ip 169.254.10.110
[component_container-8] 1788940974977 (2026-09-09 16:02:54) ===                       : entry count 5
[component_container-8] 1788940974977 (2026-09-09 16:02:54) ===                       : entry count 3
[component_container-8] 1788940974977 (2026-09-09 16:02:54) ===                       : entry count 1
[component_container-8] 1788940974977 (2026-09-09 16:02:54) ===                       : entry count 1
[ros2_control_node-2] 09/09/2026 16:02:51,749 [140516299803712] [INFO ] - log4cplus started.
[ros2_control_node-2] 09/09/2026 16:02:51,749 [140516299803712] [INFO ] - sdk log: Connect robot server success.
[ros2_control_node-2] 09/09/2026 16:02:51,780 [140516299803712] [INFO ] - sdk log: set dhparam success. type:0, DhParam:0.408000,0.376000,0.098500,0.121500,0.102500,0.094000
[ros2_control_node-2] 09/09/2026 16:02:51,780 [140516299803712] [INFO ] - sdk log: login  success.
[ros2_control_node-2] 09/09/2026 16:02:51,789 [140516299803712] [INFO ] - sdk log: enable joint6 360.
[ros2_control_node-2] 09/09/2026 16:02:51,789 [140516299803712] [INFO ] - sdk log: login completed, set joint6 retate 360 falg success. joint6Rot360Enable=1
[ros2_control_node-2] 09/09/2026 16:02:51,790 [140516299803712] [INFO ] - sdk log: Connect robot server success.
[ros2_control_node-2] 09/09/2026 16:02:51,820 [140516299803712] [INFO ] - sdk log: login  success.
[ros2_control_node-2] 09/09/2026 16:02:51,829 [140516299803712] [INFO ] - sdk log: enable joint6 360.
[ros2_control_node-2] 09/09/2026 16:02:51,829 [140516299803712] [INFO ] - sdk log: login completed, set joint6 retate 360 falg success. joint6Rot360Enable=1
[ros2_control_node-2] 09/09/2026 16:02:51,905 [140516299803712] [ERROR] - sdk log: Response return false. cmd Type:CommunicationType_EnterTcp2CanbusMode  errorCode:10023
[peach_scene_perception_node-10] [WARN] [1788940976.548957256] [peach_scene_perception_node]: TF base_link←camera_color_optical_frame 按 stamp 失败，已用最新 TF（确认 extrinsics_publisher 已启动）
[peach_scene_perception_node-10] /home/mu/Desktop/aubo_e5_jazzy_ws/aubo_py3.12/lib/python3.12/site-packages/matplotlib/projections/__init__.py:63: UserWarning: Unable to import Axes3D. This may be due to multiple versions of Matplotlib being installed (e.g. as a system package and as a pip package). As a result, the 3D projection is not available.
[peach_scene_perception_node-10]   warnings.warn("Unable to import Axes3D. This may be due to multiple versions of "
[peach_scene_perception_node-10] [INFO] [1788940978.982399659] [peach_scene_perception_node]: 目标注册表在册 3 个目标（累计注册 3、累计命中 0）
[component_container-8] [INFO] [1788940981.345105265] [percipio_device]: fps = 2.43036
[component_container-8] [INFO] [1788940987.109738383] [percipio_device]: fps = 2.42809
[peach_scene_perception_node-10] [INFO] [1788940989.033401100] [peach_scene_perception_node]: 目标注册表在册 4 个目标（累计注册 4、累计命中 56）
[component_container-8] [INFO] [1788940992.877411064] [percipio_device]: fps = 2.42854
[component_container-8] [INFO] [1788940998.645685117] [percipio_device]: fps = 2.42764
[peach_scene_perception_node-10] [INFO] [1788940999.360124768] [peach_scene_perception_node]: 目标注册表在册 4 个目标（累计注册 5、累计命中 128）
[component_container-8] [INFO] [1788941004.414180630] [percipio_device]: fps = 2.42537
[peach_scene_perception_node-10] [INFO] [1788941009.689335190] [peach_scene_perception_node]: 目标注册表在册 4 个目标（累计注册 5、累计命中 203）
[component_container-8] [INFO] [1788941010.185666954] [percipio_device]: fps = 2.42673
[component_container-8] [INFO] [1788941015.953824219] [percipio_device]: fps = 2.42628
[peach_scene_perception_node-10] [INFO] [1788941020.090257299] [peach_scene_perception_node]: 目标注册表在册 4 个目标（累计注册 5、累计命中 278）
[component_container-8] [INFO] [1788941021.724298638] [percipio_device]: fps = 2.42673
[component_container-8] [INFO] [1788941027.488000002] [percipio_device]: fps = 2.42809
[peach_scene_perception_node-10] [INFO] [1788941030.323535213] [peach_scene_perception_node]: 目标注册表在册 4 个目标（累计注册 5、累计命中 353）
[component_container-8] [INFO] [1788941033.256015464] [percipio_device]: fps = 2.42854
[component_container-8] [INFO] [1788941039.022160480] [percipio_device]: fps = 2.42854
[peach_scene_perception_node-10] [INFO] [1788941040.543592046] [peach_scene_perception_node]: 目标注册表在册 4 个目标（累计注册 5、累计命中 428）
[component_container-8] [INFO] [1788941044.797211662] [percipio_device]: fps = 2.42583
[component_container-8] [INFO] [1788941050.563537746] [percipio_device]: fps = 2.42537
[peach_scene_perception_node-10] [INFO] [1788941050.846062893] [peach_scene_perception_node]: 目标注册表在册 4 个目标（累计注册 5、累计命中 503）
[component_container-8] [INFO] [1788941056.333222022] [percipio_device]: fps = 2.42492
[peach_scene_perception_node-10] [INFO] [1788941061.164293143] [peach_scene_perception_node]: 目标注册表在册 4 个目标（累计注册 5、累计命中 578）
[component_container-8] [INFO] [1788941062.099478718] [percipio_device]: fps = 2.42764
[component_container-8] [INFO] [1788941067.863995818] [percipio_device]: fps = 2.42854
[peach_scene_perception_node-10] [INFO] [1788941071.437168033] [peach_scene_perception_node]: 目标注册表在册 5 个目标（累计注册 6、累计命中 659）
[component_container-8] [INFO] [1788941073.631070077] [percipio_device]: fps = 2.42854
[component_container-8] [INFO] [1788941079.405694763] [percipio_device]: fps = 2.42447
[peach_scene_perception_node-10] [INFO] [1788941081.843547422] [peach_scene_perception_node]: 目标注册表在册 5 个目标（累计注册 6、累计命中 735）
[component_container-8] [INFO] [1788941085.174184511] [percipio_device]: fps = 2.42673
[component_container-8] [INFO] [1788941090.945655513] [percipio_device]: fps = 2.42628
[peach_scene_perception_node-10] [INFO] [1788941092.027014101] [peach_scene_perception_node]: 目标注册表在册 5 个目标（累计注册 6、累计命中 810）
[component_container-8] [INFO] [1788941096.711290712] [percipio_device]: fps = 2.42673
[peach_scene_perception_node-10] [INFO] [1788941102.350250639] [peach_scene_perception_node]: 目标注册表在册 5 个目标（累计注册 6、累计命中 882）
[component_container-8] [INFO] [1788941102.478208799] [percipio_device]: fps = 2.42854
[component_container-8] [INFO] [1788941108.245469477] [percipio_device]: fps = 2.42718
[peach_scene_perception_node-10] [INFO] [1788941112.647276014] [peach_scene_perception_node]: 目标注册表在册 5 个目标（累计注册 6、累计命中 954）
[component_container-8] [INFO] [1788941114.014184035] [percipio_device]: fps = 2.42718
[component_container-8] [INFO] [1788941119.788204224] [percipio_device]: fps = 2.42356
[peach_scene_perception_node-10] [INFO] [1788941122.972490481] [peach_scene_perception_node]: 目标注册表在册 5 个目标（累计注册 6、累计命中 1026）
[component_container-8] [INFO] [1788941125.556080736] [percipio_device]: fps = 2.42628
[component_container-8] [INFO] [1788941131.320780586] [percipio_device]: fps = 2.42809
[peach_scene_perception_node-10] [INFO] [1788941133.000133092] [peach_scene_perception_node]: 目标注册表在册 5 个目标（累计注册 6、累计命中 1095）
[component_container-8] [INFO] [1788941137.090743275] [percipio_device]: fps = 2.42809
[component_container-8] [INFO] [1788941142.863315110] [percipio_device]: fps = 2.42628
[peach_scene_perception_node-10] [INFO] [1788941143.152808783] [peach_scene_perception_node]: 目标注册表在册 5 个目标（累计注册 6、累计命中 1170）
[component_container-8] [INFO] [1788941148.626992810] [percipio_device]: fps = 2.42673
[peach_scene_perception_node-10] [INFO] [1788941153.418938879] [peach_scene_perception_node]: 目标注册表在册 5 个目标（累计注册 6、累计命中 1245）
[component_container-8] [INFO] [1788941154.399920624] [percipio_device]: fps = 2.42356
[component_container-8] [INFO] [1788941160.166814000] [percipio_device]: fps = 2.42628
[peach_scene_perception_node-10] [INFO] [1788941163.808041934] [peach_scene_perception_node]: 目标注册表在册 5 个目标（累计注册 6、累计命中 1317）
[component_container-8] [INFO] [1788941165.937997516] [percipio_device]: fps = 2.42718
[component_container-8] [INFO] [1788941171.698112793] [percipio_device]: fps = 2.43082
[peach_scene_perception_node-10] [INFO] [1788941174.083845719] [peach_scene_perception_node]: 目标注册表在册 5 个目标（累计注册 6、累计命中 1392）
[component_container-8] [INFO] [1788941177.468442625] [percipio_device]: fps = 2.42764
[peach_target_reconstruction_node-11] [WARN] [1788941179.459182183] [peach_target_reconstruction_node]: 重建 worker 队列已满，拒绝新帧以保持积分顺序
[component_container-8] [INFO] [1788941183.239668113] [percipio_device]: fps = 2.42583
[peach_scene_perception_node-10] [INFO] [1788941184.468957519] [peach_scene_perception_node]: 目标注册表在册 5 个目标（累计注册 6、累计命中 1467）
[peach_manipulation_node-12] [WARN] [1788941187.519860751] [peach_manipulation_node]: scan.protected_zones 丢弃畸形盒: 盒#0 存在 min>=max 的轴（空盒/退化盒），已丢弃
[peach_manipulation_node-12] [WARN] [1788941188.771085637] [peach_manipulation_node]: scan.protected_zones 丢弃畸形盒: 盒#0 存在 min>=max 的轴（空盒/退化盒），已丢弃
[component_container-8] [INFO] [1788941189.008626216] [percipio_device]: fps = 2.42356
[peach_manipulation_node-12] [WARN] [1788941192.678349676] [peach_manipulation_node]: scan.protected_zones 丢弃畸形盒: 盒#0 存在 min>=max 的轴（空盒/退化盒），已丢弃
[peach_scene_perception_node-10] [INFO] [1788941194.622972595] [peach_scene_perception_node]: 目标注册表在册 5 个目标（累计注册 6、累计命中 1542）
[component_container-8] [INFO] [1788941194.775384326] [percipio_device]: fps = 2.42718
[peach_manipulation_node-12] [WARN] [1788941195.354950225] [peach_manipulation_node]: scan.protected_zones 丢弃畸形盒: 盒#0 存在 min>=max 的轴（空盒/退化盒），已丢弃
[peach_manipulation_node-12] [WARN] [1788941200.288450059] [peach_manipulation_node]: scan.protected_zones 丢弃畸形盒: 盒#0 存在 min>=max 的轴（空盒/退化盒），已丢弃
[component_container-8] [INFO] [1788941200.544802194] [percipio_device]: fps = 2.429
[peach_scene_perception_node-10] [INFO] [1788941204.947240042] [peach_scene_perception_node]: 目标注册表在册 5 个目标（累计注册 6、累计命中 1617）
[component_container-8] [INFO] [1788941206.313296165] [percipio_device]: fps = 2.42718
[component_container-8] [INFO] [1788941212.082037291] [percipio_device]: fps = 2.429
[peach_scene_perception_node-10] [INFO] [1788941215.242747103] [peach_scene_perception_node]: 目标注册表在册 5 个目标（累计注册 6、累计命中 1692）
[peach_target_reconstruction_node-11] [WARN] [1788941215.512822041] [peach_target_reconstruction_node]: 重建 worker 队列已满，拒绝新帧以保持积分顺序
[peach_manipulation_node-12] [INFO] [1788941215.920343425] [peach_manipulation_node.moveit.ros.move_group_interface]: MoveGroup action client/server ready
[move_group-6] [INFO] [1788941215.920775069] [move_group.moveit.moveit.ros.move_group.move_action]: MoveGroupMoveAction: Received request
[peach_manipulation_node-12] [INFO] [1788941215.920873536] [peach_manipulation_node.moveit.ros.move_group_interface]: Planning request accepted
[move_group-6] [INFO] [1788941215.920959889] [move_group.moveit.moveit.ros.move_group.move_action]: executing..
[move_group-6] [INFO] [1788941215.921452335] [move_group.moveit.moveit.ros.move_group.move_action]: Planning request received for MoveGroup action. Forwarding to planning pipeline.
[move_group-6] [INFO] [1788941215.921466990] [move_group.moveit.moveit.ros.move_group.capability]: Using planning pipeline 'pilz_industrial_motion_planner'
[move_group-6] [INFO] [1788941215.921591426] [move_group]: Calling PlanningRequestAdapter 'ResolveConstraintFrames'
[move_group-6] [INFO] [1788941215.921606209] [move_group]: Calling PlanningRequestAdapter 'ValidateWorkspaceBounds'
[move_group-6] [WARN] [1788941215.921608941] [move_group.moveit.moveit.ros.validate_workspace_bounds]: It looks like the planning volume was not specified. Using default values.
[move_group-6] [INFO] [1788941215.921614264] [move_group]: Calling PlanningRequestAdapter 'CheckStartStateBounds'
[move_group-6] [INFO] [1788941215.921628394] [move_group]: Calling PlanningRequestAdapter 'CheckStartStateCollision'
[move_group-6] [INFO] [1788941215.921770009] [move_group.moveit.moveit.planners.pilz.trajectory_generator.ptp]: Initialized Point-to-Point Trajectory Generator.
[move_group-6] [INFO] [1788941215.921786752] [move_group]: Calling Planner 'Pilz Industrial Motion Planner'
[move_group-6] [INFO] [1788941215.921804246] [move_group.moveit.moveit.planners.pilz.trajectory_generator]: Generating PTP trajectory...
[move_group-6] [INFO] [1788941215.921853408] [move_group.moveit.moveit.planners.pilz.trajectory_generator.ptp]: Goal already reached, set one goal point explicitly.
[move_group-6] [INFO] [1788941215.921919688] [move_group]: Calling PlanningResponseAdapter 'ValidateSolution'
[move_group-6] [INFO] [1788941215.921977286] [move_group]: Calling PlanningResponseAdapter 'DisplayMotionPath'
[move_group-6] [INFO] [1788941215.922026304] [move_group.moveit.moveit.ros.move_group.move_action]: Motion plan was computed successfully.
[peach_manipulation_node-12] [INFO] [1788941215.922145393] [peach_manipulation_node.moveit.ros.move_group_interface]: Planning request complete!
[peach_manipulation_node-12] [INFO] [1788941215.923120382] [peach_manipulation_node.moveit.ros.move_group_interface]: time taken to generate plan: 7.7627e-05 seconds
[move_group-6] [INFO] [1788941215.923366699] [move_group.moveit.moveit.ros.move_group.clear_octomap_service]: Execution request received
[peach_manipulation_node-12] [INFO] [1788941215.923376737] [peach_manipulation_node.moveit.ros.move_group_interface]: Execute request accepted
[move_group-6] [INFO] [1788941215.923400568] [move_group.moveit.moveit.plugins.simple_controller_manager]: Returned 1 controllers in list
[move_group-6] [INFO] [1788941215.923414123] [move_group.moveit.moveit.plugins.simple_controller_manager]: Returned 1 controllers in list
[move_group-6] [INFO] [1788941215.923481625] [move_group.moveit.moveit.ros.trajectory_execution_manager]: Validating trajectory with allowed_start_tolerance 0.15
[move_group-6] [INFO] [1788941215.926435535] [move_group.moveit.moveit.ros.trajectory_execution_manager]: Starting trajectory execution ...
[move_group-6] [INFO] [1788941215.926458503] [move_group.moveit.moveit.plugins.simple_controller_manager]: Returned 1 controllers in list
[move_group-6] [INFO] [1788941215.926468507] [move_group.moveit.moveit.plugins.simple_controller_manager]: Returned 1 controllers in list
[move_group-6] [INFO] [1788941215.926641623] [moveit.simple_controller_manager.follow_joint_trajectory_controller_handle]: sending trajectory to aubo_passthrough_trajectory_controller
[ros2_control_node-2] [INFO] [1788941215.927103934] [aubo_passthrough_trajectory_controller]: Received new trajectory.
[move_group-6] [INFO] [1788941215.927213304] [moveit.simple_controller_manager.follow_joint_trajectory_controller_handle]: aubo_passthrough_trajectory_controller started execution
[move_group-6] [INFO] [1788941215.927224383] [moveit.simple_controller_manager.follow_joint_trajectory_controller_handle]: Goal request accepted!
[ros2_control_node-2] [INFO] [1788941215.927627877] [aubo_passthrough_trajectory_controller]: Accepted new trajectory with 1 points.
[ros2_control_node-2] [INFO] [1788941215.927661959] [aubo_passthrough_trajectory_controller]: Effective goal time: 0 sec
[ros2_control_node-2] [INFO] [1788941216.186375060] [aubo_passthrough_trajectory_controller]: Trajectory executed successfully (goal-hold confirmed in 0.255000 s).
[move_group-6] [INFO] [1788941216.228035977] [moveit.simple_controller_manager.follow_joint_trajectory_controller_handle]: Controller 'aubo_passthrough_trajectory_controller' successfully finished
[move_group-6] [INFO] [1788941216.241616408] [move_group.moveit.moveit.ros.trajectory_execution_manager]: Completed trajectory execution with status SUCCEEDED ...
[move_group-6] [INFO] [1788941216.241770294] [move_group.moveit.moveit.ros.move_group.clear_octomap_service]: Execution completed: SUCCEEDED
[peach_manipulation_node-12] [INFO] [1788941216.241942937] [peach_manipulation_node.moveit.ros.move_group_interface]: Execute request success!
[peach_manipulation_node-12] [INFO] [1788941216.243314365] [peach_manipulation_node.moveit.ros.current_state_monitor]: Listening to joint states on topic 'joint_states'
[component_container-8] [INFO] [1788941217.846941932] [percipio_device]: fps = 2.42854
[component_container-8] [INFO] [1788941223.617638663] [percipio_device]: fps = 2.42718
[peach_scene_perception_node-10] [INFO] [1788941225.253447507] [peach_scene_perception_node]: 目标注册表在册 5 个目标（累计注册 6、累计命中 1770）
[component_container-8] [INFO] [1788941229.390246645] [percipio_device]: fps = 2.42628
[peach_target_reconstruction_node-11] [INFO] [1788941232.442933420] [peach_target_reconstruction_node]: 已清空，回 IDLE
[peach_target_reconstruction_node-11] [INFO] [1788941233.719893982] [peach_target_reconstruction_node]: BuildTargetModel 强制开始：开始重建，绑定目标 target_5
[peach_manipulation_node-12] [INFO] [1788941233.722201116] [peach_manipulation_node]: [PLAN_OBSERVATION] 生成目标导向主动视点
[peach_manipulation_node-12] [INFO] [1788941233.722399455] [peach_manipulation_node]: [WAIT_FRAME] 当前位采帧，不环绕
[peach_target_reconstruction_node-11] [WARN] [1788941233.736570813] [peach_target_reconstruction_node]: 自动采帧跳过 [missing_mask]：缺少所选 target_id 的同时间戳掩膜
[peach_target_reconstruction_node-11] [WARN] [1788941234.779895829] [peach_target_reconstruction_node]: 自动采帧跳过 [missing_mask]：缺少所选 target_id 的同时间戳掩膜
[component_container-8] [INFO] [1788941235.159030206] [percipio_device]: fps = 2.42673
[peach_scene_perception_node-10] [INFO] [1788941235.601493875] [peach_scene_perception_node]: 目标注册表在册 5 个目标（累计注册 6、累计命中 1822）
[peach_target_reconstruction_node-11] [WARN] [1788941235.990358725] [peach_target_reconstruction_node]: 自动采帧跳过 [missing_mask]：缺少所选 target_id 的同时间戳掩膜
[peach_manipulation_node-12] [WARN] [1788941236.243168642] [peach_manipulation_node]: 当前位采帧未完成，将做一次短 PTP 接近
[peach_manipulation_node-12] [INFO] [1788941236.243314919] [peach_manipulation_node]: 目标观测暂陈旧，凭记忆锚点执行获取性移动
[peach_manipulation_node-12] [INFO] [1788941236.243349163] [peach_manipulation_node]: [MOVE_TO_VIEW] see_a1_e0_r0 score=0.266445 travel=0.150000m
[peach_manipulation_node-12] [INFO] [1788941236.243520478] [peach_manipulation_node.moveit.ros.move_group_interface]: MoveGroup action client/server ready
[move_group-6] [INFO] [1788941236.243813297] [move_group.moveit.moveit.ros.move_group.move_action]: MoveGroupMoveAction: Received request
[peach_manipulation_node-12] [INFO] [1788941236.243906481] [peach_manipulation_node.moveit.ros.move_group_interface]: Planning request accepted
[move_group-6] [INFO] [1788941236.244033731] [move_group.moveit.moveit.ros.move_group.move_action]: executing..
[move_group-6] [INFO] [1788941236.246703032] [move_group.moveit.moveit.ros.move_group.move_action]: Planning request received for MoveGroup action. Forwarding to planning pipeline.
[move_group-6] [INFO] [1788941236.246726962] [move_group.moveit.moveit.ros.move_group.capability]: Using planning pipeline 'pilz_industrial_motion_planner'
[move_group-6] [INFO] [1788941236.246836858] [move_group]: Calling PlanningRequestAdapter 'ResolveConstraintFrames'
[move_group-6] [INFO] [1788941236.246860172] [move_group]: Calling PlanningRequestAdapter 'ValidateWorkspaceBounds'
[move_group-6] [WARN] [1788941236.246863607] [move_group.moveit.moveit.ros.validate_workspace_bounds]: It looks like the planning volume was not specified. Using default values.
[move_group-6] [INFO] [1788941236.246870924] [move_group]: Calling PlanningRequestAdapter 'CheckStartStateBounds'
[move_group-6] [INFO] [1788941236.246881401] [move_group]: Calling PlanningRequestAdapter 'CheckStartStateCollision'
[move_group-6] [INFO] [1788941236.246985317] [move_group]: Calling Planner 'Pilz Industrial Motion Planner'
[move_group-6] [INFO] [1788941236.246995952] [move_group.moveit.moveit.planners.pilz.trajectory_generator]: Generating LIN trajectory...
[move_group-6] [INFO] [1788941236.247312511] [move_group.moveit.moveit.planners.pilz.trajectory_generator]: using default max_cartesian_speed: 0.250000
[move_group-6] [INFO] [1788941236.249214932] [move_group]: Calling PlanningResponseAdapter 'ValidateSolution'
[move_group-6] [INFO] [1788941236.250544488] [move_group]: Calling PlanningResponseAdapter 'DisplayMotionPath'
[move_group-6] [INFO] [1788941236.250631600] [move_group.moveit.moveit.ros.move_group.move_action]: Motion plan was computed successfully.
[peach_manipulation_node-12] [INFO] [1788941236.250834908] [peach_manipulation_node.moveit.ros.move_group_interface]: Planning request complete!
[peach_manipulation_node-12] [INFO] [1788941236.251402846] [peach_manipulation_node.moveit.ros.move_group_interface]: time taken to generate plan: 0.00215951 seconds
[move_group-6] [INFO] [1788941236.251958622] [move_group.moveit.moveit.ros.move_group.clear_octomap_service]: Execution request received
[move_group-6] [INFO] [1788941236.251986504] [move_group.moveit.moveit.plugins.simple_controller_manager]: Returned 1 controllers in list
[move_group-6] [INFO] [1788941236.251998427] [move_group.moveit.moveit.plugins.simple_controller_manager]: Returned 1 controllers in list
[move_group-6] [INFO] [1788941236.252036849] [move_group.moveit.moveit.ros.trajectory_execution_manager]: Validating trajectory with allowed_start_tolerance 0.15
[peach_manipulation_node-12] [INFO] [1788941236.252190133] [peach_manipulation_node.moveit.ros.move_group_interface]: Execute request accepted
[move_group-6] [INFO] [1788941236.256666828] [move_group.moveit.moveit.ros.trajectory_execution_manager]: Starting trajectory execution ...
[move_group-6] [INFO] [1788941236.256692461] [move_group.moveit.moveit.plugins.simple_controller_manager]: Returned 1 controllers in list
[move_group-6] [INFO] [1788941236.256703596] [move_group.moveit.moveit.plugins.simple_controller_manager]: Returned 1 controllers in list
[move_group-6] [INFO] [1788941236.256873317] [moveit.simple_controller_manager.follow_joint_trajectory_controller_handle]: sending trajectory to aubo_passthrough_trajectory_controller
[ros2_control_node-2] [INFO] [1788941236.257032601] [aubo_passthrough_trajectory_controller]: Received new trajectory.
[ros2_control_node-2] [INFO] [1788941236.257089747] [aubo_passthrough_trajectory_controller]: Accepted new trajectory with 59 points.
[ros2_control_node-2] [INFO] [1788941236.257118088] [aubo_passthrough_trajectory_controller]: Effective goal time: 0 sec
[move_group-6] [INFO] [1788941236.257128864] [moveit.simple_controller_manager.follow_joint_trajectory_controller_handle]: aubo_passthrough_trajectory_controller started execution
[move_group-6] [INFO] [1788941236.257136017] [moveit.simple_controller_manager.follow_joint_trajectory_controller_handle]: Goal request accepted!
[peach_target_reconstruction_node-11] [WARN] [1788941237.234303094] [peach_target_reconstruction_node]: 自动采帧跳过 [missing_mask]：缺少所选 target_id 的同时间戳掩膜
[peach_target_reconstruction_node-11] [WARN] [1788941238.472671696] [peach_target_reconstruction_node]: 自动采帧跳过 [missing_mask]：缺少所选 target_id 的同时间戳掩膜
[peach_target_reconstruction_node-11] [WARN] [1788941239.718044692] [peach_target_reconstruction_node]: 自动采帧跳过 [missing_mask]：缺少所选 target_id 的同时间戳掩膜
[component_container-8] [INFO] [1788941240.927203650] [percipio_device]: fps = 2.42764
[peach_target_reconstruction_node-11] [WARN] [1788941240.964463764] [peach_target_reconstruction_node]: 自动采帧跳过 [missing_mask]：缺少所选 target_id 的同时间戳掩膜
[peach_target_reconstruction_node-11] [WARN] [1788941242.185441412] [peach_target_reconstruction_node]: 自动采帧跳过 [missing_mask]：缺少所选 target_id 的同时间戳掩膜
[ros2_control_node-2] [INFO] [1788941242.271357896] [aubo_passthrough_trajectory_controller]: Trajectory executed successfully (goal-hold confirmed in 6.009986 s).
[move_group-6] [INFO] [1788941242.307297050] [moveit.simple_controller_manager.follow_joint_trajectory_controller_handle]: Controller 'aubo_passthrough_trajectory_controller' successfully finished
[move_group-6] [INFO] [1788941242.321442860] [move_group.moveit.moveit.ros.trajectory_execution_manager]: Completed trajectory execution with status SUCCEEDED ...
[move_group-6] [INFO] [1788941242.321684821] [move_group.moveit.moveit.ros.move_group.clear_octomap_service]: Execution completed: SUCCEEDED
[peach_manipulation_node-12] [INFO] [1788941242.322558351] [peach_manipulation_node.moveit.ros.move_group_interface]: Execute request success!
[peach_manipulation_node-12] [INFO] [1788941242.323396083] [peach_manipulation_node]: [WAIT_FRAME] 等待到位后新鲜目标观测与重建帧
[peach_target_reconstruction_node-11] [WARN] [1788941243.432804231] [peach_target_reconstruction_node]: 自动采帧跳过 [missing_mask]：缺少所选 target_id 的同时间戳掩膜
[peach_target_reconstruction_node-11] [WARN] [1788941244.665798396] [peach_target_reconstruction_node]: 自动采帧跳过 [missing_mask]：缺少所选 target_id 的同时间戳掩膜
[peach_manipulation_node-12] [WARN] [1788941244.995304272] [peach_manipulation_node]: 视点到达但等待新鲜目标观测超时，换下一视点
[peach_target_reconstruction_node-11] [WARN] [1788941245.890147650] [peach_target_reconstruction_node]: 自动采帧跳过 [missing_mask]：缺少所选 target_id 的同时间戳掩膜
[peach_scene_perception_node-10] [INFO] [1788941245.959416598] [peach_scene_perception_node]: 目标注册表在册 6 个目标（累计注册 7、累计命中 1832）
[component_container-8] [INFO] [1788941246.695207304] [percipio_device]: fps = 2.429
[peach_target_reconstruction_node-11] [WARN] [1788941247.126255691] [peach_target_reconstruction_node]: 自动采帧跳过 [missing_mask]：缺少所选 target_id 的同时间戳掩膜
[peach_manipulation_node-12] [INFO] [1788941247.827815626] [peach_manipulation_node]: [FAILED] 目标身份/可见性安全门失败: selected_target_stale
[peach_manipulation_node-12] [INFO] [1788941247.827857810] [peach_manipulation_node]: [FAILED] 目标身份/可见性安全门失败: selected_target_stale
[peach_manipulation_node-12] [INFO] [1788941247.939949166] [peach_manipulation_node.moveit.ros.move_group_interface]: MoveGroup action client/server ready
[move_group-6] [INFO] [1788941247.940371993] [move_group.moveit.moveit.ros.move_group.move_action]: MoveGroupMoveAction: Received request
[move_group-6] [INFO] [1788941247.940556056] [move_group.moveit.moveit.ros.move_group.move_action]: executing..
[peach_manipulation_node-12] [INFO] [1788941247.941566225] [peach_manipulation_node.moveit.ros.move_group_interface]: Planning request accepted
[move_group-6] [INFO] [1788941247.941706131] [move_group.moveit.moveit.ros.move_group.move_action]: Planning request received for MoveGroup action. Forwarding to planning pipeline.
[move_group-6] [INFO] [1788941247.941726343] [move_group.moveit.moveit.ros.move_group.capability]: Using planning pipeline 'pilz_industrial_motion_planner'
[move_group-6] [INFO] [1788941247.941786035] [move_group]: Calling PlanningRequestAdapter 'ResolveConstraintFrames'
[move_group-6] [INFO] [1788941247.941799772] [move_group]: Calling PlanningRequestAdapter 'ValidateWorkspaceBounds'
[move_group-6] [WARN] [1788941247.941802658] [move_group.moveit.moveit.ros.validate_workspace_bounds]: It looks like the planning volume was not specified. Using default values.
[move_group-6] [INFO] [1788941247.941808966] [move_group]: Calling PlanningRequestAdapter 'CheckStartStateBounds'
[move_group-6] [INFO] [1788941247.941819458] [move_group]: Calling PlanningRequestAdapter 'CheckStartStateCollision'
[move_group-6] [INFO] [1788941247.941919424] [move_group.moveit.moveit.planners.pilz.trajectory_generator.ptp]: Initialized Point-to-Point Trajectory Generator.
[move_group-6] [INFO] [1788941247.941933746] [move_group]: Calling Planner 'Pilz Industrial Motion Planner'
[move_group-6] [INFO] [1788941247.941941293] [move_group.moveit.moveit.planners.pilz.trajectory_generator]: Generating PTP trajectory...
[move_group-6] [INFO] [1788941247.942070726] [move_group]: Calling PlanningResponseAdapter 'ValidateSolution'
[move_group-6] [INFO] [1788941247.943325138] [move_group]: Calling PlanningResponseAdapter 'DisplayMotionPath'
[move_group-6] [INFO] [1788941247.943465760] [move_group.moveit.moveit.ros.move_group.move_action]: Motion plan was computed successfully.
[peach_manipulation_node-12] [INFO] [1788941247.943605778] [peach_manipulation_node.moveit.ros.move_group_interface]: Planning request complete!
[peach_manipulation_node-12] [INFO] [1788941247.944342568] [peach_manipulation_node.moveit.ros.move_group_interface]: time taken to generate plan: 0.000100923 seconds
[move_group-6] [INFO] [1788941247.944591442] [move_group.moveit.moveit.ros.move_group.clear_octomap_service]: Execution request received
[move_group-6] [INFO] [1788941247.944613249] [move_group.moveit.moveit.plugins.simple_controller_manager]: Returned 1 controllers in list
[move_group-6] [INFO] [1788941247.944622750] [move_group.moveit.moveit.plugins.simple_controller_manager]: Returned 1 controllers in list
[peach_manipulation_node-12] [INFO] [1788941247.944605657] [peach_manipulation_node.moveit.ros.move_group_interface]: Execute request accepted
[move_group-6] [INFO] [1788941247.944651794] [move_group.moveit.moveit.ros.trajectory_execution_manager]: Validating trajectory with allowed_start_tolerance 0.15
[move_group-6] [INFO] [1788941247.947196125] [move_group.moveit.moveit.ros.trajectory_execution_manager]: Starting trajectory execution ...
[move_group-6] [INFO] [1788941247.947229009] [move_group.moveit.moveit.plugins.simple_controller_manager]: Returned 1 controllers in list
[move_group-6] [INFO] [1788941247.947241550] [move_group.moveit.moveit.plugins.simple_controller_manager]: Returned 1 controllers in list
[move_group-6] [INFO] [1788941247.947413064] [moveit.simple_controller_manager.follow_joint_trajectory_controller_handle]: sending trajectory to aubo_passthrough_trajectory_controller
[move_group-6] [INFO] [1788941247.947734733] [moveit.simple_controller_manager.follow_joint_trajectory_controller_handle]: aubo_passthrough_trajectory_controller started execution
[move_group-6] [INFO] [1788941247.947740618] [moveit.simple_controller_manager.follow_joint_trajectory_controller_handle]: Goal request accepted!
[ros2_control_node-2] [INFO] [1788941247.947575848] [aubo_passthrough_trajectory_controller]: Received new trajectory.
[ros2_control_node-2] [INFO] [1788941247.947625285] [aubo_passthrough_trajectory_controller]: Accepted new trajectory with 26 points.
[ros2_control_node-2] [INFO] [1788941247.947665294] [aubo_passthrough_trajectory_controller]: Effective goal time: 0 sec
[peach_target_reconstruction_node-11] [WARN] [1788941248.369055695] [peach_target_reconstruction_node]: 自动采帧跳过 [missing_mask]：缺少所选 target_id 的同时间戳掩膜
[peach_target_reconstruction_node-11] [WARN] [1788941249.599415354] [peach_target_reconstruction_node]: 自动采帧跳过 [missing_mask]：缺少所选 target_id 的同时间戳掩膜
[peach_target_reconstruction_node-11] [INFO] [1788941250.043728452] [peach_target_reconstruction_node]: 跟随计划切换重建目标: target_5 -> （空）（放弃 COLLECTING 会话）
[ros2_control_node-2] [INFO] [1788941250.746371677] [aubo_passthrough_trajectory_controller]: Trajectory executed successfully (goal-hold confirmed in 2.795015 s).
[move_group-6] [INFO] [1788941250.747925943] [moveit.simple_controller_manager.follow_joint_trajectory_controller_handle]: Controller 'aubo_passthrough_trajectory_controller' successfully finished
[move_group-6] [INFO] [1788941250.761774279] [move_group.moveit.moveit.ros.trajectory_execution_manager]: Completed trajectory execution with status SUCCEEDED ...
[move_group-6] [INFO] [1788941250.762020939] [move_group.moveit.moveit.ros.move_group.clear_octomap_service]: Execution completed: SUCCEEDED
[peach_manipulation_node-12] [INFO] [1788941250.762169152] [peach_manipulation_node.moveit.ros.move_group_interface]: Execute request success!
[component_container-8] [INFO] [1788941252.464665068] [percipio_device]: fps = 2.42583
[peach_scene_perception_node-10] [INFO] [1788941256.011289352] [peach_scene_perception_node]: 目标注册表在册 6 个目标（累计注册 7、累计命中 1874）
[component_container-8] [INFO] [1788941258.234122890] [percipio_device]: fps = 2.42583
[peach_manipulation_node-12] [INFO] [1788941258.399745131] [peach_manipulation_node.moveit.ros.move_group_interface]: MoveGroup action client/server ready
[move_group-6] [INFO] [1788941258.400043871] [move_group.moveit.moveit.ros.move_group.move_action]: MoveGroupMoveAction: Received request
[peach_manipulation_node-12] [INFO] [1788941258.400164550] [peach_manipulation_node.moveit.ros.move_group_interface]: Planning request accepted
[move_group-6] [INFO] [1788941258.400186488] [move_group.moveit.moveit.ros.move_group.move_action]: executing..
[move_group-6] [INFO] [1788941258.405362551] [move_group.moveit.moveit.ros.move_group.move_action]: Planning request received for MoveGroup action. Forwarding to planning pipeline.
[move_group-6] [INFO] [1788941258.405388387] [move_group.moveit.moveit.ros.move_group.capability]: Using planning pipeline 'pilz_industrial_motion_planner'
[move_group-6] [INFO] [1788941258.405447693] [move_group]: Calling PlanningRequestAdapter 'ResolveConstraintFrames'
[move_group-6] [INFO] [1788941258.405462208] [move_group]: Calling PlanningRequestAdapter 'ValidateWorkspaceBounds'
[move_group-6] [WARN] [1788941258.405465206] [move_group.moveit.moveit.ros.validate_workspace_bounds]: It looks like the planning volume was not specified. Using default values.
[move_group-6] [INFO] [1788941258.405472669] [move_group]: Calling PlanningRequestAdapter 'CheckStartStateBounds'
[move_group-6] [INFO] [1788941258.405483633] [move_group]: Calling PlanningRequestAdapter 'CheckStartStateCollision'
[move_group-6] [INFO] [1788941258.405569793] [move_group.moveit.moveit.planners.pilz.trajectory_generator.ptp]: Initialized Point-to-Point Trajectory Generator.
[move_group-6] [INFO] [1788941258.405585207] [move_group]: Calling Planner 'Pilz Industrial Motion Planner'
[move_group-6] [INFO] [1788941258.405592521] [move_group.moveit.moveit.planners.pilz.trajectory_generator]: Generating PTP trajectory...
[move_group-6] [INFO] [1788941258.405613675] [move_group.moveit.moveit.planners.pilz.trajectory_generator.ptp]: Goal already reached, set one goal point explicitly.
[move_group-6] [INFO] [1788941258.405644463] [move_group]: Calling PlanningResponseAdapter 'ValidateSolution'
[move_group-6] [INFO] [1788941258.405689203] [move_group]: Calling PlanningResponseAdapter 'DisplayMotionPath'
[move_group-6] [INFO] [1788941258.405759006] [move_group.moveit.moveit.ros.move_group.move_action]: Motion plan was computed successfully.
[peach_manipulation_node-12] [INFO] [1788941258.405891344] [peach_manipulation_node.moveit.ros.move_group_interface]: Planning request complete!
[peach_manipulation_node-12] [INFO] [1788941258.406476168] [peach_manipulation_node.moveit.ros.move_group_interface]: time taken to generate plan: 3.1137e-05 seconds
[move_group-6] [INFO] [1788941258.406672906] [move_group.moveit.moveit.ros.move_group.clear_octomap_service]: Execution request received
[peach_manipulation_node-12] [INFO] [1788941258.406684460] [peach_manipulation_node.moveit.ros.move_group_interface]: Execute request accepted
[move_group-6] [INFO] [1788941258.406693250] [move_group.moveit.moveit.plugins.simple_controller_manager]: Returned 1 controllers in list
[move_group-6] [INFO] [1788941258.406702718] [move_group.moveit.moveit.plugins.simple_controller_manager]: Returned 1 controllers in list
[move_group-6] [INFO] [1788941258.406730588] [move_group.moveit.moveit.ros.trajectory_execution_manager]: Validating trajectory with allowed_start_tolerance 0.15
[move_group-6] [INFO] [1788941258.414117860] [move_group.moveit.moveit.ros.trajectory_execution_manager]: Starting trajectory execution ...
[move_group-6] [INFO] [1788941258.414161267] [move_group.moveit.moveit.plugins.simple_controller_manager]: Returned 1 controllers in list
[move_group-6] [INFO] [1788941258.414174884] [move_group.moveit.moveit.plugins.simple_controller_manager]: Returned 1 controllers in list
[move_group-6] [INFO] [1788941258.414344194] [moveit.simple_controller_manager.follow_joint_trajectory_controller_handle]: sending trajectory to aubo_passthrough_trajectory_controller
[ros2_control_node-2] [INFO] [1788941258.414735581] [aubo_passthrough_trajectory_controller]: Received new trajectory.
[ros2_control_node-2] [INFO] [1788941258.414794825] [aubo_passthrough_trajectory_controller]: Accepted new trajectory with 1 points.
[ros2_control_node-2] [INFO] [1788941258.414813554] [aubo_passthrough_trajectory_controller]: Effective goal time: 0 sec
[move_group-6] [INFO] [1788941258.414986048] [moveit.simple_controller_manager.follow_joint_trajectory_controller_handle]: aubo_passthrough_trajectory_controller started execution
[move_group-6] [INFO] [1788941258.414993962] [moveit.simple_controller_manager.follow_joint_trajectory_controller_handle]: Goal request accepted!
[ros2_control_node-2] [INFO] [1788941258.681369298] [aubo_passthrough_trajectory_controller]: Trajectory executed successfully (goal-hold confirmed in 0.264955 s).
[move_group-6] [INFO] [1788941258.715398517] [moveit.simple_controller_manager.follow_joint_trajectory_controller_handle]: Controller 'aubo_passthrough_trajectory_controller' successfully finished
[move_group-6] [INFO] [1788941258.726565745] [move_group.moveit.moveit.ros.trajectory_execution_manager]: Completed trajectory execution with status SUCCEEDED ...
[move_group-6] [INFO] [1788941258.726992331] [move_group.moveit.moveit.ros.move_group.clear_octomap_service]: Execution completed: SUCCEEDED
[peach_manipulation_node-12] [INFO] [1788941258.727246806] [peach_manipulation_node.moveit.ros.move_group_interface]: Execute request success!
[component_container-8] [INFO] [1788941264.003810330] [percipio_device]: fps = 2.42583
[peach_scene_perception_node-10] [INFO] [1788941266.313473579] [peach_scene_perception_node]: 目标注册表在册 6 个目标（累计注册 7、累计命中 1949）
[component_container-8] [INFO] [1788941269.771426140] [percipio_device]: fps = 2.42447
[component_container-8] [INFO] [1788941275.542367620] [percipio_device]: fps = 2.42402
[peach_scene_perception_node-10] [INFO] [1788941276.642660318] [peach_scene_perception_node]: 目标注册表在册 6 个目标（累计注册 7、累计命中 2024）
[component_container-8] [INFO] [1788941281.303243261] [percipio_device]: fps = 2.42991
[peach_scene_perception_node-10] [INFO] [1788941286.885679806] [peach_scene_perception_node]: 目标注册表在册 6 个目标（累计注册 7、累计命中 2087）
[component_container-8] [INFO] [1788941287.072999075] [percipio_device]: fps = 2.42673
[component_container-8] [INFO] [1788941292.843874631] [percipio_device]: fps = 2.42673
