[INFO] [launch]: All log files can be found below /home/mu/.ros/log/2026-09-30-17-50-48-938791-mu-MS-7E34-1313868
[INFO] [launch]: Default logging verbosity is set to INFO
[INFO] [stereo_camera_node-1]: process started with pid [1313876]
[stereo_camera_node-1] [INFO] [1790761849.108009710] [camera.peach_stereo_camera_node]: color camera_info override from /home/mu/Desktop/aubo_e5_jazzy_ws/install/percipio_camera/share/percipio_camera/config/color_camera_info.yaml (camera=camera_color)
[stereo_camera_node-1] [INFO] [1790761849.114902221] [camera.peach_stereo_camera_node]: interface list: status=0 count=4
[stereo_camera_node-1] [INFO] [1790761852.129779246] [camera.peach_stereo_camera_node]: iface eth-fc:9d:05:6c:6f:a00b0afea9: 1 device(s)
[stereo_camera_node-1] [INFO] [1790761852.129887510] [camera.peach_stereo_camera_node]:   dev 207000152740 model PS800-E1 ip 169.254.10.110
[stereo_camera_node-1] [INFO] [1790761852.266260253] [camera.peach_stereo_camera_node]: open device 207000152740: status=0
[stereo_camera_node-1] [INFO] [1790761852.340431571] [camera.peach_stereo_camera_node]: rectify: R1=2.65deg f=548.9px B=62.2mm proc=640x480 numDisp=128 med=3 mode=3 tk=3
[stereo_camera_node-1] [INFO] [1790761852.341663718] [camera.peach_stereo_camera_node]: color mode set: yuyv 640x480
[stereo_camera_node-1] [INFO] [1790761859.904842977] [camera.peach_stereo_camera_node]: groups=100 published=100 rate=13.7 gps drop(stream=0 incomplete=0 nostamp=0 depth=0)
[stereo_camera_node-1] [INFO] [1790761867.105458160] [camera.peach_stereo_camera_node]: groups=200 published=200 rate=13.8 gps drop(stream=0 incomplete=0 nostamp=0 depth=0)
[stereo_camera_node-1] [INFO] [1790761874.219891883] [camera.peach_stereo_camera_node]: groups=300 published=300 rate=13.9 gps drop(stream=0 incomplete=0 nostamp=0 depth=0)
[stereo_camera_node-1] [INFO] [1790761881.925795445] [camera.peach_stereo_camera_node]: groups=400 published=400 rate=13.6 gps drop(stream=0 incomplete=0 nostamp=0 depth=0)
[stereo_camera_node-1] [INFO] [1790761889.611232208] [camera.peach_stereo_camera_node]: groups=500 published=500 rate=13.5 gps drop(stream=0 incomplete=0 nostamp=0 depth=0)
[stereo_camera_node-1] [INFO] [1790761896.787069806] [camera.peach_stereo_camera_node]: groups=600 published=600 rate=13.6 gps drop(stream=0 incomplete=0 nostamp=0 depth=0)
[stereo_camera_node-1] [INFO] [1790761903.989743072] [camera.peach_stereo_camera_node]: groups=700 published=700 rate=13.6 gps drop(stream=0 incomplete=0 nostamp=0 depth=0)
[stereo_camera_node-1] [INFO] [1790761911.228194136] [camera.peach_stereo_camera_node]: groups=800 published=800 rate=13.6 gps drop(stream=0 incomplete=0 nostamp=0 depth=0)
[stereo_camera_node-1] [INFO] [1790761918.440955456] [camera.peach_stereo_camera_node]: groups=900 published=900 rate=13.7 gps drop(stream=0 incomplete=0 nostamp=0 depth=0)
[stereo_camera_node-1] [INFO] [1790761925.587146855] [camera.peach_stereo_camera_node]: groups=1000 published=1000 rate=13.7 gps drop(stream=0 incomplete=0 nostamp=0 depth=0)
[stereo_camera_node-1] [INFO] [1790761932.777225544] [camera.peach_stereo_camera_node]: groups=1100 published=1100 rate=13.7 gps drop(stream=0 incomplete=0 nostamp=0 depth=0)
[stereo_camera_node-1] [INFO] [1790761940.012694928] [camera.peach_stereo_camera_node]: groups=1200 published=1200 rate=13.7 gps drop(stream=0 incomplete=0 nostamp=0 depth=0)
[stereo_camera_node-1] [INFO] [1790761947.244352810] [camera.peach_stereo_camera_node]: groups=1300 published=1300 rate=13.7 gps drop(stream=0 incomplete=0 nostamp=0 depth=0)
[stereo_camera_node-1] [INFO] [1790761954.313550117] [camera.peach_stereo_camera_node]: groups=1400 published=1400 rate=13.8 gps drop(stream=0 incomplete=0 nostamp=0 depth=0)
[stereo_camera_node-1] [INFO] [1790761961.583330929] [camera.peach_stereo_camera_node]: groups=1500 published=1500 rate=13.8 gps drop(stream=0 incomplete=0 nostamp=0 depth=0)
[stereo_camera_node-1] [INFO] [1790761968.798825018] [camera.peach_stereo_camera_node]: groups=1600 published=1600 rate=13.8 gps drop(stream=0 incomplete=0 nostamp=0 depth=0)
[stereo_camera_node-1] [INFO] [1790761975.990749355] [camera.peach_stereo_camera_node]: groups=1700 published=1700 rate=13.8 gps drop(stream=0 incomplete=0 nostamp=0 depth=0)
[stereo_camera_node-1] [INFO] [1790761983.169574392] [camera.peach_stereo_camera_node]: groups=1800 published=1800 rate=13.8 gps drop(stream=0 incomplete=0 nostamp=0 depth=0)
[stereo_camera_node-1] [INFO] [1790761990.440049604] [camera.peach_stereo_camera_node]: groups=1900 published=1900 rate=13.8 gps drop(stream=0 incomplete=0 nostamp=0 depth=0)
[stereo_camera_node-1] [INFO] [1790761997.657962128] [camera.peach_stereo_camera_node]: groups=2000 published=2000 rate=13.8 gps drop(stream=0 incomplete=0 nostamp=0 depth=0)
[stereo_camera_node-1] [INFO] [1790762004.912321792] [camera.peach_stereo_camera_node]: groups=2100 published=2100 rate=13.8 gps drop(stream=0 incomplete=0 nostamp=0 depth=0)
[stereo_camera_node-1] [INFO] [1790762012.119983476] [camera.peach_stereo_camera_node]: groups=2200 published=2200 rate=13.8 gps drop(stream=0 incomplete=0 nostamp=0 depth=0)
[stereo_camera_node-1] [INFO] [1790762019.246690266] [camera.peach_stereo_camera_node]: groups=2300 published=2300 rate=13.8 gps drop(stream=0 incomplete=0 nostamp=0 depth=0)
[stereo_camera_node-1] [INFO] [1790762026.451513972] [camera.peach_stereo_camera_node]: groups=2400 published=2400 rate=13.8 gps drop(stream=0 incomplete=0 nostamp=0 depth=0)
